=== collector over 5 checkpoints; sampling RSS to watch for per-checkpoint growth ===
  [mem] 13:25:13 tree_RSS_GB=0.0
  [mem] 13:25:23 tree_RSS_GB=0.4
  [mem] 13:25:33 tree_RSS_GB=8.5
  [mem] 13:25:43 tree_RSS_GB=8.5
  [mem] 13:25:53 tree_RSS_GB=8.5
  [mem] 13:26:03 tree_RSS_GB=8.4
  [mem] 13:26:13 tree_RSS_GB=8.5
  [mem] 13:26:23 tree_RSS_GB=8.6
  [mem] 13:26:33 tree_RSS_GB=8.6
  [mem] 13:26:43 tree_RSS_GB=8.6
  [mem] 13:26:53 tree_RSS_GB=8.6
  [mem] 13:27:03 tree_RSS_GB=8.9
  [mem] 13:27:13 tree_RSS_GB=8.8
  [mem] 13:27:23 tree_RSS_GB=8.9
  [mem] 13:27:33 tree_RSS_GB=41.8
  [mem] 13:27:43 tree_RSS_GB=53.8
  [mem] 13:27:53 tree_RSS_GB=77.7
  [mem] 13:28:03 tree_RSS_GB=99.0
  [mem] 13:28:13 tree_RSS_GB=77.7
  [mem] 13:28:23 tree_RSS_GB=76.4
  [mem] 13:28:33 tree_RSS_GB=76.5
  [mem] 13:28:43 tree_RSS_GB=76.4
  [mem] 13:28:53 tree_RSS_GB=76.4
  [mem] 13:29:04 tree_RSS_GB=72.6
  [mem] 13:29:14 tree_RSS_GB=72.6
  [mem] 13:29:24 tree_RSS_GB=72.6
  [mem] 13:29:34 tree_RSS_GB=72.6
  [mem] 13:29:44 tree_RSS_GB=96.6
  [mem] 13:29:54 tree_RSS_GB=29.1
  [mem] 13:30:04 tree_RSS_GB=30.1
  [mem] 13:30:14 tree_RSS_GB=29.5
  [mem] 13:30:24 tree_RSS_GB=10.6
[extract] step=62 heavy=TRUE total=305.65s | block_optim=83.83 block_curvature=6.55 block_weights=16.26 block_trajectory=3.47 block_circuits=4.62 block_interp=130.37 block_probes=47.59 block_fitness=7.44
[collector] processed run_id=plantclef__stable_evo__s42 step=62 heavy=True blocks_ok=8 blocks_err=0 t=305.645s -> KEPT(ladder,FULL latest2)
  [mem] 13:30:34 tree_RSS_GB=12.3
  [mem] 13:30:44 tree_RSS_GB=12.0
  [mem] 13:30:54 tree_RSS_GB=12.0
  [mem] 13:31:04 tree_RSS_GB=12.0
  [mem] 13:31:14 tree_RSS_GB=12.1
  [mem] 13:31:24 tree_RSS_GB=12.1
  [mem] 13:31:34 tree_RSS_GB=12.1
  [mem] 13:31:44 tree_RSS_GB=12.1
  [mem] 13:31:54 tree_RSS_GB=12.0
  [mem] 13:32:04 tree_RSS_GB=12.0
  [mem] 13:32:14 tree_RSS_GB=12.0
[extract] step=62 SKIP heavy block block_circuits (counter=1 heavy_every=3)
[extract] step=62 SKIP heavy block block_interp (counter=1 heavy_every=3)
[extract] step=62 SKIP heavy block block_probes (counter=1 heavy_every=3)
  [mem] 13:32:24 tree_RSS_GB=57.6
[extract] step=62 heavy=FALSE total=115.55s | block_optim=79.45 block_curvature=5.50 block_weights=14.13 block_trajectory=4.90 block_fitness=5.61
[collector] processed run_id=plantclef__stable_evo__s42 step=124 heavy=False blocks_ok=5 blocks_err=0 t=115.548s -> KEPT(ladder,FULL latest2)
  [mem] 13:32:34 tree_RSS_GB=12.7
  [mem] 13:32:44 tree_RSS_GB=12.7
  [mem] 13:32:54 tree_RSS_GB=12.7
  [mem] 13:33:04 tree_RSS_GB=12.7
  [mem] 13:33:14 tree_RSS_GB=12.7
  [mem] 13:33:24 tree_RSS_GB=12.7
  [mem] 13:33:34 tree_RSS_GB=12.7
  [mem] 13:33:44 tree_RSS_GB=12.7
  [mem] 13:33:54 tree_RSS_GB=12.7
  [mem] 13:34:04 tree_RSS_GB=12.7
[extract] step=62 SKIP heavy block block_circuits (counter=2 heavy_every=3)
[extract] step=62 SKIP heavy block block_interp (counter=2 heavy_every=3)
[extract] step=62 SKIP heavy block block_probes (counter=2 heavy_every=3)
  [mem] 13:34:14 tree_RSS_GB=12.7
[extract] step=62 heavy=FALSE total=107.37s | block_optim=79.42 block_curvature=4.87 block_weights=12.21 block_trajectory=1.00 block_fitness=5.55
[collector] slim: run_id=plantclef__stable_evo__s42 step=62 rewritten MODEL-ONLY (dropped optimizer + rng) -> step00000062.pt
[collector] processed run_id=plantclef__stable_evo__s42 step=186 heavy=False blocks_ok=4 blocks_err=1 t=107.37s -> KEPT(ladder,FULL latest2)
  [mem] 13:34:24 tree_RSS_GB=12.7
  [mem] 13:34:34 tree_RSS_GB=12.7
  [mem] 13:34:44 tree_RSS_GB=12.7
  [mem] 13:34:54 tree_RSS_GB=12.7
  [mem] 13:35:04 tree_RSS_GB=12.7
  [mem] 13:35:14 tree_RSS_GB=12.7
  [mem] 13:35:24 tree_RSS_GB=12.6
  [mem] 13:35:34 tree_RSS_GB=12.6
  [mem] 13:35:44 tree_RSS_GB=12.6
  [mem] 13:35:54 tree_RSS_GB=12.6
  [mem] 13:36:05 tree_RSS_GB=12.6
  [mem] 13:36:15 tree_RSS_GB=12.6
  [mem] 13:36:25 tree_RSS_GB=12.6
  [mem] 13:36:35 tree_RSS_GB=61.0
  [mem] 13:36:45 tree_RSS_GB=61.0
  [mem] 13:36:55 tree_RSS_GB=73.3
  [mem] 13:37:05 tree_RSS_GB=88.1
  [mem] 13:37:15 tree_RSS_GB=102.7
  [mem] 13:37:25 tree_RSS_GB=117.5
  [mem] 13:37:35 tree_RSS_GB=77.6
  [mem] 13:37:45 tree_RSS_GB=77.6
  [mem] 13:37:55 tree_RSS_GB=77.6
  [mem] 13:38:05 tree_RSS_GB=77.6
  [mem] 13:38:15 tree_RSS_GB=77.6
  [mem] 13:38:25 tree_RSS_GB=73.8
  [mem] 13:38:35 tree_RSS_GB=73.9
  [mem] 13:38:45 tree_RSS_GB=39.7
  [mem] 13:38:55 tree_RSS_GB=111.0
  [mem] 13:39:05 tree_RSS_GB=31.1
  [mem] 13:39:15 tree_RSS_GB=31.9
  [mem] 13:39:25 tree_RSS_GB=31.5
[extract] step=62 heavy=TRUE total=316.16s | block_optim=87.06 block_curvature=6.90 block_weights=23.85 block_trajectory=4.82 block_circuits=3.87 block_interp=136.36 block_probes=41.30 block_fitness=5.63
  [mem] 13:39:35 tree_RSS_GB=12.7
[collector] slim: run_id=plantclef__stable_evo__s42 step=124 rewritten MODEL-ONLY (dropped optimizer + rng) -> step00000124.pt
[collector] processed run_id=plantclef__stable_evo__s42 step=248 heavy=True blocks_ok=7 blocks_err=1 t=316.159s -> KEPT(ladder,FULL latest2)
  [mem] 13:39:45 tree_RSS_GB=12.7
  [mem] 13:39:55 tree_RSS_GB=12.7
  [mem] 13:40:05 tree_RSS_GB=12.7
  [mem] 13:40:15 tree_RSS_GB=12.7
  [mem] 13:40:25 tree_RSS_GB=12.7
  [mem] 13:40:35 tree_RSS_GB=12.7
  [mem] 13:40:45 tree_RSS_GB=12.7
  [mem] 13:40:55 tree_RSS_GB=12.7
  [mem] 13:41:05 tree_RSS_GB=12.7
[extract] step=62 SKIP heavy block block_circuits (counter=4 heavy_every=3)
[extract] step=62 SKIP heavy block block_interp (counter=4 heavy_every=3)
[extract] step=62 SKIP heavy block block_probes (counter=4 heavy_every=3)
[extract] step=62 heavy=FALSE total=99.66s | block_optim=72.41 block_curvature=4.87 block_weights=12.33 block_trajectory=1.02 block_fitness=5.59
  [mem] 13:41:15 tree_RSS_GB=12.7
[collector] slim: run_id=plantclef__stable_evo__s42 step=186 rewritten MODEL-ONLY (dropped optimizer + rng) -> step00000186.pt
[collector] processed run_id=plantclef__stable_evo__s42 step=310 heavy=False blocks_ok=4 blocks_err=1 t=99.664s -> KEPT(ladder,FULL latest2)
[collector] --once drained 5 checkpoint(s); exiting.
=== done; per-checkpoint extract timings ===
