================ TRAINER SMOKE ================
============================================================
PhenoVision preadapt trainer (pretraining-as-preadaptation)
============================================================
  run_id           : plantclef__stable_evo__s42
  condition        : plantclef
  variant          : stable_evo
  shared-tokenizer : mae
  seed             : 42
  output_dir       : xAI/output/preadapt_smoke/plantclef__stable_evo__s42
  epochs           : 2

Device: cuda:0
Loading data...
  [TEST MODE] Limited training to 1500 samples
  Training images: 1500
  Validation subset: 10000
  Representation subset: 1000
[preadapt_models] load_state_dict(condition='plantclef', strict=False): 4 missing, 2 unexpected. non-head-missing=['norm.weight', 'norm.bias'] unexpected=['fc_norm.weight', 'fc_norm.bias']
[preadapt_models] init_model(condition='plantclef', exact_control_tokenizer=False): 303,303,682 params (303,303,682 currently trainable, pre-freeze).
[preadapt_train] applied MAE shared input stage (patch_embed + pos_embed).

============================================================
PHASE 1: Frozen Backbone (Equalization = ecological fitting)
============================================================
  Trainable parameters (head only): 2,050

--- Phase 1, Epoch 0 ---
  Epoch 0 [0/23] loss=0.6932 lr=0.001000
  VAL step=8 val_loss=0.5612 auc_roc_mean=0.7627 auc_pr_mean=0.6015
  VAL step=16 val_loss=0.5584 auc_roc_mean=0.7983 auc_pr_mean=0.6269
  Plateau (1/1) auc_roc improvement=0.0356

*** Phase 1 converged at epoch 0, step 16 ***

PHASE_TRANSITION: step=16 epoch=0 val_loss=0.5584 auc_roc_mean=0.7983 auc_pr_mean=0.6269 (ECOLOGICAL_FITTING: auc_pr=0.6269, val_loss=0.5584)

============================================================
PHASE 2: Evolution  (variant=stable_evo)
============================================================
[preadapt_models] freeze_input_stage: froze 3 input-stage tensors.
  Phase-2 uniform lr=6.25e-05  eff_batch=32  variant=stable_evo

--- Phase 2, Epoch 1 (P2 epoch 0) ---
  [0/46] loss=0.6601 upd_norm=3.0777 disp=0.0000 sampler=0.0000 lr=0.000013
  VAL step=24 (p2=8) val_loss=0.5583 auc_pr_mean=0.6269
  VAL step=32 (p2=16) val_loss=0.5581 auc_pr_mean=0.6270
  [20/46] loss=0.5433 upd_norm=1.4418 disp=0.7529 sampler=0.0179 lr=0.000018
  VAL step=40 (p2=24) val_loss=0.5580 auc_pr_mean=0.6271
  VAL step=48 (p2=32) val_loss=0.5579 auc_pr_mean=0.6273
  VAL step=56 (p2=40) val_loss=0.5577 auc_pr_mean=0.6275
  [40/46] loss=0.4763 upd_norm=0.7533 disp=1.3178 sampler=0.0299 lr=0.000023
  EMIT ckpt step=62 reason=epoch_end on_ladder=True -> step00000062.pt

TRAINING COMPLETE: run_id=plantclef__stable_evo__s42 final_step=62 elapsed=9.6 min
================ CHECKPOINTS ================
total 8.9G
-rw-r--r-- 1 r.dinnage guralnick 1.2G Jun 16 11:54 init_model.pt
-rw-r--r-- 1 r.dinnage guralnick    0 Jun 16 11:54 init_model.pt.done
-rw-r--r-- 1 r.dinnage guralnick 1.2G Jun 16 11:54 phase1_final.pt
-rw-r--r-- 1 r.dinnage guralnick    0 Jun 16 11:54 phase1_final.pt.done
-rw-r--r-- 1 r.dinnage guralnick 6.6G Jun 16 12:02 step00000062.pt
-rw-r--r-- 1 r.dinnage guralnick    0 Jun 16 12:02 step00000062.pt.done
-rw-r--r-- 1 r.dinnage guralnick 48 Jun 16 12:02 xAI/output/preadapt_smoke/plantclef__stable_evo__s42/RUN_COMPLETE
================ COLLECTOR --once ================
[extract] step=16 heavy=TRUE total=1031.79s | block_optim=0.00 block_curvature=114.01 block_weights=52.03 block_trajectory=1.67 block_circuits=471.62 block_interp=317.81 block_probes=53.58 block_fitness=15.92
[collector] processed run_id=plantclef__stable_evo__s42 step=0 heavy=True blocks_ok=8 blocks_err=0 t=1031.791s -> KEPT(ladder,FULL latest2)
[extract] step=62 SKIP heavy block block_circuits (counter=1 heavy_every=3)
[extract] step=62 SKIP heavy block block_interp (counter=1 heavy_every=3)
[extract] step=62 SKIP heavy block block_probes (counter=1 heavy_every=3)
[extract] step=62 heavy=FALSE total=259.15s | block_optim=74.93 block_curvature=111.54 block_weights=46.09 block_trajectory=2.51 block_fitness=15.26
[collector] processed run_id=plantclef__stable_evo__s42 step=62 heavy=False blocks_ok=5 blocks_err=0 t=259.154s -> KEPT(ladder,FULL latest2)
[collector] --once drained 2 checkpoint(s); exiting.
================ VERIFY ================
PHASE-2 CHECKPOINTS: 1
  ckpt keys: ['condition', 'epoch', 'global_step', 'model_state_dict', 'optimizer_state_dict', 'param_names', 'phase', 'proj_coords', 'proj_meta', 'reason', 'rng_state', 'rng_version', 'run_id', 'seed', 'step', 'variant', 'wall_time']
  optimizer_state_dict present: True | param_names: 293
INLINE SCALAR ROWS: 3471
  ecological_fitting_auc_pr: last=0.6269  (n=1)
  frozen_embedder_drift: last=0  (n=46)
  opt_mean_exponent: last=0.5092  (n=46)
  opt_demo_T: last=1.81e-10  (n=46)
  val_auc_pr_mean: last=0.6275  (n=5)
EXTRACTION PARQUET PARTS: 2
  extraction quantities (75): ['attn_entropy', 'attn_entropy_layer_mean', 'attn_mean_distance', 'attn_mean_distance_layer_mean', 'block_seconds', 'block_skipped', 'canalization_floor_alpha_max', 'canalization_floor_alpha_min', 'canalization_floor_damping', 'canalization_floor_kappa', 'change_cos_init', 'cka_rbf_vs_init', 'cka_vs_init', 'cls_attn_concentration', 'curvature_eig_participation', 'curvature_eig_top', 'curvature_eig_topk', 'curvature_eig_trace', 'disp_from_init_global', 'effective_rank', 'emergence_depth', 'frozen_embedder_drift', 'gradcov_rank', 'gradfisher_participation', 'gradfisher_trace', 'hessian_eig_participation', 'hessian_top_eig', 'hessian_trace', 'kron_L_participation', 'kron_L_top_eig', 'kron_L_trace', 'kron_R_participation', 'kron_R_top_eig', 'kron_R_trace', 'layer_displacement', 'msd_plateau', 'net_disp_since_prev', 'ov_circuit_drift', 'ov_eff_rank', 'ov_eff_rank_layer_mean', 'ov_eig_sign_pos_frac', 'ov_eig_sign_pos_frac_layer_mean', 'ov_principal_angle_mean', 'patch_probe_acc', 'patch_probe_acc_flower', 'patch_probe_acc_fruit', 'precond_participation', 'precond_top', 'precond_trace', 'probe_acc', 'probe_acc_flower', 'probe_acc_fruit', 'proj_coords_norm', 'qk_circuit_drift', 'qk_eff_rank', 'qk_eff_rank_layer_mean', 'qk_principal_angle_mean', 'realized_exponent_max', 'realized_exponent_mean', 'realized_exponent_std', 'straightness', 'val_auc_pr_flower', 'val_auc_pr_flower_prevweighted', 'val_auc_pr_fruit', 'val_auc_pr_fruit_prevweighted', 'val_auc_pr_mean', 'val_auc_pr_mean_prevweighted', 'val_auc_roc_flower', 'val_auc_roc_flower_prevweighted', 'val_auc_roc_fruit', 'val_auc_roc_fruit_prevweighted', 'val_auc_roc_mean', 'val_auc_roc_mean_prevweighted', 'val_loss', 'velocity_autocorr']
  EXTRACT realized_exponent_mean: 0.5092
  EXTRACT hessian_top_eig: 2867
  EXTRACT frozen_embedder_drift: 0
  EXTRACT val_auc_pr_mean: 0.7642
  EXTRACT ov_eig_sign_pos_frac: 0.9177
  EXTRACT straightness: 0.1734
  EXTRACT probe_acc: 0.7598
================ SMOKE DONE ================
