Thu Jun 18 12:59:55 PM EDT 2026
host=c0706a-s16.ufhpc
pwd=/blue/guralnick/share/r.dinnage/Projects/phenovision
=== preadapt CPU collector worker 3 ===
run_dirs=xAI/output/preadapt_v2/naive__stable_evo__s42
watch_dirs=xAI/output/preadapt_v2/naive__stable_evo__s42/checkpoints
sentinels=xAI/output/preadapt_v2/naive__stable_evo__s42/RUN_COMPLETE
out_store=xAI/output/preadapt_v2/_extract_store
nthreads=8
poll=15s heavy_every=8 retention_latest_keep=2 keep_full_latest=2
train_jids=35115945
error    libmamba Could not set lock (Resource temporarily unavailable)
warning  libmamba Cannot lock '/home/r.dinnage/.cache/mamba/proc'
    Waiting for other mamba process to finish
[collector wcpu3] --once drained 0 checkpoint(s); exiting.
[collector wcpu3] --once drained 0 checkpoint(s); exiting.
[collector wcpu3] --once drained 0 checkpoint(s); exiting.
[collector wcpu3] --once drained 0 checkpoint(s); exiting.
error    libmamba Could not set lock (Resource temporarily unavailable)
warning  libmamba Cannot lock '/home/r.dinnage/.cache/mamba/proc'
    Waiting for other mamba process to finish
[collector wcpu3] --once drained 0 checkpoint(s); exiting.
[collector wcpu3] --once drained 0 checkpoint(s); exiting.
[collector wcpu3] --once drained 0 checkpoint(s); exiting.
[collector wcpu3] --once drained 0 checkpoint(s); exiting.
[collector wcpu3] --once drained 0 checkpoint(s); exiting.
error    libmamba Could not set lock (Resource temporarily unavailable)
warning  libmamba Cannot lock '/home/r.dinnage/.cache/mamba/proc'
    Waiting for other mamba process to finish
[collector wcpu3] --once drained 0 checkpoint(s); exiting.
error    libmamba Could not set lock (Resource temporarily unavailable)
warning  libmamba Cannot lock '/home/r.dinnage/.cache/mamba/proc'
    Waiting for other mamba process to finish
[collector wcpu3] --once drained 0 checkpoint(s); exiting.
[collector wcpu3] --once drained 0 checkpoint(s); exiting.
[collector wcpu3] --once drained 0 checkpoint(s); exiting.
[collector wcpu3] --once drained 0 checkpoint(s); exiting.
error    libmamba Could not set lock (Resource temporarily unavailable)
warning  libmamba Cannot lock '/home/r.dinnage/.cache/mamba/proc'
    Waiting for other mamba process to finish
[collector wcpu3] --once drained 0 checkpoint(s); exiting.
error    libmamba Could not set lock (Resource temporarily unavailable)
warning  libmamba Cannot lock '/home/r.dinnage/.cache/mamba/proc'
    Waiting for other mamba process to finish
[collector wcpu3] --once drained 0 checkpoint(s); exiting.
error    libmamba Could not set lock (Resource temporarily unavailable)
warning  libmamba Cannot lock '/home/r.dinnage/.cache/mamba/proc'
    Waiting for other mamba process to finish
[collector wcpu3] --once drained 0 checkpoint(s); exiting.
error    libmamba Could not set lock (Resource temporarily unavailable)
warning  libmamba Cannot lock '/home/r.dinnage/.cache/mamba/proc'
    Waiting for other mamba process to finish
[collector wcpu3] --once drained 0 checkpoint(s); exiting.
[collector wcpu3] --once drained 0 checkpoint(s); exiting.
[collector wcpu3] --once drained 0 checkpoint(s); exiting.
error    libmamba Could not set lock (Resource temporarily unavailable)
warning  libmamba Cannot lock '/home/r.dinnage/.cache/mamba/proc'
    Waiting for other mamba process to finish
[collector wcpu3] --once drained 0 checkpoint(s); exiting.
error    libmamba Could not set lock (Resource temporarily unavailable)
warning  libmamba Cannot lock '/home/r.dinnage/.cache/mamba/proc'
    Waiting for other mamba process to finish
[collector wcpu3] --once drained 0 checkpoint(s); exiting.
error    libmamba Could not set lock (Resource temporarily unavailable)
warning  libmamba Cannot lock '/home/r.dinnage/.cache/mamba/proc'
    Waiting for other mamba process to finish
[collector wcpu3] --once drained 0 checkpoint(s); exiting.
error    libmamba Could not set lock (Resource temporarily unavailable)
warning  libmamba Cannot lock '/home/r.dinnage/.cache/mamba/proc'
    Waiting for other mamba process to finish
error    libmamba Could not set lock (Resource temporarily unavailable)
warning  libmamba Cannot lock '/home/r.dinnage/.cache/mamba/proc'
    Waiting for other mamba process to finish
[collector wcpu3] --once drained 0 checkpoint(s); exiting.
error    libmamba Could not set lock (Resource temporarily unavailable)
warning  libmamba Cannot lock '/home/r.dinnage/.cache/mamba/proc'
    Waiting for other mamba process to finish
[collector wcpu3] --once drained 0 checkpoint(s); exiting.
error    libmamba Could not set lock (Resource temporarily unavailable)
warning  libmamba Cannot lock '/home/r.dinnage/.cache/mamba/proc'
    Waiting for other mamba process to finish
[collector wcpu3] --once drained 0 checkpoint(s); exiting.
error    libmamba Could not set lock (Resource temporarily unavailable)
warning  libmamba Cannot lock '/home/r.dinnage/.cache/mamba/proc'
    Waiting for other mamba process to finish
[collector wcpu3] --once drained 0 checkpoint(s); exiting.
[collector wcpu3] --once drained 0 checkpoint(s); exiting.
[collector wcpu3] --once drained 0 checkpoint(s); exiting.
[collector wcpu3] --once drained 0 checkpoint(s); exiting.
[collector wcpu3] --once drained 0 checkpoint(s); exiting.
warning  libmamba failed to open /home/r.dinnage/.cache/mamba/proc/199575.json
[collector wcpu3] --once drained 0 checkpoint(s); exiting.
[collector wcpu3] --once drained 0 checkpoint(s); exiting.
[collector wcpu3] --once drained 0 checkpoint(s); exiting.
error    libmamba Could not set lock (Resource temporarily unavailable)
warning  libmamba Cannot lock '/home/r.dinnage/.cache/mamba/proc'
    Waiting for other mamba process to finish
[collector wcpu3] --once drained 0 checkpoint(s); exiting.
[collector wcpu3] --once drained 0 checkpoint(s); exiting.
error    libmamba Could not set lock (Resource temporarily unavailable)
warning  libmamba Cannot lock '/home/r.dinnage/.cache/mamba/proc'
    Waiting for other mamba process to finish
[collector wcpu3] --once drained 0 checkpoint(s); exiting.
[collector wcpu3] --once drained 0 checkpoint(s); exiting.
[collector wcpu3] --once drained 0 checkpoint(s); exiting.
[collector wcpu3] --once drained 0 checkpoint(s); exiting.
[collector wcpu3] --once drained 0 checkpoint(s); exiting.
[collector wcpu3] --once drained 0 checkpoint(s); exiting.
[collector wcpu3] --once drained 0 checkpoint(s); exiting.
[collector wcpu3] --once drained 0 checkpoint(s); exiting.
[collector wcpu3] --once drained 0 checkpoint(s); exiting.
[collector wcpu3] --once drained 0 checkpoint(s); exiting.
[collector wcpu3] --once drained 0 checkpoint(s); exiting.
[collector wcpu3] --once drained 0 checkpoint(s); exiting.
[collector wcpu3] --once drained 0 checkpoint(s); exiting.
[collector wcpu3] --once drained 0 checkpoint(s); exiting.
[collector wcpu3] --once drained 0 checkpoint(s); exiting.
[collector wcpu3] --once drained 0 checkpoint(s); exiting.
[collector wcpu3] --once drained 0 checkpoint(s); exiting.
[collector wcpu3] --once drained 0 checkpoint(s); exiting.
error    libmamba Could not set lock (Resource temporarily unavailable)
warning  libmamba Cannot lock '/home/r.dinnage/.cache/mamba/proc'
    Waiting for other mamba process to finish
error    libmamba Could not set lock (Resource temporarily unavailable)
warning  libmamba Cannot lock '/home/r.dinnage/.cache/mamba/proc'
    Waiting for other mamba process to finish
[collector wcpu3] --once drained 0 checkpoint(s); exiting.
[collector wcpu3] --once drained 0 checkpoint(s); exiting.
[collector wcpu3] --once drained 0 checkpoint(s); exiting.
[collector wcpu3] --once drained 0 checkpoint(s); exiting.
[collector wcpu3] --once drained 0 checkpoint(s); exiting.
[collector wcpu3] --once drained 0 checkpoint(s); exiting.
[collector wcpu3] --once drained 0 checkpoint(s); exiting.
[collector wcpu3] --once drained 0 checkpoint(s); exiting.
[collector wcpu3] --once drained 0 checkpoint(s); exiting.
error    libmamba Could not set lock (Resource temporarily unavailable)
warning  libmamba Cannot lock '/home/r.dinnage/.cache/mamba/proc'
    Waiting for other mamba process to finish
[collector wcpu3] --once drained 0 checkpoint(s); exiting.
error    libmamba Could not set lock (Resource temporarily unavailable)
warning  libmamba Cannot lock '/home/r.dinnage/.cache/mamba/proc'
    Waiting for other mamba process to finish
[collector wcpu3] --once drained 0 checkpoint(s); exiting.
[collector wcpu3] --once drained 0 checkpoint(s); exiting.
[collector wcpu3] --once drained 0 checkpoint(s); exiting.
[collector wcpu3] --once drained 0 checkpoint(s); exiting.
[collector wcpu3] --once drained 0 checkpoint(s); exiting.
[collector wcpu3] --once drained 0 checkpoint(s); exiting.
error    libmamba Could not set lock (Resource temporarily unavailable)
warning  libmamba Cannot lock '/home/r.dinnage/.cache/mamba/proc'
    Waiting for other mamba process to finish
[collector wcpu3] --once drained 0 checkpoint(s); exiting.
[collector wcpu3] --once drained 0 checkpoint(s); exiting.
[collector wcpu3] --once drained 0 checkpoint(s); exiting.
[collector wcpu3] --once drained 0 checkpoint(s); exiting.
error    libmamba Could not set lock (Resource temporarily unavailable)
warning  libmamba Cannot lock '/home/r.dinnage/.cache/mamba/proc'
    Waiting for other mamba process to finish
[collector wcpu3] --once drained 0 checkpoint(s); exiting.
error    libmamba Could not set lock (Resource temporarily unavailable)
warning  libmamba Cannot lock '/home/r.dinnage/.cache/mamba/proc'
    Waiting for other mamba process to finish
[collector wcpu3] --once drained 0 checkpoint(s); exiting.
[collector wcpu3] --once drained 0 checkpoint(s); exiting.
[collector wcpu3] --once drained 0 checkpoint(s); exiting.
[collector wcpu3] --once drained 0 checkpoint(s); exiting.
error    libmamba Could not set lock (Resource temporarily unavailable)
warning  libmamba Cannot lock '/home/r.dinnage/.cache/mamba/proc'
    Waiting for other mamba process to finish
