run_subspace requires ['perf_full', 'perf_init'] (omit only with --selftest). Generate a grid line via xAI/py/d90/gen_d90_grid.py.
[cw0] d90 FAILED 000_mae_d100_s42.args -> failed/ (worker continues)
run_subspace requires ['perf_full', 'perf_init'] (omit only with --selftest). Generate a grid line via xAI/py/d90/gen_d90_grid.py.
[cw0] d90 FAILED 002_mae_d100_s44.args -> failed/ (worker continues)
run_subspace requires ['perf_full', 'perf_init'] (omit only with --selftest). Generate a grid line via xAI/py/d90/gen_d90_grid.py.
[cw0] d90 FAILED 004_mae_d100_s46.args -> failed/ (worker continues)
run_subspace requires ['perf_full', 'perf_init'] (omit only with --selftest). Generate a grid line via xAI/py/d90/gen_d90_grid.py.
[cw0] d90 FAILED 006_mae_d300_s43.args -> failed/ (worker continues)
run_subspace requires ['perf_full', 'perf_init'] (omit only with --selftest). Generate a grid line via xAI/py/d90/gen_d90_grid.py.
[cw0] d90 FAILED 008_mae_d300_s45.args -> failed/ (worker continues)
run_subspace requires ['perf_full', 'perf_init'] (omit only with --selftest). Generate a grid line via xAI/py/d90/gen_d90_grid.py.
[cw0] d90 FAILED 010_mae_d1000_s42.args -> failed/ (worker continues)
run_subspace requires ['perf_full', 'perf_init'] (omit only with --selftest). Generate a grid line via xAI/py/d90/gen_d90_grid.py.
[cw0] d90 FAILED 012_mae_d1000_s44.args -> failed/ (worker continues)
run_subspace requires ['perf_full', 'perf_init'] (omit only with --selftest). Generate a grid line via xAI/py/d90/gen_d90_grid.py.
[cw0] d90 FAILED 014_mae_d1000_s46.args -> failed/ (worker continues)
run_subspace requires ['perf_full', 'perf_init'] (omit only with --selftest). Generate a grid line via xAI/py/d90/gen_d90_grid.py.
[cw0] d90 FAILED 016_mae_d3000_s43.args -> failed/ (worker continues)
run_subspace requires ['perf_full', 'perf_init'] (omit only with --selftest). Generate a grid line via xAI/py/d90/gen_d90_grid.py.
[cw0] d90 FAILED 018_mae_d3000_s45.args -> failed/ (worker continues)
run_subspace requires ['perf_full', 'perf_init'] (omit only with --selftest). Generate a grid line via xAI/py/d90/gen_d90_grid.py.
[cw0] d90 FAILED 019_mae_d3000_s46.args -> failed/ (worker continues)
run_subspace requires ['perf_full', 'perf_init'] (omit only with --selftest). Generate a grid line via xAI/py/d90/gen_d90_grid.py.
[cw0] d90 FAILED 021_mae_d10000_s43.args -> failed/ (worker continues)
run_subspace requires ['perf_full', 'perf_init'] (omit only with --selftest). Generate a grid line via xAI/py/d90/gen_d90_grid.py.
[cw0] d90 FAILED 023_mae_d10000_s45.args -> failed/ (worker continues)
run_subspace requires ['perf_full', 'perf_init'] (omit only with --selftest). Generate a grid line via xAI/py/d90/gen_d90_grid.py.
[cw0] d90 FAILED 025_mae_d30000_s42.args -> failed/ (worker continues)
run_subspace requires ['perf_full', 'perf_init'] (omit only with --selftest). Generate a grid line via xAI/py/d90/gen_d90_grid.py.
[cw0] d90 FAILED 027_mae_d30000_s44.args -> failed/ (worker continues)
run_subspace requires ['perf_full', 'perf_init'] (omit only with --selftest). Generate a grid line via xAI/py/d90/gen_d90_grid.py.
[cw0] d90 FAILED 029_mae_d30000_s46.args -> failed/ (worker continues)
run_subspace requires ['perf_full', 'perf_init'] (omit only with --selftest). Generate a grid line via xAI/py/d90/gen_d90_grid.py.
[cw0] d90 FAILED 031_mae_d100000_s43.args -> failed/ (worker continues)
run_subspace requires ['perf_full', 'perf_init'] (omit only with --selftest). Generate a grid line via xAI/py/d90/gen_d90_grid.py.
[cw0] d90 FAILED 033_mae_d100000_s45.args -> failed/ (worker continues)
run_subspace requires ['perf_full', 'perf_init'] (omit only with --selftest). Generate a grid line via xAI/py/d90/gen_d90_grid.py.
[cw0] d90 FAILED 035_mae_d300000_s42.args -> failed/ (worker continues)
error    libmamba Could not set lock (Resource temporarily unavailable)
warning  libmamba Cannot lock '/home/r.dinnage/.cache/mamba/proc'
    Waiting for other mamba process to finish
run_subspace requires ['perf_full', 'perf_init'] (omit only with --selftest). Generate a grid line via xAI/py/d90/gen_d90_grid.py.
[cw0] d90 FAILED 037_mae_d300000_s44.args -> failed/ (worker continues)
run_subspace requires ['perf_full', 'perf_init'] (omit only with --selftest). Generate a grid line via xAI/py/d90/gen_d90_grid.py.
[cw0] d90 FAILED 038_mae_d300000_s45.args -> failed/ (worker continues)
run_subspace requires ['perf_full', 'perf_init'] (omit only with --selftest). Generate a grid line via xAI/py/d90/gen_d90_grid.py.
[cw0] d90 FAILED 040_plantclef_d100_s42.args -> failed/ (worker continues)
run_subspace requires ['perf_full', 'perf_init'] (omit only with --selftest). Generate a grid line via xAI/py/d90/gen_d90_grid.py.
[cw0] d90 FAILED 042_plantclef_d100_s44.args -> failed/ (worker continues)
run_subspace requires ['perf_full', 'perf_init'] (omit only with --selftest). Generate a grid line via xAI/py/d90/gen_d90_grid.py.
[cw0] d90 FAILED 044_plantclef_d100_s46.args -> failed/ (worker continues)
run_subspace requires ['perf_full', 'perf_init'] (omit only with --selftest). Generate a grid line via xAI/py/d90/gen_d90_grid.py.
[cw0] d90 FAILED 046_plantclef_d300_s43.args -> failed/ (worker continues)
run_subspace requires ['perf_full', 'perf_init'] (omit only with --selftest). Generate a grid line via xAI/py/d90/gen_d90_grid.py.
[cw0] d90 FAILED 048_plantclef_d300_s45.args -> failed/ (worker continues)
run_subspace requires ['perf_full', 'perf_init'] (omit only with --selftest). Generate a grid line via xAI/py/d90/gen_d90_grid.py.
[cw0] d90 FAILED 050_plantclef_d1000_s42.args -> failed/ (worker continues)
run_subspace requires ['perf_full', 'perf_init'] (omit only with --selftest). Generate a grid line via xAI/py/d90/gen_d90_grid.py.
[cw0] d90 FAILED 052_plantclef_d1000_s44.args -> failed/ (worker continues)
run_subspace requires ['perf_full', 'perf_init'] (omit only with --selftest). Generate a grid line via xAI/py/d90/gen_d90_grid.py.
[cw0] d90 FAILED 053_plantclef_d1000_s45.args -> failed/ (worker continues)
run_subspace requires ['perf_full', 'perf_init'] (omit only with --selftest). Generate a grid line via xAI/py/d90/gen_d90_grid.py.
[cw0] d90 FAILED 055_plantclef_d3000_s42.args -> failed/ (worker continues)
run_subspace requires ['perf_full', 'perf_init'] (omit only with --selftest). Generate a grid line via xAI/py/d90/gen_d90_grid.py.
[cw0] d90 FAILED 057_plantclef_d3000_s44.args -> failed/ (worker continues)
run_subspace requires ['perf_full', 'perf_init'] (omit only with --selftest). Generate a grid line via xAI/py/d90/gen_d90_grid.py.
error    libmamba Could not set lock (Resource temporarily unavailable)
warning  libmamba Cannot lock '/home/r.dinnage/.cache/mamba/proc'
    Waiting for other mamba process to finish
[cw0] d90 FAILED 059_plantclef_d3000_s46.args -> failed/ (worker continues)
run_subspace requires ['perf_full', 'perf_init'] (omit only with --selftest). Generate a grid line via xAI/py/d90/gen_d90_grid.py.
[cw0] d90 FAILED 061_plantclef_d10000_s43.args -> failed/ (worker continues)
run_subspace requires ['perf_full', 'perf_init'] (omit only with --selftest). Generate a grid line via xAI/py/d90/gen_d90_grid.py.
[cw0] d90 FAILED 063_plantclef_d10000_s45.args -> failed/ (worker continues)
run_subspace requires ['perf_full', 'perf_init'] (omit only with --selftest). Generate a grid line via xAI/py/d90/gen_d90_grid.py.
[cw0] d90 FAILED 065_plantclef_d30000_s42.args -> failed/ (worker continues)
run_subspace requires ['perf_full', 'perf_init'] (omit only with --selftest). Generate a grid line via xAI/py/d90/gen_d90_grid.py.
error    libmamba Could not set lock (Resource temporarily unavailable)
warning  libmamba Cannot lock '/home/r.dinnage/.cache/mamba/proc'
    Waiting for other mamba process to finish
[cw0] d90 FAILED 067_plantclef_d30000_s44.args -> failed/ (worker continues)
run_subspace requires ['perf_full', 'perf_init'] (omit only with --selftest). Generate a grid line via xAI/py/d90/gen_d90_grid.py.
[cw0] d90 FAILED 068_plantclef_d30000_s45.args -> failed/ (worker continues)
run_subspace requires ['perf_full', 'perf_init'] (omit only with --selftest). Generate a grid line via xAI/py/d90/gen_d90_grid.py.
[cw0] d90 FAILED 070_plantclef_d100000_s42.args -> failed/ (worker continues)
run_subspace requires ['perf_full', 'perf_init'] (omit only with --selftest). Generate a grid line via xAI/py/d90/gen_d90_grid.py.
[cw0] d90 FAILED 072_plantclef_d100000_s44.args -> failed/ (worker continues)
run_subspace requires ['perf_full', 'perf_init'] (omit only with --selftest). Generate a grid line via xAI/py/d90/gen_d90_grid.py.
[cw0] d90 FAILED 074_plantclef_d100000_s46.args -> failed/ (worker continues)
run_subspace requires ['perf_full', 'perf_init'] (omit only with --selftest). Generate a grid line via xAI/py/d90/gen_d90_grid.py.
[cw0] d90 FAILED 076_plantclef_d300000_s43.args -> failed/ (worker continues)
run_subspace requires ['perf_full', 'perf_init'] (omit only with --selftest). Generate a grid line via xAI/py/d90/gen_d90_grid.py.
[cw0] d90 FAILED 078_plantclef_d300000_s45.args -> failed/ (worker continues)
run_subspace requires ['perf_full', 'perf_init'] (omit only with --selftest). Generate a grid line via xAI/py/d90/gen_d90_grid.py.
[cw0] d90 FAILED 080_naive_d100_s42.args -> failed/ (worker continues)
run_subspace requires ['perf_full', 'perf_init'] (omit only with --selftest). Generate a grid line via xAI/py/d90/gen_d90_grid.py.
[cw0] d90 FAILED 082_naive_d100_s44.args -> failed/ (worker continues)
run_subspace requires ['perf_full', 'perf_init'] (omit only with --selftest). Generate a grid line via xAI/py/d90/gen_d90_grid.py.
[cw0] d90 FAILED 083_naive_d100_s45.args -> failed/ (worker continues)
run_subspace requires ['perf_full', 'perf_init'] (omit only with --selftest). Generate a grid line via xAI/py/d90/gen_d90_grid.py.
[cw0] d90 FAILED 085_naive_d300_s42.args -> failed/ (worker continues)
Traceback (most recent call last):
  File "/blue/guralnick/share/r.dinnage/Projects/phenovision/xAI/py/d90/run_subspace.py", line 656, in <module>
    main()
  File "/blue/guralnick/share/r.dinnage/Projects/phenovision/xAI/py/d90/run_subspace.py", line 651, in main
    row = run_subspace(args)
          ^^^^^^^^^^^^^^^^^^
  File "/blue/guralnick/share/r.dinnage/Projects/phenovision/xAI/py/d90/run_subspace.py", line 418, in run_subspace
    outputs = model(samples)
              ^^^^^^^^^^^^^^
  File "/blue/guralnick/r.dinnage/.conda/envs/reticulate-gpu2/lib/python3.12/site-packages/torch/nn/modules/module.py", line 1736, in _wrapped_call_impl
    return self._call_impl(*args, **kwargs)
           ^^^^^^^^^^^^^^^^^^^^^^^^^^^^^^^^
  File "/blue/guralnick/r.dinnage/.conda/envs/reticulate-gpu2/lib/python3.12/site-packages/torch/nn/modules/module.py", line 1747, in _call_impl
    return forward_call(*args, **kwargs)
           ^^^^^^^^^^^^^^^^^^^^^^^^^^^^^
  File "/blue/guralnick/r.dinnage/.conda/envs/reticulate-gpu2/lib/python3.12/site-packages/timm/models/vision_transformer.py", line 853, in forward
    x = self.forward_features(x)
        ^^^^^^^^^^^^^^^^^^^^^^^^
  File "/blue/guralnick/share/r.dinnage/Projects/phenovision/xAI/py/../../PlantCLEF2022/models_vit.py", line 44, in forward_features
    x = blk(x)
        ^^^^^^
  File "/blue/guralnick/r.dinnage/.conda/envs/reticulate-gpu2/lib/python3.12/site-packages/torch/nn/modules/module.py", line 1736, in _wrapped_call_impl
    return self._call_impl(*args, **kwargs)
           ^^^^^^^^^^^^^^^^^^^^^^^^^^^^^^^^
  File "/blue/guralnick/r.dinnage/.conda/envs/reticulate-gpu2/lib/python3.12/site-packages/torch/nn/modules/module.py", line 1747, in _call_impl
    return forward_call(*args, **kwargs)
           ^^^^^^^^^^^^^^^^^^^^^^^^^^^^^
  File "/blue/guralnick/r.dinnage/.conda/envs/reticulate-gpu2/lib/python3.12/site-packages/timm/models/vision_transformer.py", line 169, in forward
    x = x + self.drop_path1(self.ls1(self.attn(self.norm1(x))))
                                     ^^^^^^^^^^^^^^^^^^^^^^^^
  File "/blue/guralnick/r.dinnage/.conda/envs/reticulate-gpu2/lib/python3.12/site-packages/torch/nn/modules/module.py", line 1736, in _wrapped_call_impl
    return self._call_impl(*args, **kwargs)
           ^^^^^^^^^^^^^^^^^^^^^^^^^^^^^^^^
  File "/blue/guralnick/r.dinnage/.conda/envs/reticulate-gpu2/lib/python3.12/site-packages/torch/nn/modules/module.py", line 1747, in _call_impl
    return forward_call(*args, **kwargs)
           ^^^^^^^^^^^^^^^^^^^^^^^^^^^^^
  File "/blue/guralnick/r.dinnage/.conda/envs/reticulate-gpu2/lib/python3.12/site-packages/timm/models/vision_transformer.py", line 88, in forward
    qkv = self.qkv(x).reshape(B, N, 3, self.num_heads, self.head_dim).permute(2, 0, 3, 1, 4)
          ^^^^^^^^^^^
  File "/blue/guralnick/r.dinnage/.conda/envs/reticulate-gpu2/lib/python3.12/site-packages/torch/nn/modules/module.py", line 1736, in _wrapped_call_impl
    return self._call_impl(*args, **kwargs)
           ^^^^^^^^^^^^^^^^^^^^^^^^^^^^^^^^
  File "/blue/guralnick/r.dinnage/.conda/envs/reticulate-gpu2/lib/python3.12/site-packages/torch/nn/modules/module.py", line 1747, in _call_impl
    return forward_call(*args, **kwargs)
           ^^^^^^^^^^^^^^^^^^^^^^^^^^^^^
  File "/blue/guralnick/r.dinnage/.conda/envs/reticulate-gpu2/lib/python3.12/site-packages/torch/nn/modules/linear.py", line 125, in forward
    return F.linear(input, self.weight, self.bias)
           ^^^^^^^^^^^^^^^^^^^^^^^^^^^^^^^^^^^^^^^
torch.OutOfMemoryError: CUDA out of memory. Tried to allocate 148.00 MiB. GPU 0 has a total capacity of 22.03 GiB of which 101.12 MiB is free. Including non-PyTorch memory, this process has 21.92 GiB memory in use. Of the allocated memory 21.48 GiB is allocated by PyTorch, and 212.72 MiB is reserved by PyTorch but unallocated. If reserved but unallocated memory is large try setting PYTORCH_CUDA_ALLOC_CONF=expandable_segments:True to avoid fragmentation.  See documentation for Memory Management  (https://pytorch.org/docs/stable/notes/cuda.html#environment-variables)
[cw0] d90 FAILED 001_mae_d100_s43.args -> failed/ (worker continues)
Traceback (most recent call last):
  File "/blue/guralnick/share/r.dinnage/Projects/phenovision/xAI/py/d90/run_subspace.py", line 656, in <module>
    main()
  File "/blue/guralnick/share/r.dinnage/Projects/phenovision/xAI/py/d90/run_subspace.py", line 651, in main
    row = run_subspace(args)
          ^^^^^^^^^^^^^^^^^^
  File "/blue/guralnick/share/r.dinnage/Projects/phenovision/xAI/py/d90/run_subspace.py", line 418, in run_subspace
    outputs = model(samples)
              ^^^^^^^^^^^^^^
  File "/blue/guralnick/r.dinnage/.conda/envs/reticulate-gpu2/lib/python3.12/site-packages/torch/nn/modules/module.py", line 1736, in _wrapped_call_impl
    return self._call_impl(*args, **kwargs)
           ^^^^^^^^^^^^^^^^^^^^^^^^^^^^^^^^
  File "/blue/guralnick/r.dinnage/.conda/envs/reticulate-gpu2/lib/python3.12/site-packages/torch/nn/modules/module.py", line 1747, in _call_impl
    return forward_call(*args, **kwargs)
           ^^^^^^^^^^^^^^^^^^^^^^^^^^^^^
  File "/blue/guralnick/r.dinnage/.conda/envs/reticulate-gpu2/lib/python3.12/site-packages/timm/models/vision_transformer.py", line 853, in forward
    x = self.forward_features(x)
        ^^^^^^^^^^^^^^^^^^^^^^^^
  File "/blue/guralnick/share/r.dinnage/Projects/phenovision/xAI/py/../../PlantCLEF2022/models_vit.py", line 44, in forward_features
    x = blk(x)
        ^^^^^^
  File "/blue/guralnick/r.dinnage/.conda/envs/reticulate-gpu2/lib/python3.12/site-packages/torch/nn/modules/module.py", line 1736, in _wrapped_call_impl
    return self._call_impl(*args, **kwargs)
           ^^^^^^^^^^^^^^^^^^^^^^^^^^^^^^^^
  File "/blue/guralnick/r.dinnage/.conda/envs/reticulate-gpu2/lib/python3.12/site-packages/torch/nn/modules/module.py", line 1747, in _call_impl
    return forward_call(*args, **kwargs)
           ^^^^^^^^^^^^^^^^^^^^^^^^^^^^^
  File "/blue/guralnick/r.dinnage/.conda/envs/reticulate-gpu2/lib/python3.12/site-packages/timm/models/vision_transformer.py", line 169, in forward
    x = x + self.drop_path1(self.ls1(self.attn(self.norm1(x))))
                                     ^^^^^^^^^^^^^^^^^^^^^^^^
  File "/blue/guralnick/r.dinnage/.conda/envs/reticulate-gpu2/lib/python3.12/site-packages/torch/nn/modules/module.py", line 1736, in _wrapped_call_impl
    return self._call_impl(*args, **kwargs)
           ^^^^^^^^^^^^^^^^^^^^^^^^^^^^^^^^
  File "/blue/guralnick/r.dinnage/.conda/envs/reticulate-gpu2/lib/python3.12/site-packages/torch/nn/modules/module.py", line 1747, in _call_impl
    return forward_call(*args, **kwargs)
           ^^^^^^^^^^^^^^^^^^^^^^^^^^^^^
  File "/blue/guralnick/r.dinnage/.conda/envs/reticulate-gpu2/lib/python3.12/site-packages/timm/models/vision_transformer.py", line 88, in forward
    qkv = self.qkv(x).reshape(B, N, 3, self.num_heads, self.head_dim).permute(2, 0, 3, 1, 4)
          ^^^^^^^^^^^
  File "/blue/guralnick/r.dinnage/.conda/envs/reticulate-gpu2/lib/python3.12/site-packages/torch/nn/modules/module.py", line 1736, in _wrapped_call_impl
    return self._call_impl(*args, **kwargs)
           ^^^^^^^^^^^^^^^^^^^^^^^^^^^^^^^^
  File "/blue/guralnick/r.dinnage/.conda/envs/reticulate-gpu2/lib/python3.12/site-packages/torch/nn/modules/module.py", line 1747, in _call_impl
    return forward_call(*args, **kwargs)
           ^^^^^^^^^^^^^^^^^^^^^^^^^^^^^
  File "/blue/guralnick/r.dinnage/.conda/envs/reticulate-gpu2/lib/python3.12/site-packages/torch/nn/modules/linear.py", line 125, in forward
    return F.linear(input, self.weight, self.bias)
           ^^^^^^^^^^^^^^^^^^^^^^^^^^^^^^^^^^^^^^^
torch.OutOfMemoryError: CUDA out of memory. Tried to allocate 148.00 MiB. GPU 0 has a total capacity of 22.03 GiB of which 101.12 MiB is free. Including non-PyTorch memory, this process has 21.92 GiB memory in use. Of the allocated memory 21.48 GiB is allocated by PyTorch, and 212.72 MiB is reserved by PyTorch but unallocated. If reserved but unallocated memory is large try setting PYTORCH_CUDA_ALLOC_CONF=expandable_segments:True to avoid fragmentation.  See documentation for Memory Management  (https://pytorch.org/docs/stable/notes/cuda.html#environment-variables)
[cw0] d90 FAILED 003_mae_d100_s45.args -> failed/ (worker continues)
Traceback (most recent call last):
  File "/blue/guralnick/share/r.dinnage/Projects/phenovision/xAI/py/d90/run_subspace.py", line 656, in <module>
    main()
  File "/blue/guralnick/share/r.dinnage/Projects/phenovision/xAI/py/d90/run_subspace.py", line 651, in main
    row = run_subspace(args)
          ^^^^^^^^^^^^^^^^^^
  File "/blue/guralnick/share/r.dinnage/Projects/phenovision/xAI/py/d90/run_subspace.py", line 418, in run_subspace
    outputs = model(samples)
              ^^^^^^^^^^^^^^
  File "/blue/guralnick/r.dinnage/.conda/envs/reticulate-gpu2/lib/python3.12/site-packages/torch/nn/modules/module.py", line 1736, in _wrapped_call_impl
    return self._call_impl(*args, **kwargs)
           ^^^^^^^^^^^^^^^^^^^^^^^^^^^^^^^^
  File "/blue/guralnick/r.dinnage/.conda/envs/reticulate-gpu2/lib/python3.12/site-packages/torch/nn/modules/module.py", line 1747, in _call_impl
    return forward_call(*args, **kwargs)
           ^^^^^^^^^^^^^^^^^^^^^^^^^^^^^
  File "/blue/guralnick/r.dinnage/.conda/envs/reticulate-gpu2/lib/python3.12/site-packages/timm/models/vision_transformer.py", line 853, in forward
    x = self.forward_features(x)
        ^^^^^^^^^^^^^^^^^^^^^^^^
  File "/blue/guralnick/share/r.dinnage/Projects/phenovision/xAI/py/../../PlantCLEF2022/models_vit.py", line 44, in forward_features
    x = blk(x)
        ^^^^^^
  File "/blue/guralnick/r.dinnage/.conda/envs/reticulate-gpu2/lib/python3.12/site-packages/torch/nn/modules/module.py", line 1736, in _wrapped_call_impl
    return self._call_impl(*args, **kwargs)
           ^^^^^^^^^^^^^^^^^^^^^^^^^^^^^^^^
  File "/blue/guralnick/r.dinnage/.conda/envs/reticulate-gpu2/lib/python3.12/site-packages/torch/nn/modules/module.py", line 1747, in _call_impl
    return forward_call(*args, **kwargs)
           ^^^^^^^^^^^^^^^^^^^^^^^^^^^^^
  File "/blue/guralnick/r.dinnage/.conda/envs/reticulate-gpu2/lib/python3.12/site-packages/timm/models/vision_transformer.py", line 169, in forward
    x = x + self.drop_path1(self.ls1(self.attn(self.norm1(x))))
                                     ^^^^^^^^^^^^^^^^^^^^^^^^
  File "/blue/guralnick/r.dinnage/.conda/envs/reticulate-gpu2/lib/python3.12/site-packages/torch/nn/modules/module.py", line 1736, in _wrapped_call_impl
    return self._call_impl(*args, **kwargs)
           ^^^^^^^^^^^^^^^^^^^^^^^^^^^^^^^^
  File "/blue/guralnick/r.dinnage/.conda/envs/reticulate-gpu2/lib/python3.12/site-packages/torch/nn/modules/module.py", line 1747, in _call_impl
    return forward_call(*args, **kwargs)
           ^^^^^^^^^^^^^^^^^^^^^^^^^^^^^
  File "/blue/guralnick/r.dinnage/.conda/envs/reticulate-gpu2/lib/python3.12/site-packages/timm/models/vision_transformer.py", line 88, in forward
    qkv = self.qkv(x).reshape(B, N, 3, self.num_heads, self.head_dim).permute(2, 0, 3, 1, 4)
          ^^^^^^^^^^^
  File "/blue/guralnick/r.dinnage/.conda/envs/reticulate-gpu2/lib/python3.12/site-packages/torch/nn/modules/module.py", line 1736, in _wrapped_call_impl
    return self._call_impl(*args, **kwargs)
           ^^^^^^^^^^^^^^^^^^^^^^^^^^^^^^^^
  File "/blue/guralnick/r.dinnage/.conda/envs/reticulate-gpu2/lib/python3.12/site-packages/torch/nn/modules/module.py", line 1747, in _call_impl
    return forward_call(*args, **kwargs)
           ^^^^^^^^^^^^^^^^^^^^^^^^^^^^^
  File "/blue/guralnick/r.dinnage/.conda/envs/reticulate-gpu2/lib/python3.12/site-packages/torch/nn/modules/linear.py", line 125, in forward
    return F.linear(input, self.weight, self.bias)
           ^^^^^^^^^^^^^^^^^^^^^^^^^^^^^^^^^^^^^^^
torch.OutOfMemoryError: CUDA out of memory. Tried to allocate 148.00 MiB. GPU 0 has a total capacity of 22.03 GiB of which 101.12 MiB is free. Including non-PyTorch memory, this process has 21.92 GiB memory in use. Of the allocated memory 21.48 GiB is allocated by PyTorch, and 212.72 MiB is reserved by PyTorch but unallocated. If reserved but unallocated memory is large try setting PYTORCH_CUDA_ALLOC_CONF=expandable_segments:True to avoid fragmentation.  See documentation for Memory Management  (https://pytorch.org/docs/stable/notes/cuda.html#environment-variables)
[cw0] d90 FAILED 005_mae_d300_s42.args -> failed/ (worker continues)
Traceback (most recent call last):
  File "/blue/guralnick/share/r.dinnage/Projects/phenovision/xAI/py/d90/run_subspace.py", line 656, in <module>
    main()
  File "/blue/guralnick/share/r.dinnage/Projects/phenovision/xAI/py/d90/run_subspace.py", line 651, in main
    row = run_subspace(args)
          ^^^^^^^^^^^^^^^^^^
  File "/blue/guralnick/share/r.dinnage/Projects/phenovision/xAI/py/d90/run_subspace.py", line 418, in run_subspace
    outputs = model(samples)
              ^^^^^^^^^^^^^^
  File "/blue/guralnick/r.dinnage/.conda/envs/reticulate-gpu2/lib/python3.12/site-packages/torch/nn/modules/module.py", line 1736, in _wrapped_call_impl
    return self._call_impl(*args, **kwargs)
           ^^^^^^^^^^^^^^^^^^^^^^^^^^^^^^^^
  File "/blue/guralnick/r.dinnage/.conda/envs/reticulate-gpu2/lib/python3.12/site-packages/torch/nn/modules/module.py", line 1747, in _call_impl
    return forward_call(*args, **kwargs)
           ^^^^^^^^^^^^^^^^^^^^^^^^^^^^^
  File "/blue/guralnick/r.dinnage/.conda/envs/reticulate-gpu2/lib/python3.12/site-packages/timm/models/vision_transformer.py", line 853, in forward
    x = self.forward_features(x)
        ^^^^^^^^^^^^^^^^^^^^^^^^
  File "/blue/guralnick/share/r.dinnage/Projects/phenovision/xAI/py/../../PlantCLEF2022/models_vit.py", line 44, in forward_features
    x = blk(x)
        ^^^^^^
  File "/blue/guralnick/r.dinnage/.conda/envs/reticulate-gpu2/lib/python3.12/site-packages/torch/nn/modules/module.py", line 1736, in _wrapped_call_impl
    return self._call_impl(*args, **kwargs)
           ^^^^^^^^^^^^^^^^^^^^^^^^^^^^^^^^
  File "/blue/guralnick/r.dinnage/.conda/envs/reticulate-gpu2/lib/python3.12/site-packages/torch/nn/modules/module.py", line 1747, in _call_impl
    return forward_call(*args, **kwargs)
           ^^^^^^^^^^^^^^^^^^^^^^^^^^^^^
  File "/blue/guralnick/r.dinnage/.conda/envs/reticulate-gpu2/lib/python3.12/site-packages/timm/models/vision_transformer.py", line 169, in forward
    x = x + self.drop_path1(self.ls1(self.attn(self.norm1(x))))
                                     ^^^^^^^^^^^^^^^^^^^^^^^^
  File "/blue/guralnick/r.dinnage/.conda/envs/reticulate-gpu2/lib/python3.12/site-packages/torch/nn/modules/module.py", line 1736, in _wrapped_call_impl
    return self._call_impl(*args, **kwargs)
           ^^^^^^^^^^^^^^^^^^^^^^^^^^^^^^^^
  File "/blue/guralnick/r.dinnage/.conda/envs/reticulate-gpu2/lib/python3.12/site-packages/torch/nn/modules/module.py", line 1747, in _call_impl
    return forward_call(*args, **kwargs)
           ^^^^^^^^^^^^^^^^^^^^^^^^^^^^^
  File "/blue/guralnick/r.dinnage/.conda/envs/reticulate-gpu2/lib/python3.12/site-packages/timm/models/vision_transformer.py", line 88, in forward
    qkv = self.qkv(x).reshape(B, N, 3, self.num_heads, self.head_dim).permute(2, 0, 3, 1, 4)
          ^^^^^^^^^^^
  File "/blue/guralnick/r.dinnage/.conda/envs/reticulate-gpu2/lib/python3.12/site-packages/torch/nn/modules/module.py", line 1736, in _wrapped_call_impl
    return self._call_impl(*args, **kwargs)
           ^^^^^^^^^^^^^^^^^^^^^^^^^^^^^^^^
  File "/blue/guralnick/r.dinnage/.conda/envs/reticulate-gpu2/lib/python3.12/site-packages/torch/nn/modules/module.py", line 1747, in _call_impl
    return forward_call(*args, **kwargs)
           ^^^^^^^^^^^^^^^^^^^^^^^^^^^^^
  File "/blue/guralnick/r.dinnage/.conda/envs/reticulate-gpu2/lib/python3.12/site-packages/torch/nn/modules/linear.py", line 125, in forward
    return F.linear(input, self.weight, self.bias)
           ^^^^^^^^^^^^^^^^^^^^^^^^^^^^^^^^^^^^^^^
torch.OutOfMemoryError: CUDA out of memory. Tried to allocate 148.00 MiB. GPU 0 has a total capacity of 22.03 GiB of which 101.12 MiB is free. Including non-PyTorch memory, this process has 21.92 GiB memory in use. Of the allocated memory 21.48 GiB is allocated by PyTorch, and 212.72 MiB is reserved by PyTorch but unallocated. If reserved but unallocated memory is large try setting PYTORCH_CUDA_ALLOC_CONF=expandable_segments:True to avoid fragmentation.  See documentation for Memory Management  (https://pytorch.org/docs/stable/notes/cuda.html#environment-variables)
[cw0] d90 FAILED 007_mae_d300_s44.args -> failed/ (worker continues)
Traceback (most recent call last):
  File "/blue/guralnick/share/r.dinnage/Projects/phenovision/xAI/py/d90/run_subspace.py", line 656, in <module>
    main()
  File "/blue/guralnick/share/r.dinnage/Projects/phenovision/xAI/py/d90/run_subspace.py", line 651, in main
    row = run_subspace(args)
          ^^^^^^^^^^^^^^^^^^
  File "/blue/guralnick/share/r.dinnage/Projects/phenovision/xAI/py/d90/run_subspace.py", line 418, in run_subspace
    outputs = model(samples)
              ^^^^^^^^^^^^^^
  File "/blue/guralnick/r.dinnage/.conda/envs/reticulate-gpu2/lib/python3.12/site-packages/torch/nn/modules/module.py", line 1736, in _wrapped_call_impl
    return self._call_impl(*args, **kwargs)
           ^^^^^^^^^^^^^^^^^^^^^^^^^^^^^^^^
  File "/blue/guralnick/r.dinnage/.conda/envs/reticulate-gpu2/lib/python3.12/site-packages/torch/nn/modules/module.py", line 1747, in _call_impl
    return forward_call(*args, **kwargs)
           ^^^^^^^^^^^^^^^^^^^^^^^^^^^^^
  File "/blue/guralnick/r.dinnage/.conda/envs/reticulate-gpu2/lib/python3.12/site-packages/timm/models/vision_transformer.py", line 853, in forward
    x = self.forward_features(x)
        ^^^^^^^^^^^^^^^^^^^^^^^^
  File "/blue/guralnick/share/r.dinnage/Projects/phenovision/xAI/py/../../PlantCLEF2022/models_vit.py", line 44, in forward_features
    x = blk(x)
        ^^^^^^
  File "/blue/guralnick/r.dinnage/.conda/envs/reticulate-gpu2/lib/python3.12/site-packages/torch/nn/modules/module.py", line 1736, in _wrapped_call_impl
    return self._call_impl(*args, **kwargs)
           ^^^^^^^^^^^^^^^^^^^^^^^^^^^^^^^^
  File "/blue/guralnick/r.dinnage/.conda/envs/reticulate-gpu2/lib/python3.12/site-packages/torch/nn/modules/module.py", line 1747, in _call_impl
    return forward_call(*args, **kwargs)
           ^^^^^^^^^^^^^^^^^^^^^^^^^^^^^
  File "/blue/guralnick/r.dinnage/.conda/envs/reticulate-gpu2/lib/python3.12/site-packages/timm/models/vision_transformer.py", line 169, in forward
    x = x + self.drop_path1(self.ls1(self.attn(self.norm1(x))))
                                     ^^^^^^^^^^^^^^^^^^^^^^^^
  File "/blue/guralnick/r.dinnage/.conda/envs/reticulate-gpu2/lib/python3.12/site-packages/torch/nn/modules/module.py", line 1736, in _wrapped_call_impl
    return self._call_impl(*args, **kwargs)
           ^^^^^^^^^^^^^^^^^^^^^^^^^^^^^^^^
  File "/blue/guralnick/r.dinnage/.conda/envs/reticulate-gpu2/lib/python3.12/site-packages/torch/nn/modules/module.py", line 1747, in _call_impl
    return forward_call(*args, **kwargs)
           ^^^^^^^^^^^^^^^^^^^^^^^^^^^^^
  File "/blue/guralnick/r.dinnage/.conda/envs/reticulate-gpu2/lib/python3.12/site-packages/timm/models/vision_transformer.py", line 88, in forward
    qkv = self.qkv(x).reshape(B, N, 3, self.num_heads, self.head_dim).permute(2, 0, 3, 1, 4)
          ^^^^^^^^^^^
  File "/blue/guralnick/r.dinnage/.conda/envs/reticulate-gpu2/lib/python3.12/site-packages/torch/nn/modules/module.py", line 1736, in _wrapped_call_impl
    return self._call_impl(*args, **kwargs)
           ^^^^^^^^^^^^^^^^^^^^^^^^^^^^^^^^
  File "/blue/guralnick/r.dinnage/.conda/envs/reticulate-gpu2/lib/python3.12/site-packages/torch/nn/modules/module.py", line 1747, in _call_impl
    return forward_call(*args, **kwargs)
           ^^^^^^^^^^^^^^^^^^^^^^^^^^^^^
  File "/blue/guralnick/r.dinnage/.conda/envs/reticulate-gpu2/lib/python3.12/site-packages/torch/nn/modules/linear.py", line 125, in forward
    return F.linear(input, self.weight, self.bias)
           ^^^^^^^^^^^^^^^^^^^^^^^^^^^^^^^^^^^^^^^
torch.OutOfMemoryError: CUDA out of memory. Tried to allocate 148.00 MiB. GPU 0 has a total capacity of 22.03 GiB of which 101.12 MiB is free. Including non-PyTorch memory, this process has 21.92 GiB memory in use. Of the allocated memory 21.48 GiB is allocated by PyTorch, and 212.72 MiB is reserved by PyTorch but unallocated. If reserved but unallocated memory is large try setting PYTORCH_CUDA_ALLOC_CONF=expandable_segments:True to avoid fragmentation.  See documentation for Memory Management  (https://pytorch.org/docs/stable/notes/cuda.html#environment-variables)
[cw0] d90 FAILED 009_mae_d300_s46.args -> failed/ (worker continues)
Traceback (most recent call last):
  File "/blue/guralnick/share/r.dinnage/Projects/phenovision/xAI/py/d90/run_subspace.py", line 656, in <module>
    main()
  File "/blue/guralnick/share/r.dinnage/Projects/phenovision/xAI/py/d90/run_subspace.py", line 651, in main
    row = run_subspace(args)
          ^^^^^^^^^^^^^^^^^^
  File "/blue/guralnick/share/r.dinnage/Projects/phenovision/xAI/py/d90/run_subspace.py", line 418, in run_subspace
    outputs = model(samples)
              ^^^^^^^^^^^^^^
  File "/blue/guralnick/r.dinnage/.conda/envs/reticulate-gpu2/lib/python3.12/site-packages/torch/nn/modules/module.py", line 1736, in _wrapped_call_impl
    return self._call_impl(*args, **kwargs)
           ^^^^^^^^^^^^^^^^^^^^^^^^^^^^^^^^
  File "/blue/guralnick/r.dinnage/.conda/envs/reticulate-gpu2/lib/python3.12/site-packages/torch/nn/modules/module.py", line 1747, in _call_impl
    return forward_call(*args, **kwargs)
           ^^^^^^^^^^^^^^^^^^^^^^^^^^^^^
  File "/blue/guralnick/r.dinnage/.conda/envs/reticulate-gpu2/lib/python3.12/site-packages/timm/models/vision_transformer.py", line 853, in forward
    x = self.forward_features(x)
        ^^^^^^^^^^^^^^^^^^^^^^^^
  File "/blue/guralnick/share/r.dinnage/Projects/phenovision/xAI/py/../../PlantCLEF2022/models_vit.py", line 44, in forward_features
    x = blk(x)
        ^^^^^^
  File "/blue/guralnick/r.dinnage/.conda/envs/reticulate-gpu2/lib/python3.12/site-packages/torch/nn/modules/module.py", line 1736, in _wrapped_call_impl
    return self._call_impl(*args, **kwargs)
           ^^^^^^^^^^^^^^^^^^^^^^^^^^^^^^^^
  File "/blue/guralnick/r.dinnage/.conda/envs/reticulate-gpu2/lib/python3.12/site-packages/torch/nn/modules/module.py", line 1747, in _call_impl
    return forward_call(*args, **kwargs)
           ^^^^^^^^^^^^^^^^^^^^^^^^^^^^^
  File "/blue/guralnick/r.dinnage/.conda/envs/reticulate-gpu2/lib/python3.12/site-packages/timm/models/vision_transformer.py", line 169, in forward
    x = x + self.drop_path1(self.ls1(self.attn(self.norm1(x))))
                                     ^^^^^^^^^^^^^^^^^^^^^^^^
  File "/blue/guralnick/r.dinnage/.conda/envs/reticulate-gpu2/lib/python3.12/site-packages/torch/nn/modules/module.py", line 1736, in _wrapped_call_impl
    return self._call_impl(*args, **kwargs)
           ^^^^^^^^^^^^^^^^^^^^^^^^^^^^^^^^
  File "/blue/guralnick/r.dinnage/.conda/envs/reticulate-gpu2/lib/python3.12/site-packages/torch/nn/modules/module.py", line 1747, in _call_impl
    return forward_call(*args, **kwargs)
           ^^^^^^^^^^^^^^^^^^^^^^^^^^^^^
  File "/blue/guralnick/r.dinnage/.conda/envs/reticulate-gpu2/lib/python3.12/site-packages/timm/models/vision_transformer.py", line 88, in forward
    qkv = self.qkv(x).reshape(B, N, 3, self.num_heads, self.head_dim).permute(2, 0, 3, 1, 4)
          ^^^^^^^^^^^
  File "/blue/guralnick/r.dinnage/.conda/envs/reticulate-gpu2/lib/python3.12/site-packages/torch/nn/modules/module.py", line 1736, in _wrapped_call_impl
    return self._call_impl(*args, **kwargs)
           ^^^^^^^^^^^^^^^^^^^^^^^^^^^^^^^^
  File "/blue/guralnick/r.dinnage/.conda/envs/reticulate-gpu2/lib/python3.12/site-packages/torch/nn/modules/module.py", line 1747, in _call_impl
    return forward_call(*args, **kwargs)
           ^^^^^^^^^^^^^^^^^^^^^^^^^^^^^
  File "/blue/guralnick/r.dinnage/.conda/envs/reticulate-gpu2/lib/python3.12/site-packages/torch/nn/modules/linear.py", line 125, in forward
    return F.linear(input, self.weight, self.bias)
           ^^^^^^^^^^^^^^^^^^^^^^^^^^^^^^^^^^^^^^^
torch.OutOfMemoryError: CUDA out of memory. Tried to allocate 148.00 MiB. GPU 0 has a total capacity of 22.03 GiB of which 101.12 MiB is free. Including non-PyTorch memory, this process has 21.92 GiB memory in use. Of the allocated memory 21.48 GiB is allocated by PyTorch, and 212.72 MiB is reserved by PyTorch but unallocated. If reserved but unallocated memory is large try setting PYTORCH_CUDA_ALLOC_CONF=expandable_segments:True to avoid fragmentation.  See documentation for Memory Management  (https://pytorch.org/docs/stable/notes/cuda.html#environment-variables)
[cw0] d90 FAILED 010_mae_d1000_s42.args -> failed/ (worker continues)
Traceback (most recent call last):
  File "/blue/guralnick/share/r.dinnage/Projects/phenovision/xAI/py/d90/run_subspace.py", line 656, in <module>
    main()
  File "/blue/guralnick/share/r.dinnage/Projects/phenovision/xAI/py/d90/run_subspace.py", line 651, in main
    row = run_subspace(args)
          ^^^^^^^^^^^^^^^^^^
  File "/blue/guralnick/share/r.dinnage/Projects/phenovision/xAI/py/d90/run_subspace.py", line 418, in run_subspace
    outputs = model(samples)
              ^^^^^^^^^^^^^^
  File "/blue/guralnick/r.dinnage/.conda/envs/reticulate-gpu2/lib/python3.12/site-packages/torch/nn/modules/module.py", line 1736, in _wrapped_call_impl
    return self._call_impl(*args, **kwargs)
           ^^^^^^^^^^^^^^^^^^^^^^^^^^^^^^^^
  File "/blue/guralnick/r.dinnage/.conda/envs/reticulate-gpu2/lib/python3.12/site-packages/torch/nn/modules/module.py", line 1747, in _call_impl
    return forward_call(*args, **kwargs)
           ^^^^^^^^^^^^^^^^^^^^^^^^^^^^^
  File "/blue/guralnick/r.dinnage/.conda/envs/reticulate-gpu2/lib/python3.12/site-packages/timm/models/vision_transformer.py", line 853, in forward
    x = self.forward_features(x)
        ^^^^^^^^^^^^^^^^^^^^^^^^
  File "/blue/guralnick/share/r.dinnage/Projects/phenovision/xAI/py/../../PlantCLEF2022/models_vit.py", line 44, in forward_features
    x = blk(x)
        ^^^^^^
  File "/blue/guralnick/r.dinnage/.conda/envs/reticulate-gpu2/lib/python3.12/site-packages/torch/nn/modules/module.py", line 1736, in _wrapped_call_impl
    return self._call_impl(*args, **kwargs)
           ^^^^^^^^^^^^^^^^^^^^^^^^^^^^^^^^
  File "/blue/guralnick/r.dinnage/.conda/envs/reticulate-gpu2/lib/python3.12/site-packages/torch/nn/modules/module.py", line 1747, in _call_impl
    return forward_call(*args, **kwargs)
           ^^^^^^^^^^^^^^^^^^^^^^^^^^^^^
  File "/blue/guralnick/r.dinnage/.conda/envs/reticulate-gpu2/lib/python3.12/site-packages/timm/models/vision_transformer.py", line 169, in forward
    x = x + self.drop_path1(self.ls1(self.attn(self.norm1(x))))
                                     ^^^^^^^^^^^^^^^^^^^^^^^^
  File "/blue/guralnick/r.dinnage/.conda/envs/reticulate-gpu2/lib/python3.12/site-packages/torch/nn/modules/module.py", line 1736, in _wrapped_call_impl
    return self._call_impl(*args, **kwargs)
           ^^^^^^^^^^^^^^^^^^^^^^^^^^^^^^^^
  File "/blue/guralnick/r.dinnage/.conda/envs/reticulate-gpu2/lib/python3.12/site-packages/torch/nn/modules/module.py", line 1747, in _call_impl
    return forward_call(*args, **kwargs)
           ^^^^^^^^^^^^^^^^^^^^^^^^^^^^^
  File "/blue/guralnick/r.dinnage/.conda/envs/reticulate-gpu2/lib/python3.12/site-packages/timm/models/vision_transformer.py", line 88, in forward
    qkv = self.qkv(x).reshape(B, N, 3, self.num_heads, self.head_dim).permute(2, 0, 3, 1, 4)
          ^^^^^^^^^^^
  File "/blue/guralnick/r.dinnage/.conda/envs/reticulate-gpu2/lib/python3.12/site-packages/torch/nn/modules/module.py", line 1736, in _wrapped_call_impl
    return self._call_impl(*args, **kwargs)
           ^^^^^^^^^^^^^^^^^^^^^^^^^^^^^^^^
  File "/blue/guralnick/r.dinnage/.conda/envs/reticulate-gpu2/lib/python3.12/site-packages/torch/nn/modules/module.py", line 1747, in _call_impl
    return forward_call(*args, **kwargs)
           ^^^^^^^^^^^^^^^^^^^^^^^^^^^^^
  File "/blue/guralnick/r.dinnage/.conda/envs/reticulate-gpu2/lib/python3.12/site-packages/torch/nn/modules/linear.py", line 125, in forward
    return F.linear(input, self.weight, self.bias)
           ^^^^^^^^^^^^^^^^^^^^^^^^^^^^^^^^^^^^^^^
torch.OutOfMemoryError: CUDA out of memory. Tried to allocate 148.00 MiB. GPU 0 has a total capacity of 22.03 GiB of which 101.12 MiB is free. Including non-PyTorch memory, this process has 21.92 GiB memory in use. Of the allocated memory 21.48 GiB is allocated by PyTorch, and 212.72 MiB is reserved by PyTorch but unallocated. If reserved but unallocated memory is large try setting PYTORCH_CUDA_ALLOC_CONF=expandable_segments:True to avoid fragmentation.  See documentation for Memory Management  (https://pytorch.org/docs/stable/notes/cuda.html#environment-variables)
[cw0] d90 FAILED 012_mae_d1000_s44.args -> failed/ (worker continues)
Traceback (most recent call last):
  File "/blue/guralnick/share/r.dinnage/Projects/phenovision/xAI/py/d90/run_subspace.py", line 656, in <module>
    main()
  File "/blue/guralnick/share/r.dinnage/Projects/phenovision/xAI/py/d90/run_subspace.py", line 651, in main
    row = run_subspace(args)
          ^^^^^^^^^^^^^^^^^^
  File "/blue/guralnick/share/r.dinnage/Projects/phenovision/xAI/py/d90/run_subspace.py", line 418, in run_subspace
    outputs = model(samples)
              ^^^^^^^^^^^^^^
  File "/blue/guralnick/r.dinnage/.conda/envs/reticulate-gpu2/lib/python3.12/site-packages/torch/nn/modules/module.py", line 1736, in _wrapped_call_impl
    return self._call_impl(*args, **kwargs)
           ^^^^^^^^^^^^^^^^^^^^^^^^^^^^^^^^
  File "/blue/guralnick/r.dinnage/.conda/envs/reticulate-gpu2/lib/python3.12/site-packages/torch/nn/modules/module.py", line 1747, in _call_impl
    return forward_call(*args, **kwargs)
           ^^^^^^^^^^^^^^^^^^^^^^^^^^^^^
  File "/blue/guralnick/r.dinnage/.conda/envs/reticulate-gpu2/lib/python3.12/site-packages/timm/models/vision_transformer.py", line 853, in forward
    x = self.forward_features(x)
        ^^^^^^^^^^^^^^^^^^^^^^^^
  File "/blue/guralnick/share/r.dinnage/Projects/phenovision/xAI/py/../../PlantCLEF2022/models_vit.py", line 44, in forward_features
    x = blk(x)
        ^^^^^^
  File "/blue/guralnick/r.dinnage/.conda/envs/reticulate-gpu2/lib/python3.12/site-packages/torch/nn/modules/module.py", line 1736, in _wrapped_call_impl
    return self._call_impl(*args, **kwargs)
           ^^^^^^^^^^^^^^^^^^^^^^^^^^^^^^^^
  File "/blue/guralnick/r.dinnage/.conda/envs/reticulate-gpu2/lib/python3.12/site-packages/torch/nn/modules/module.py", line 1747, in _call_impl
    return forward_call(*args, **kwargs)
           ^^^^^^^^^^^^^^^^^^^^^^^^^^^^^
  File "/blue/guralnick/r.dinnage/.conda/envs/reticulate-gpu2/lib/python3.12/site-packages/timm/models/vision_transformer.py", line 169, in forward
    x = x + self.drop_path1(self.ls1(self.attn(self.norm1(x))))
                                     ^^^^^^^^^^^^^^^^^^^^^^^^
  File "/blue/guralnick/r.dinnage/.conda/envs/reticulate-gpu2/lib/python3.12/site-packages/torch/nn/modules/module.py", line 1736, in _wrapped_call_impl
    return self._call_impl(*args, **kwargs)
           ^^^^^^^^^^^^^^^^^^^^^^^^^^^^^^^^
  File "/blue/guralnick/r.dinnage/.conda/envs/reticulate-gpu2/lib/python3.12/site-packages/torch/nn/modules/module.py", line 1747, in _call_impl
    return forward_call(*args, **kwargs)
           ^^^^^^^^^^^^^^^^^^^^^^^^^^^^^
  File "/blue/guralnick/r.dinnage/.conda/envs/reticulate-gpu2/lib/python3.12/site-packages/timm/models/vision_transformer.py", line 88, in forward
    qkv = self.qkv(x).reshape(B, N, 3, self.num_heads, self.head_dim).permute(2, 0, 3, 1, 4)
          ^^^^^^^^^^^
  File "/blue/guralnick/r.dinnage/.conda/envs/reticulate-gpu2/lib/python3.12/site-packages/torch/nn/modules/module.py", line 1736, in _wrapped_call_impl
    return self._call_impl(*args, **kwargs)
           ^^^^^^^^^^^^^^^^^^^^^^^^^^^^^^^^
  File "/blue/guralnick/r.dinnage/.conda/envs/reticulate-gpu2/lib/python3.12/site-packages/torch/nn/modules/module.py", line 1747, in _call_impl
    return forward_call(*args, **kwargs)
           ^^^^^^^^^^^^^^^^^^^^^^^^^^^^^
  File "/blue/guralnick/r.dinnage/.conda/envs/reticulate-gpu2/lib/python3.12/site-packages/torch/nn/modules/linear.py", line 125, in forward
    return F.linear(input, self.weight, self.bias)
           ^^^^^^^^^^^^^^^^^^^^^^^^^^^^^^^^^^^^^^^
torch.OutOfMemoryError: CUDA out of memory. Tried to allocate 148.00 MiB. GPU 0 has a total capacity of 22.03 GiB of which 101.12 MiB is free. Including non-PyTorch memory, this process has 21.92 GiB memory in use. Of the allocated memory 21.48 GiB is allocated by PyTorch, and 212.72 MiB is reserved by PyTorch but unallocated. If reserved but unallocated memory is large try setting PYTORCH_CUDA_ALLOC_CONF=expandable_segments:True to avoid fragmentation.  See documentation for Memory Management  (https://pytorch.org/docs/stable/notes/cuda.html#environment-variables)
[cw0] d90 FAILED 014_mae_d1000_s46.args -> failed/ (worker continues)
Traceback (most recent call last):
  File "/blue/guralnick/share/r.dinnage/Projects/phenovision/xAI/py/d90/run_subspace.py", line 656, in <module>
    main()
  File "/blue/guralnick/share/r.dinnage/Projects/phenovision/xAI/py/d90/run_subspace.py", line 651, in main
    row = run_subspace(args)
          ^^^^^^^^^^^^^^^^^^
  File "/blue/guralnick/share/r.dinnage/Projects/phenovision/xAI/py/d90/run_subspace.py", line 418, in run_subspace
    outputs = model(samples)
              ^^^^^^^^^^^^^^
  File "/blue/guralnick/r.dinnage/.conda/envs/reticulate-gpu2/lib/python3.12/site-packages/torch/nn/modules/module.py", line 1736, in _wrapped_call_impl
    return self._call_impl(*args, **kwargs)
           ^^^^^^^^^^^^^^^^^^^^^^^^^^^^^^^^
  File "/blue/guralnick/r.dinnage/.conda/envs/reticulate-gpu2/lib/python3.12/site-packages/torch/nn/modules/module.py", line 1747, in _call_impl
    return forward_call(*args, **kwargs)
           ^^^^^^^^^^^^^^^^^^^^^^^^^^^^^
  File "/blue/guralnick/r.dinnage/.conda/envs/reticulate-gpu2/lib/python3.12/site-packages/timm/models/vision_transformer.py", line 853, in forward
    x = self.forward_features(x)
        ^^^^^^^^^^^^^^^^^^^^^^^^
  File "/blue/guralnick/share/r.dinnage/Projects/phenovision/xAI/py/../../PlantCLEF2022/models_vit.py", line 44, in forward_features
    x = blk(x)
        ^^^^^^
  File "/blue/guralnick/r.dinnage/.conda/envs/reticulate-gpu2/lib/python3.12/site-packages/torch/nn/modules/module.py", line 1736, in _wrapped_call_impl
    return self._call_impl(*args, **kwargs)
           ^^^^^^^^^^^^^^^^^^^^^^^^^^^^^^^^
  File "/blue/guralnick/r.dinnage/.conda/envs/reticulate-gpu2/lib/python3.12/site-packages/torch/nn/modules/module.py", line 1747, in _call_impl
    return forward_call(*args, **kwargs)
           ^^^^^^^^^^^^^^^^^^^^^^^^^^^^^
  File "/blue/guralnick/r.dinnage/.conda/envs/reticulate-gpu2/lib/python3.12/site-packages/timm/models/vision_transformer.py", line 169, in forward
    x = x + self.drop_path1(self.ls1(self.attn(self.norm1(x))))
                                     ^^^^^^^^^^^^^^^^^^^^^^^^
  File "/blue/guralnick/r.dinnage/.conda/envs/reticulate-gpu2/lib/python3.12/site-packages/torch/nn/modules/module.py", line 1736, in _wrapped_call_impl
    return self._call_impl(*args, **kwargs)
           ^^^^^^^^^^^^^^^^^^^^^^^^^^^^^^^^
  File "/blue/guralnick/r.dinnage/.conda/envs/reticulate-gpu2/lib/python3.12/site-packages/torch/nn/modules/module.py", line 1747, in _call_impl
    return forward_call(*args, **kwargs)
           ^^^^^^^^^^^^^^^^^^^^^^^^^^^^^
  File "/blue/guralnick/r.dinnage/.conda/envs/reticulate-gpu2/lib/python3.12/site-packages/timm/models/vision_transformer.py", line 88, in forward
    qkv = self.qkv(x).reshape(B, N, 3, self.num_heads, self.head_dim).permute(2, 0, 3, 1, 4)
          ^^^^^^^^^^^
  File "/blue/guralnick/r.dinnage/.conda/envs/reticulate-gpu2/lib/python3.12/site-packages/torch/nn/modules/module.py", line 1736, in _wrapped_call_impl
    return self._call_impl(*args, **kwargs)
           ^^^^^^^^^^^^^^^^^^^^^^^^^^^^^^^^
  File "/blue/guralnick/r.dinnage/.conda/envs/reticulate-gpu2/lib/python3.12/site-packages/torch/nn/modules/module.py", line 1747, in _call_impl
    return forward_call(*args, **kwargs)
           ^^^^^^^^^^^^^^^^^^^^^^^^^^^^^
  File "/blue/guralnick/r.dinnage/.conda/envs/reticulate-gpu2/lib/python3.12/site-packages/torch/nn/modules/linear.py", line 125, in forward
    return F.linear(input, self.weight, self.bias)
           ^^^^^^^^^^^^^^^^^^^^^^^^^^^^^^^^^^^^^^^
torch.OutOfMemoryError: CUDA out of memory. Tried to allocate 148.00 MiB. GPU 0 has a total capacity of 22.03 GiB of which 101.12 MiB is free. Including non-PyTorch memory, this process has 21.92 GiB memory in use. Of the allocated memory 21.48 GiB is allocated by PyTorch, and 212.71 MiB is reserved by PyTorch but unallocated. If reserved but unallocated memory is large try setting PYTORCH_CUDA_ALLOC_CONF=expandable_segments:True to avoid fragmentation.  See documentation for Memory Management  (https://pytorch.org/docs/stable/notes/cuda.html#environment-variables)
[cw0] d90 FAILED 016_mae_d3000_s43.args -> failed/ (worker continues)
[cw0] d90 FAILED 002_mae_d100_s44.args -> failed/ (worker continues)
[cw0] d90 FAILED 003_mae_d100_s45.args -> failed/ (worker continues)
[cw0] d90 FAILED 004_mae_d100_s46.args -> failed/ (worker continues)
[cw0] d90 FAILED 005_mae_d300_s42.args -> failed/ (worker continues)
[cw0] d90 FAILED 007_mae_d300_s44.args -> failed/ (worker continues)
[cw0] d90 FAILED 009_mae_d300_s46.args -> failed/ (worker continues)
[cw0] d90 FAILED 012_mae_d1000_s44.args -> failed/ (worker continues)
[cw0] d90 FAILED 013_mae_d1000_s45.args -> failed/ (worker continues)
[cw0] d90 FAILED 015_mae_d3000_s42.args -> failed/ (worker continues)
[cw0] d90 FAILED 017_mae_d3000_s44.args -> failed/ (worker continues)
[cw0] d90 FAILED 019_mae_d3000_s46.args -> failed/ (worker continues)
