Tue Jun 16 05:37:18 PM EDT 2026
host=c1000a-s25.ufhpc
pwd=/blue/guralnick/share/r.dinnage/Projects/phenovision
[single] PREADAPT_ARGS supplied (REDESIGN single-run path).
[single] args: --condition mae --variant adamw --shared-tokenizer mae --seed 42 --num_epochs 15 --batch_size 768 --phase2_batch_size 384 --blr 0.0005 --weight_decay 0.05 --max_train_samples 214000 --sampler_delta 0.01 --sampler_min_step 5 --sampler_max_step 200 --backpressure-high 6 --backpressure-low 2 --demo_kappa 1 --demo_warmup 200 --val_every_n 100 --projection_dim 8192 --retention_latest_keep 2
============================================================
PhenoVision preadapt trainer (pretraining-as-preadaptation)
============================================================
  run_id           : mae__adamw__s42
  condition        : mae
  variant          : adamw
  shared-tokenizer : mae
  seed             : 42
  output_dir       : /blue/guralnick/share/r.dinnage/Projects/phenovision/xAI/py/../../xAI/output/preadapt/mae__adamw__s42
  epochs           : 15

Device: cuda:0
Loading data...
  [TEST MODE] Limited training to 214000 samples
  Training images: 214000
  Validation subset: 10000
  Representation subset: 1000
[preadapt_models] init_model(condition='mae', exact_control_tokenizer=False): 303,303,682 params (303,303,682 currently trainable, pre-freeze).
[preadapt_train] applied MAE shared input stage (patch_embed + pos_embed).

============================================================
PHASE 1: Frozen Backbone (Equalization = ecological fitting)
============================================================
  Trainable parameters (head only): 2,050

--- Phase 1, Epoch 0 ---
  Epoch 0 [0/278] loss=0.6931 lr=0.001000
  Epoch 0 [20/278] loss=0.5497 lr=0.001000
  Epoch 0 [40/278] loss=0.5784 lr=0.001000
  Epoch 0 [60/278] loss=0.5471 lr=0.001000
  Epoch 0 [80/278] loss=0.5477 lr=0.000999
  VAL step=100 val_loss=0.5336 auc_roc_mean=0.7471 auc_pr_mean=0.6007
  Epoch 0 [100/278] loss=0.5197 lr=0.000999
  Epoch 0 [120/278] loss=0.5354 lr=0.000998
  Epoch 0 [140/278] loss=0.5361 lr=0.000997
  Epoch 0 [160/278] loss=0.5267 lr=0.000997
  Epoch 0 [180/278] loss=0.5379 lr=0.000996
  VAL step=200 val_loss=0.5059 auc_roc_mean=0.7680 auc_pr_mean=0.6245
  Epoch 0 [200/278] loss=0.5216 lr=0.000995
  Epoch 0 [220/278] loss=0.5200 lr=0.000994
  Epoch 0 [240/278] loss=0.5034 lr=0.000993
  Epoch 0 [260/278] loss=0.5313 lr=0.000991

--- Phase 1, Epoch 1 ---
  Epoch 1 [0/278] loss=0.5170 lr=0.000990
  Epoch 1 [20/278] loss=0.5169 lr=0.000989
  VAL step=300 val_loss=0.4862 auc_roc_mean=0.7804 auc_pr_mean=0.6391
  Epoch 1 [40/278] loss=0.5044 lr=0.000987
  Epoch 1 [60/278] loss=0.5107 lr=0.000985
  Epoch 1 [80/278] loss=0.4879 lr=0.000984
  Epoch 1 [100/278] loss=0.5166 lr=0.000982
  Epoch 1 [120/278] loss=0.5028 lr=0.000980
  VAL step=400 val_loss=0.4717 auc_roc_mean=0.7875 auc_pr_mean=0.6478
  Epoch 1 [140/278] loss=0.5192 lr=0.000978
  Epoch 1 [160/278] loss=0.4982 lr=0.000976
  Epoch 1 [180/278] loss=0.4863 lr=0.000973
  Epoch 1 [200/278] loss=0.4854 lr=0.000971
  Epoch 1 [220/278] loss=0.4862 lr=0.000969
  VAL step=500 val_loss=0.4612 auc_roc_mean=0.7924 auc_pr_mean=0.6546
  Epoch 1 [240/278] loss=0.4895 lr=0.000966
  Epoch 1 [260/278] loss=0.4939 lr=0.000964

--- Phase 1, Epoch 2 ---
  Epoch 2 [0/278] loss=0.4696 lr=0.000961
  Epoch 2 [20/278] loss=0.4826 lr=0.000958
  Epoch 2 [40/278] loss=0.5173 lr=0.000955
  VAL step=600 val_loss=0.4525 auc_roc_mean=0.7969 auc_pr_mean=0.6623
  Epoch 2 [60/278] loss=0.4731 lr=0.000952
  Epoch 2 [80/278] loss=0.4867 lr=0.000949
  Epoch 2 [100/278] loss=0.4996 lr=0.000946
  Epoch 2 [120/278] loss=0.5065 lr=0.000943
  Epoch 2 [140/278] loss=0.4902 lr=0.000940
  VAL step=700 val_loss=0.4458 auc_roc_mean=0.8005 auc_pr_mean=0.6672
  Epoch 2 [160/278] loss=0.4805 lr=0.000936
  Epoch 2 [180/278] loss=0.4735 lr=0.000933
  Epoch 2 [200/278] loss=0.4717 lr=0.000929
  Epoch 2 [220/278] loss=0.4779 lr=0.000925
  Epoch 2 [240/278] loss=0.4962 lr=0.000921
  VAL step=800 val_loss=0.4403 auc_roc_mean=0.8033 auc_pr_mean=0.6718
  Epoch 2 [260/278] loss=0.4890 lr=0.000918

--- Phase 1, Epoch 3 ---
  Epoch 3 [0/278] loss=0.4746 lr=0.000914
  Epoch 3 [20/278] loss=0.4604 lr=0.000910
  Epoch 3 [40/278] loss=0.4811 lr=0.000906
  Epoch 3 [60/278] loss=0.4653 lr=0.000902
  VAL step=900 val_loss=0.4359 auc_roc_mean=0.8055 auc_pr_mean=0.6761
  Epoch 3 [80/278] loss=0.4711 lr=0.000897
  Epoch 3 [100/278] loss=0.4693 lr=0.000893
  Epoch 3 [120/278] loss=0.4655 lr=0.000889
  Epoch 3 [140/278] loss=0.5101 lr=0.000884
  Epoch 3 [160/278] loss=0.4584 lr=0.000880
  VAL step=1000 val_loss=0.4330 auc_roc_mean=0.8067 auc_pr_mean=0.6770
  Epoch 3 [180/278] loss=0.4920 lr=0.000875
  Epoch 3 [200/278] loss=0.4753 lr=0.000870
  Epoch 3 [220/278] loss=0.4675 lr=0.000865
  Epoch 3 [240/278] loss=0.4759 lr=0.000861
  Epoch 3 [260/278] loss=0.4775 lr=0.000856
  VAL step=1100 val_loss=0.4292 auc_roc_mean=0.8089 auc_pr_mean=0.6810

--- Phase 1, Epoch 4 ---
  Epoch 4 [0/278] loss=0.4548 lr=0.000851
  Epoch 4 [20/278] loss=0.4794 lr=0.000846
  Epoch 4 [40/278] loss=0.4691 lr=0.000841
  Epoch 4 [60/278] loss=0.4797 lr=0.000836
  Epoch 4 [80/278] loss=0.4627 lr=0.000830
  VAL step=1200 val_loss=0.4276 auc_roc_mean=0.8101 auc_pr_mean=0.6839
  Epoch 4 [100/278] loss=0.4655 lr=0.000825
  Epoch 4 [120/278] loss=0.4650 lr=0.000820
  Epoch 4 [140/278] loss=0.4646 lr=0.000814
  Epoch 4 [160/278] loss=0.4952 lr=0.000809
  Epoch 4 [180/278] loss=0.4667 lr=0.000803
  VAL step=1300 val_loss=0.4245 auc_roc_mean=0.8118 auc_pr_mean=0.6873
  Epoch 4 [200/278] loss=0.4905 lr=0.000797
  Epoch 4 [220/278] loss=0.4672 lr=0.000792
  Epoch 4 [240/278] loss=0.4767 lr=0.000786
  Epoch 4 [260/278] loss=0.4556 lr=0.000780

--- Phase 1, Epoch 5 ---
  Epoch 5 [0/278] loss=0.4899 lr=0.000775
  VAL step=1400 val_loss=0.4225 auc_roc_mean=0.8130 auc_pr_mean=0.6891
  Epoch 5 [20/278] loss=0.4843 lr=0.000769
  Epoch 5 [40/278] loss=0.4424 lr=0.000763
  Epoch 5 [60/278] loss=0.4837 lr=0.000757
  Epoch 5 [80/278] loss=0.4644 lr=0.000751
  Epoch 5 [100/278] loss=0.4705 lr=0.000745
  VAL step=1500 val_loss=0.4205 auc_roc_mean=0.8140 auc_pr_mean=0.6916
  Epoch 5 [120/278] loss=0.4712 lr=0.000739
  Epoch 5 [140/278] loss=0.4603 lr=0.000733
  Epoch 5 [160/278] loss=0.4473 lr=0.000727
  Epoch 5 [180/278] loss=0.4508 lr=0.000720
  Epoch 5 [200/278] loss=0.4817 lr=0.000714
  VAL step=1600 val_loss=0.4186 auc_roc_mean=0.8152 auc_pr_mean=0.6936
  Epoch 5 [220/278] loss=0.4647 lr=0.000708
  Epoch 5 [240/278] loss=0.4737 lr=0.000701
  Epoch 5 [260/278] loss=0.4723 lr=0.000695

--- Phase 1, Epoch 6 ---
  Epoch 6 [0/278] loss=0.4995 lr=0.000689
  Epoch 6 [20/278] loss=0.4590 lr=0.000683
  VAL step=1700 val_loss=0.4171 auc_roc_mean=0.8163 auc_pr_mean=0.6957
  Epoch 6 [40/278] loss=0.4736 lr=0.000676
  Epoch 6 [60/278] loss=0.4191 lr=0.000670
  Epoch 6 [80/278] loss=0.4848 lr=0.000663
  Epoch 6 [100/278] loss=0.4774 lr=0.000656
  Epoch 6 [120/278] loss=0.4809 lr=0.000650
  VAL step=1800 val_loss=0.4160 auc_roc_mean=0.8171 auc_pr_mean=0.6962
  Plateau (1/2) auc_roc improvement=0.0019
  Epoch 6 [140/278] loss=0.4711 lr=0.000643
  Epoch 6 [160/278] loss=0.4575 lr=0.000637
  Epoch 6 [180/278] loss=0.4826 lr=0.000630
  Epoch 6 [200/278] loss=0.4702 lr=0.000623
  Epoch 6 [220/278] loss=0.4328 lr=0.000617
  VAL step=1900 val_loss=0.4153 auc_roc_mean=0.8179 auc_pr_mean=0.6983
  Plateau (2/2) auc_roc improvement=0.0016

*** Phase 1 converged at epoch 6, step 1900 ***

PHASE_TRANSITION: step=1900 epoch=6 val_loss=0.4153 auc_roc_mean=0.8179 auc_pr_mean=0.6983 (ECOLOGICAL_FITTING: auc_pr=0.6983, val_loss=0.4153)

============================================================
PHASE 2: Evolution  (variant=adamw)
============================================================
[preadapt_models] freeze_input_stage: froze 3 input-stage tensors.
  Phase-2 uniform lr=0.00075  eff_batch=384  variant=adamw

--- Phase 2, Epoch 7 (P2 epoch 0) ---
  [0/557] loss=0.4328 upd_norm=0.7321 disp=11.6877 sampler=0.3255 lr=0.000678
  EMIT ckpt step=1905 reason=displacement on_ladder=True -> step00001905.pt
  EMIT ckpt step=1910 reason=displacement on_ladder=True -> step00001910.pt
  EMIT ckpt step=1915 reason=displacement on_ladder=True -> step00001915.pt
  EMIT ckpt step=1920 reason=displacement on_ladder=True -> step00001920.pt
  [20/557] loss=0.5952 upd_norm=1.8871 disp=56.0546 sampler=0.0269 lr=0.000676
  EMIT ckpt step=1925 reason=displacement on_ladder=True -> step00001925.pt
  EMIT ckpt step=1930 reason=displacement on_ladder=True -> step00001930.pt
  EMIT ckpt step=1935 reason=displacement on_ladder=True -> step00001935.pt
  EMIT ckpt step=1940 reason=displacement on_ladder=True -> step00001940.pt
  [40/557] loss=0.5574 upd_norm=0.7671 disp=63.2878 sampler=0.0060 lr=0.000673
  EMIT ckpt step=1945 reason=displacement on_ladder=True -> step00001945.pt
  EMIT ckpt step=1950 reason=displacement on_ladder=True -> step00001950.pt
  EMIT ckpt step=1956 reason=displacement on_ladder=True -> step00001956.pt
  [60/557] loss=0.5581 upd_norm=1.8717 disp=64.3935 sampler=0.0089 lr=0.000671
  EMIT ckpt step=1962 reason=displacement on_ladder=True -> step00001962.pt
  EMIT ckpt step=1968 reason=displacement on_ladder=True -> step00001968.pt
  EMIT ckpt step=1976 reason=displacement on_ladder=True -> step00001976.pt
  [80/557] loss=0.6094 upd_norm=2.3523 disp=64.5636 sampler=0.0081 lr=0.000668
  EMIT ckpt step=1984 reason=displacement on_ladder=True -> step00001984.pt
  EMIT ckpt step=1989 reason=displacement on_ladder=True -> step00001989.pt
  EMIT ckpt step=1996 reason=displacement on_ladder=True -> step00001996.pt
  VAL step=2000 (p2=100) val_loss=0.6152 auc_pr_mean=0.4822
  [100/557] loss=0.5653 upd_norm=2.8021 disp=64.6187 sampler=0.0087 lr=0.000666
  EMIT ckpt step=2003 reason=displacement on_ladder=True -> step00002003.pt
  EMIT ckpt step=2010 reason=displacement on_ladder=True -> step00002010.pt
  EMIT ckpt step=2015 reason=displacement on_ladder=True -> step00002015.pt
  EMIT ckpt step=2021 reason=displacement on_ladder=True -> step00002021.pt
  [120/557] loss=0.5570 upd_norm=1.5791 disp=64.6885 sampler=0.0105 lr=0.000663
  EMIT ckpt step=2027 reason=displacement on_ladder=True -> step00002027.pt
  EMIT ckpt step=2032 reason=displacement on_ladder=True -> step00002032.pt
  EMIT ckpt step=2037 reason=displacement on_ladder=True -> step00002037.pt
  [140/557] loss=0.5396 upd_norm=1.2033 disp=64.8153 sampler=0.0099 lr=0.000660
  EMIT ckpt step=2042 reason=displacement on_ladder=True -> step00002042.pt
  EMIT ckpt step=2047 reason=displacement on_ladder=True -> step00002047.pt
  EMIT ckpt step=2052 reason=displacement on_ladder=True -> step00002052.pt
  EMIT ckpt step=2057 reason=displacement on_ladder=True -> step00002057.pt
  [160/557] loss=0.5765 upd_norm=3.5278 disp=65.0965 sampler=0.0155 lr=0.000657
  EMIT ckpt step=2062 reason=displacement on_ladder=True -> step00002062.pt
  EMIT ckpt step=2067 reason=displacement on_ladder=True -> step00002067.pt
  EMIT ckpt step=2072 reason=displacement on_ladder=True -> step00002072.pt
  EMIT ckpt step=2077 reason=displacement on_ladder=True -> step00002077.pt
  [180/557] loss=0.5323 upd_norm=1.6156 disp=65.4846 sampler=0.0160 lr=0.000655
  EMIT ckpt step=2082 reason=displacement on_ladder=True -> step00002082.pt
  EMIT ckpt step=2087 reason=displacement on_ladder=True -> step00002087.pt
  EMIT ckpt step=2092 reason=displacement on_ladder=True -> step00002092.pt
  EMIT ckpt step=2097 reason=displacement on_ladder=True -> step00002097.pt
  VAL step=2100 (p2=200) val_loss=0.5452 auc_pr_mean=0.5518
  [200/557] loss=0.5842 upd_norm=2.7331 disp=65.9397 sampler=0.0179 lr=0.000652
  EMIT ckpt step=2102 reason=displacement on_ladder=True -> step00002102.pt
  EMIT ckpt step=2107 reason=displacement on_ladder=True -> step00002107.pt
  EMIT ckpt step=2112 reason=displacement on_ladder=True -> step00002112.pt
  EMIT ckpt step=2117 reason=displacement on_ladder=True -> step00002117.pt
  [220/557] loss=0.8325 upd_norm=7.8456 disp=66.3428 sampler=0.0248 lr=0.000649
  EMIT ckpt step=2122 reason=displacement on_ladder=True -> step00002122.pt
  EMIT ckpt step=2127 reason=displacement on_ladder=True -> step00002127.pt
  EMIT ckpt step=2132 reason=displacement on_ladder=True -> step00002132.pt
  EMIT ckpt step=2137 reason=displacement on_ladder=True -> step00002137.pt
  [240/557] loss=0.5353 upd_norm=1.0659 disp=66.8998 sampler=0.0154 lr=0.000646
  EMIT ckpt step=2142 reason=displacement on_ladder=True -> step00002142.pt
  EMIT ckpt step=2147 reason=displacement on_ladder=True -> step00002147.pt
  EMIT ckpt step=2152 reason=displacement on_ladder=True -> step00002152.pt
  EMIT ckpt step=2157 reason=displacement on_ladder=True -> step00002157.pt
  [260/557] loss=0.5406 upd_norm=1.5066 disp=67.3887 sampler=0.0187 lr=0.000643
  EMIT ckpt step=2162 reason=displacement on_ladder=True -> step00002162.pt
  EMIT ckpt step=2167 reason=displacement on_ladder=True -> step00002167.pt
  EMIT ckpt step=2172 reason=displacement on_ladder=True -> step00002172.pt
  EMIT ckpt step=2177 reason=displacement on_ladder=True -> step00002177.pt
  [280/557] loss=0.5416 upd_norm=2.5631 disp=67.8441 sampler=0.0182 lr=0.000640
  EMIT ckpt step=2182 reason=displacement on_ladder=True -> step00002182.pt
  EMIT ckpt step=2187 reason=displacement on_ladder=True -> step00002187.pt
  EMIT ckpt step=2192 reason=displacement on_ladder=True -> step00002192.pt
  EMIT ckpt step=2197 reason=displacement on_ladder=True -> step00002197.pt
  VAL step=2200 (p2=300) val_loss=0.5398 auc_pr_mean=0.5625
  [300/557] loss=0.5807 upd_norm=3.3210 disp=68.3515 sampler=0.0178 lr=0.000637
  EMIT ckpt step=2202 reason=displacement on_ladder=True -> step00002202.pt
  EMIT ckpt step=2207 reason=displacement on_ladder=True -> step00002207.pt
  EMIT ckpt step=2212 reason=displacement on_ladder=True -> step00002212.pt
  EMIT ckpt step=2217 reason=displacement on_ladder=True -> step00002217.pt
  [320/557] loss=0.5391 upd_norm=0.8806 disp=68.7371 sampler=0.0145 lr=0.000634
  EMIT ckpt step=2222 reason=displacement on_ladder=True -> step00002222.pt
  EMIT ckpt step=2227 reason=displacement on_ladder=True -> step00002227.pt
  EMIT ckpt step=2232 reason=displacement on_ladder=True -> step00002232.pt
  EMIT ckpt step=2237 reason=displacement on_ladder=True -> step00002237.pt
  [340/557] loss=0.4860 upd_norm=0.1679 disp=69.0327 sampler=0.0171 lr=0.000631
  EMIT ckpt step=2242 reason=displacement on_ladder=True -> step00002242.pt
  EMIT ckpt step=2247 reason=displacement on_ladder=True -> step00002247.pt
  EMIT ckpt step=2252 reason=displacement on_ladder=True -> step00002252.pt
  EMIT ckpt step=2257 reason=displacement on_ladder=True -> step00002257.pt
  [360/557] loss=0.6312 upd_norm=4.6442 disp=69.3225 sampler=0.0181 lr=0.000628
  EMIT ckpt step=2262 reason=displacement on_ladder=True -> step00002262.pt
  EMIT ckpt step=2267 reason=displacement on_ladder=True -> step00002267.pt
  EMIT ckpt step=2272 reason=displacement on_ladder=True -> step00002272.pt
  EMIT ckpt step=2277 reason=displacement on_ladder=True -> step00002277.pt
  [380/557] loss=0.5042 upd_norm=0.3167 disp=69.6942 sampler=0.0157 lr=0.000625
  EMIT ckpt step=2282 reason=displacement on_ladder=True -> step00002282.pt
  EMIT ckpt step=2287 reason=displacement on_ladder=True -> step00002287.pt
  EMIT ckpt step=2292 reason=displacement on_ladder=True -> step00002292.pt
  EMIT ckpt step=2297 reason=displacement on_ladder=True -> step00002297.pt
  VAL step=2300 (p2=400) val_loss=0.4632 auc_pr_mean=0.5844
  [400/557] loss=0.4982 upd_norm=0.2370 disp=70.0211 sampler=0.0129 lr=0.000622
  EMIT ckpt step=2302 reason=displacement on_ladder=True -> step00002302.pt
  EMIT ckpt step=2307 reason=displacement on_ladder=True -> step00002307.pt
  EMIT ckpt step=2312 reason=displacement on_ladder=True -> step00002312.pt
  EMIT ckpt step=2317 reason=displacement on_ladder=True -> step00002317.pt
  [420/557] loss=0.5693 upd_norm=2.9939 disp=70.3073 sampler=0.0161 lr=0.000618
  EMIT ckpt step=2322 reason=displacement on_ladder=True -> step00002322.pt
  EMIT ckpt step=2327 reason=displacement on_ladder=True -> step00002327.pt
  EMIT ckpt step=2332 reason=displacement on_ladder=True -> step00002332.pt
  EMIT ckpt step=2337 reason=displacement on_ladder=True -> step00002337.pt
  [440/557] loss=0.5432 upd_norm=2.8116 disp=70.6250 sampler=0.0201 lr=0.000615
  EMIT ckpt step=2342 reason=displacement on_ladder=True -> step00002342.pt
  EMIT ckpt step=2347 reason=displacement on_ladder=True -> step00002347.pt
  EMIT ckpt step=2352 reason=displacement on_ladder=True -> step00002352.pt
  EMIT ckpt step=2357 reason=displacement on_ladder=True -> step00002357.pt
  [460/557] loss=0.4613 upd_norm=0.9231 disp=70.9710 sampler=0.0171 lr=0.000612
  EMIT ckpt step=2362 reason=displacement on_ladder=True -> step00002362.pt
  EMIT ckpt step=2367 reason=displacement on_ladder=True -> step00002367.pt
  EMIT ckpt step=2372 reason=displacement on_ladder=True -> step00002372.pt
  EMIT ckpt step=2377 reason=displacement on_ladder=True -> step00002377.pt
  [480/557] loss=0.5109 upd_norm=1.0385 disp=71.3909 sampler=0.0181 lr=0.000609
  EMIT ckpt step=2382 reason=displacement on_ladder=True -> step00002382.pt
  EMIT ckpt step=2387 reason=displacement on_ladder=True -> step00002387.pt
  EMIT ckpt step=2392 reason=displacement on_ladder=True -> step00002392.pt
  EMIT ckpt step=2397 reason=displacement on_ladder=True -> step00002397.pt
  VAL step=2400 (p2=500) val_loss=0.4588 auc_pr_mean=0.6144
  [500/557] loss=0.4990 upd_norm=0.6455 disp=71.7614 sampler=0.0161 lr=0.000605
  EMIT ckpt step=2402 reason=displacement on_ladder=True -> step00002402.pt
  EMIT ckpt step=2407 reason=displacement on_ladder=True -> step00002407.pt
  EMIT ckpt step=2412 reason=displacement on_ladder=True -> step00002412.pt
  EMIT ckpt step=2417 reason=displacement on_ladder=True -> step00002417.pt
  [520/557] loss=0.5119 upd_norm=0.6185 disp=72.1720 sampler=0.0202 lr=0.000602
  EMIT ckpt step=2422 reason=displacement on_ladder=True -> step00002422.pt
  EMIT ckpt step=2427 reason=displacement on_ladder=True -> step00002427.pt
  EMIT ckpt step=2432 reason=displacement on_ladder=True -> step00002432.pt
  EMIT ckpt step=2437 reason=displacement on_ladder=True -> step00002437.pt
  [540/557] loss=0.5187 upd_norm=0.9085 disp=72.6835 sampler=0.0251 lr=0.000599
  EMIT ckpt step=2442 reason=displacement on_ladder=True -> step00002442.pt
  EMIT ckpt step=2447 reason=displacement on_ladder=True -> step00002447.pt
  EMIT ckpt step=2452 reason=displacement on_ladder=True -> step00002452.pt
  EMIT ckpt step=2457 reason=displacement on_ladder=True -> step00002457.pt
  EMIT ckpt step=2457 reason=epoch_end on_ladder=True -> step00002457.pt

--- Phase 2, Epoch 8 (P2 epoch 1) ---
  [0/557] loss=0.5335 upd_norm=2.3124 disp=73.1749 sampler=0.0059 lr=0.000596
  EMIT ckpt step=2462 reason=displacement on_ladder=True -> step00002462.pt
  EMIT ckpt step=2467 reason=displacement on_ladder=True -> step00002467.pt
  EMIT ckpt step=2472 reason=displacement on_ladder=True -> step00002472.pt
  EMIT ckpt step=2477 reason=displacement on_ladder=True -> step00002477.pt
  [20/557] loss=0.4954 upd_norm=1.0810 disp=73.6942 sampler=0.0051 lr=0.000592
  EMIT ckpt step=2482 reason=displacement on_ladder=True -> step00002482.pt
  EMIT ckpt step=2487 reason=displacement on_ladder=True -> step00002487.pt
  EMIT ckpt step=2492 reason=displacement on_ladder=True -> step00002492.pt
  EMIT ckpt step=2497 reason=displacement on_ladder=True -> step00002497.pt
  [40/557] loss=0.5355 upd_norm=1.9235 disp=74.1197 sampler=0.0067 lr=0.000589
  VAL step=2500 (p2=600) val_loss=0.4719 auc_pr_mean=0.6362
  EMIT ckpt step=2502 reason=displacement on_ladder=True -> step00002502.pt
  EMIT ckpt step=2507 reason=displacement on_ladder=True -> step00002507.pt
  EMIT ckpt step=2512 reason=displacement on_ladder=True -> step00002512.pt
  EMIT ckpt step=2517 reason=displacement on_ladder=True -> step00002517.pt
  [60/557] loss=0.4936 upd_norm=0.6751 disp=74.5533 sampler=0.0048 lr=0.000585
  EMIT ckpt step=2522 reason=displacement on_ladder=True -> step00002522.pt
  EMIT ckpt step=2527 reason=displacement on_ladder=True -> step00002527.pt
  EMIT ckpt step=2532 reason=displacement on_ladder=True -> step00002532.pt
  EMIT ckpt step=2537 reason=displacement on_ladder=True -> step00002537.pt
  [80/557] loss=0.4913 upd_norm=0.2298 disp=74.9451 sampler=0.0058 lr=0.000582
  EMIT ckpt step=2542 reason=displacement on_ladder=True -> step00002542.pt
  EMIT ckpt step=2547 reason=displacement on_ladder=True -> step00002547.pt
  EMIT ckpt step=2552 reason=displacement on_ladder=True -> step00002552.pt
  EMIT ckpt step=2557 reason=displacement on_ladder=True -> step00002557.pt
  [100/557] loss=0.5221 upd_norm=1.2022 disp=75.3788 sampler=0.0091 lr=0.000578
  EMIT ckpt step=2562 reason=displacement on_ladder=True -> step00002562.pt
  EMIT ckpt step=2567 reason=displacement on_ladder=True -> step00002567.pt
  EMIT ckpt step=2572 reason=displacement on_ladder=True -> step00002572.pt
  EMIT ckpt step=2577 reason=displacement on_ladder=True -> step00002577.pt
  [120/557] loss=0.5120 upd_norm=0.4175 disp=75.9064 sampler=0.0065 lr=0.000575
  EMIT ckpt step=2582 reason=displacement on_ladder=True -> step00002582.pt
  EMIT ckpt step=2587 reason=displacement on_ladder=True -> step00002587.pt
  EMIT ckpt step=2592 reason=displacement on_ladder=True -> step00002592.pt
  EMIT ckpt step=2597 reason=displacement on_ladder=True -> step00002597.pt
  [140/557] loss=0.5105 upd_norm=1.9035 disp=76.3982 sampler=0.0053 lr=0.000571
  VAL step=2600 (p2=700) val_loss=0.4511 auc_pr_mean=0.6386
  EMIT ckpt step=2602 reason=displacement on_ladder=True -> step00002602.pt
  EMIT ckpt step=2607 reason=displacement on_ladder=True -> step00002607.pt
  EMIT ckpt step=2612 reason=displacement on_ladder=True -> step00002612.pt
  EMIT ckpt step=2617 reason=displacement on_ladder=True -> step00002617.pt
  [160/557] loss=0.4925 upd_norm=0.9512 disp=76.9021 sampler=0.0060 lr=0.000567
  EMIT ckpt step=2622 reason=displacement on_ladder=True -> step00002622.pt
  EMIT ckpt step=2627 reason=displacement on_ladder=True -> step00002627.pt
  EMIT ckpt step=2632 reason=displacement on_ladder=True -> step00002632.pt
  BACKPRESSURE: 7 pending > high (6), pausing training (waiting for collectors to drain below 2; polling every 15s).
  BACKPRESSURE cleared — 1 pending < low (2); resuming training.
  EMIT ckpt step=2637 reason=displacement on_ladder=True -> step00002637.pt
  [180/557] loss=0.5105 upd_norm=1.1781 disp=77.2963 sampler=0.0050 lr=0.000564
  EMIT ckpt step=2642 reason=displacement on_ladder=True -> step00002642.pt
  EMIT ckpt step=2647 reason=displacement on_ladder=True -> step00002647.pt
  EMIT ckpt step=2652 reason=displacement on_ladder=True -> step00002652.pt
  EMIT ckpt step=2657 reason=displacement on_ladder=True -> step00002657.pt
  [200/557] loss=0.5457 upd_norm=3.0127 disp=77.6856 sampler=0.0082 lr=0.000560
  EMIT ckpt step=2662 reason=displacement on_ladder=True -> step00002662.pt
  EMIT ckpt step=2667 reason=displacement on_ladder=True -> step00002667.pt
  EMIT ckpt step=2672 reason=displacement on_ladder=True -> step00002672.pt
  EMIT ckpt step=2677 reason=displacement on_ladder=True -> step00002677.pt
  [220/557] loss=0.5299 upd_norm=0.8475 disp=78.1602 sampler=0.0075 lr=0.000556
  EMIT ckpt step=2682 reason=displacement on_ladder=True -> step00002682.pt
  EMIT ckpt step=2687 reason=displacement on_ladder=True -> step00002687.pt
  EMIT ckpt step=2692 reason=displacement on_ladder=True -> step00002692.pt
  EMIT ckpt step=2697 reason=displacement on_ladder=True -> step00002697.pt
  [240/557] loss=0.4956 upd_norm=1.3934 disp=78.5912 sampler=0.0054 lr=0.000553
  VAL step=2700 (p2=800) val_loss=0.4669 auc_pr_mean=0.6513
  EMIT ckpt step=2702 reason=displacement on_ladder=True -> step00002702.pt
  EMIT ckpt step=2707 reason=displacement on_ladder=True -> step00002707.pt
  EMIT ckpt step=2712 reason=displacement on_ladder=True -> step00002712.pt
  EMIT ckpt step=2717 reason=displacement on_ladder=True -> step00002717.pt
  [260/557] loss=0.5279 upd_norm=2.5168 disp=79.0378 sampler=0.0109 lr=0.000549
  EMIT ckpt step=2722 reason=displacement on_ladder=True -> step00002722.pt
  EMIT ckpt step=2727 reason=displacement on_ladder=True -> step00002727.pt
  EMIT ckpt step=2732 reason=displacement on_ladder=True -> step00002732.pt
  EMIT ckpt step=2737 reason=displacement on_ladder=True -> step00002737.pt
  [280/557] loss=0.4924 upd_norm=1.5430 disp=79.5449 sampler=0.0074 lr=0.000545
  EMIT ckpt step=2742 reason=displacement on_ladder=True -> step00002742.pt
  EMIT ckpt step=2747 reason=displacement on_ladder=True -> step00002747.pt
  EMIT ckpt step=2752 reason=displacement on_ladder=True -> step00002752.pt
  EMIT ckpt step=2757 reason=displacement on_ladder=True -> step00002757.pt
  [300/557] loss=0.5178 upd_norm=0.5195 disp=79.9863 sampler=0.0074 lr=0.000541
  EMIT ckpt step=2762 reason=displacement on_ladder=True -> step00002762.pt
  EMIT ckpt step=2767 reason=displacement on_ladder=True -> step00002767.pt
  EMIT ckpt step=2772 reason=displacement on_ladder=True -> step00002772.pt
  EMIT ckpt step=2777 reason=displacement on_ladder=True -> step00002777.pt
  [320/557] loss=0.5192 upd_norm=1.4550 disp=80.4823 sampler=0.0087 lr=0.000538
  EMIT ckpt step=2782 reason=displacement on_ladder=True -> step00002782.pt
  EMIT ckpt step=2787 reason=displacement on_ladder=True -> step00002787.pt
  EMIT ckpt step=2792 reason=displacement on_ladder=True -> step00002792.pt
  EMIT ckpt step=2797 reason=displacement on_ladder=True -> step00002797.pt
  [340/557] loss=0.4591 upd_norm=0.8297 disp=80.9741 sampler=0.0074 lr=0.000534
  VAL step=2800 (p2=900) val_loss=0.4300 auc_pr_mean=0.6609
  EMIT ckpt step=2802 reason=displacement on_ladder=True -> step00002802.pt
  EMIT ckpt step=2807 reason=displacement on_ladder=True -> step00002807.pt
  EMIT ckpt step=2812 reason=displacement on_ladder=True -> step00002812.pt
  EMIT ckpt step=2817 reason=displacement on_ladder=True -> step00002817.pt
  [360/557] loss=0.5560 upd_norm=2.9458 disp=81.4429 sampler=0.0068 lr=0.000530
  EMIT ckpt step=2822 reason=displacement on_ladder=True -> step00002822.pt
  EMIT ckpt step=2827 reason=displacement on_ladder=True -> step00002827.pt
  EMIT ckpt step=2832 reason=displacement on_ladder=True -> step00002832.pt
  EMIT ckpt step=2837 reason=displacement on_ladder=True -> step00002837.pt
  [380/557] loss=0.5278 upd_norm=2.1950 disp=81.9328 sampler=0.0090 lr=0.000526
  EMIT ckpt step=2842 reason=displacement on_ladder=True -> step00002842.pt
  EMIT ckpt step=2847 reason=displacement on_ladder=True -> step00002847.pt
  EMIT ckpt step=2852 reason=displacement on_ladder=True -> step00002852.pt
  EMIT ckpt step=2857 reason=displacement on_ladder=True -> step00002857.pt
  [400/557] loss=0.5028 upd_norm=0.4925 disp=82.4422 sampler=0.0064 lr=0.000522
  EMIT ckpt step=2862 reason=displacement on_ladder=True -> step00002862.pt
  EMIT ckpt step=2867 reason=displacement on_ladder=True -> step00002867.pt
  EMIT ckpt step=2872 reason=displacement on_ladder=True -> step00002872.pt
  EMIT ckpt step=2877 reason=displacement on_ladder=True -> step00002877.pt
  [420/557] loss=0.4824 upd_norm=1.6739 disp=82.8535 sampler=0.0055 lr=0.000518
  EMIT ckpt step=2882 reason=displacement on_ladder=True -> step00002882.pt
  EMIT ckpt step=2887 reason=displacement on_ladder=True -> step00002887.pt
  EMIT ckpt step=2892 reason=displacement on_ladder=True -> step00002892.pt
  EMIT ckpt step=2897 reason=displacement on_ladder=True -> step00002897.pt
  [440/557] loss=0.4831 upd_norm=0.8384 disp=83.2686 sampler=0.0072 lr=0.000514
  VAL step=2900 (p2=1000) val_loss=0.4429 auc_pr_mean=0.6672
  EMIT ckpt step=2902 reason=displacement on_ladder=True -> step00002902.pt
  EMIT ckpt step=2907 reason=displacement on_ladder=True -> step00002907.pt
  EMIT ckpt step=2912 reason=displacement on_ladder=True -> step00002912.pt
  EMIT ckpt step=2917 reason=displacement on_ladder=True -> step00002917.pt
  [460/557] loss=0.4924 upd_norm=0.7574 disp=83.6509 sampler=0.0072 lr=0.000511
  EMIT ckpt step=2922 reason=displacement on_ladder=True -> step00002922.pt
  EMIT ckpt step=2927 reason=displacement on_ladder=True -> step00002927.pt
  EMIT ckpt step=2932 reason=displacement on_ladder=True -> step00002932.pt
  EMIT ckpt step=2937 reason=displacement on_ladder=True -> step00002937.pt
  [480/557] loss=0.4853 upd_norm=0.9128 disp=84.0710 sampler=0.0099 lr=0.000507
  EMIT ckpt step=2942 reason=displacement on_ladder=True -> step00002942.pt
  EMIT ckpt step=2947 reason=displacement on_ladder=True -> step00002947.pt
  EMIT ckpt step=2952 reason=displacement on_ladder=True -> step00002952.pt
  EMIT ckpt step=2957 reason=displacement on_ladder=True -> step00002957.pt
  [500/557] loss=0.4983 upd_norm=2.5885 disp=84.5703 sampler=0.0089 lr=0.000503
  EMIT ckpt step=2962 reason=displacement on_ladder=True -> step00002962.pt
  EMIT ckpt step=2967 reason=displacement on_ladder=True -> step00002967.pt
  EMIT ckpt step=2972 reason=displacement on_ladder=True -> step00002972.pt
  EMIT ckpt step=2977 reason=displacement on_ladder=True -> step00002977.pt
  [520/557] loss=0.5402 upd_norm=3.5709 disp=84.9847 sampler=0.0096 lr=0.000499
  EMIT ckpt step=2982 reason=displacement on_ladder=True -> step00002982.pt
  EMIT ckpt step=2987 reason=displacement on_ladder=True -> step00002987.pt
  EMIT ckpt step=2992 reason=displacement on_ladder=True -> step00002992.pt
  EMIT ckpt step=2997 reason=displacement on_ladder=True -> step00002997.pt
  [540/557] loss=0.4607 upd_norm=0.6607 disp=85.3890 sampler=0.0086 lr=0.000495
  VAL step=3000 (p2=1100) val_loss=0.4531 auc_pr_mean=0.6738
  EMIT ckpt step=3002 reason=displacement on_ladder=True -> step00003002.pt
  EMIT ckpt step=3007 reason=displacement on_ladder=True -> step00003007.pt
  EMIT ckpt step=3012 reason=displacement on_ladder=True -> step00003012.pt
  EMIT ckpt step=3014 reason=epoch_end on_ladder=True -> step00003014.pt

--- Phase 2, Epoch 9 (P2 epoch 2) ---
  [0/557] loss=0.4916 upd_norm=2.0855 disp=85.7669 sampler=0.0058 lr=0.000491
  EMIT ckpt step=3019 reason=displacement on_ladder=True -> step00003019.pt
  EMIT ckpt step=3024 reason=displacement on_ladder=True -> step00003024.pt
  EMIT ckpt step=3029 reason=displacement on_ladder=True -> step00003029.pt
  EMIT ckpt step=3034 reason=displacement on_ladder=True -> step00003034.pt
  [20/557] loss=0.5601 upd_norm=3.6845 disp=86.2231 sampler=0.0069 lr=0.000487
  EMIT ckpt step=3039 reason=displacement on_ladder=True -> step00003039.pt
  EMIT ckpt step=3044 reason=displacement on_ladder=True -> step00003044.pt
  EMIT ckpt step=3049 reason=displacement on_ladder=True -> step00003049.pt
  EMIT ckpt step=3054 reason=displacement on_ladder=True -> step00003054.pt
  [40/557] loss=0.4429 upd_norm=1.5110 disp=86.7608 sampler=0.0097 lr=0.000483
  EMIT ckpt step=3059 reason=displacement on_ladder=True -> step00003059.pt
  EMIT ckpt step=3064 reason=displacement on_ladder=True -> step00003064.pt
  EMIT ckpt step=3069 reason=displacement on_ladder=True -> step00003069.pt
  EMIT ckpt step=3074 reason=displacement on_ladder=True -> step00003074.pt
  [60/557] loss=0.4610 upd_norm=0.5710 disp=87.2568 sampler=0.0056 lr=0.000479
  EMIT ckpt step=3079 reason=displacement on_ladder=True -> step00003079.pt
  EMIT ckpt step=3084 reason=displacement on_ladder=True -> step00003084.pt
  EMIT ckpt step=3089 reason=displacement on_ladder=True -> step00003089.pt
  EMIT ckpt step=3094 reason=displacement on_ladder=True -> step00003094.pt
  [80/557] loss=0.4608 upd_norm=0.9695 disp=87.6065 sampler=0.0053 lr=0.000475
  EMIT ckpt step=3099 reason=displacement on_ladder=True -> step00003099.pt
  VAL step=3100 (p2=1200) val_loss=0.4158 auc_pr_mean=0.6784
  EMIT ckpt step=3104 reason=displacement on_ladder=True -> step00003104.pt
  EMIT ckpt step=3109 reason=displacement on_ladder=True -> step00003109.pt
  EMIT ckpt step=3114 reason=displacement on_ladder=True -> step00003114.pt
  [100/557] loss=0.4672 upd_norm=0.5665 disp=87.9832 sampler=0.0053 lr=0.000471
  EMIT ckpt step=3119 reason=displacement on_ladder=True -> step00003119.pt
  EMIT ckpt step=3124 reason=displacement on_ladder=True -> step00003124.pt
  EMIT ckpt step=3129 reason=displacement on_ladder=True -> step00003129.pt
  EMIT ckpt step=3134 reason=displacement on_ladder=True -> step00003134.pt
  [120/557] loss=0.4643 upd_norm=0.2939 disp=88.3434 sampler=0.0060 lr=0.000467
  EMIT ckpt step=3139 reason=displacement on_ladder=True -> step00003139.pt
  EMIT ckpt step=3144 reason=displacement on_ladder=True -> step00003144.pt
  EMIT ckpt step=3149 reason=displacement on_ladder=True -> step00003149.pt
  EMIT ckpt step=3154 reason=displacement on_ladder=True -> step00003154.pt
  [140/557] loss=0.4646 upd_norm=0.3168 disp=88.7311 sampler=0.0066 lr=0.000463
  EMIT ckpt step=3159 reason=displacement on_ladder=True -> step00003159.pt
  BACKPRESSURE: 7 pending > high (6), pausing training (waiting for collectors to drain below 2; polling every 15s).
  BACKPRESSURE cleared — 1 pending < low (2); resuming training.
  EMIT ckpt step=3164 reason=displacement on_ladder=True -> step00003164.pt
  EMIT ckpt step=3169 reason=displacement on_ladder=True -> step00003169.pt
  EMIT ckpt step=3174 reason=displacement on_ladder=True -> step00003174.pt
  [160/557] loss=0.5092 upd_norm=2.5992 disp=89.1416 sampler=0.0095 lr=0.000459
  EMIT ckpt step=3179 reason=displacement on_ladder=True -> step00003179.pt
  EMIT ckpt step=3184 reason=displacement on_ladder=True -> step00003184.pt
  EMIT ckpt step=3189 reason=displacement on_ladder=True -> step00003189.pt
  EMIT ckpt step=3194 reason=displacement on_ladder=True -> step00003194.pt
  [180/557] loss=0.4865 upd_norm=0.5737 disp=89.5663 sampler=0.0068 lr=0.000455
  EMIT ckpt step=3199 reason=displacement on_ladder=True -> step00003199.pt
  VAL step=3200 (p2=1300) val_loss=0.4211 auc_pr_mean=0.6744
  EMIT ckpt step=3204 reason=displacement on_ladder=True -> step00003204.pt
  EMIT ckpt step=3209 reason=displacement on_ladder=True -> step00003209.pt
  EMIT ckpt step=3214 reason=displacement on_ladder=True -> step00003214.pt
  [200/557] loss=0.4586 upd_norm=0.9535 disp=89.9135 sampler=0.0050 lr=0.000450
  EMIT ckpt step=3219 reason=displacement on_ladder=True -> step00003219.pt
  EMIT ckpt step=3224 reason=displacement on_ladder=True -> step00003224.pt
  EMIT ckpt step=3229 reason=displacement on_ladder=True -> step00003229.pt
  EMIT ckpt step=3234 reason=displacement on_ladder=True -> step00003234.pt
  [220/557] loss=0.4435 upd_norm=0.8227 disp=90.2350 sampler=0.0081 lr=0.000446
  EMIT ckpt step=3239 reason=displacement on_ladder=True -> step00003239.pt
  EMIT ckpt step=3244 reason=displacement on_ladder=True -> step00003244.pt
  EMIT ckpt step=3249 reason=displacement on_ladder=True -> step00003249.pt
  EMIT ckpt step=3254 reason=displacement on_ladder=True -> step00003254.pt
  [240/557] loss=0.4768 upd_norm=1.3328 disp=90.5982 sampler=0.0076 lr=0.000442
  EMIT ckpt step=3259 reason=displacement on_ladder=True -> step00003259.pt
  EMIT ckpt step=3264 reason=displacement on_ladder=True -> step00003264.pt
  EMIT ckpt step=3269 reason=displacement on_ladder=True -> step00003269.pt
  EMIT ckpt step=3274 reason=displacement on_ladder=True -> step00003274.pt
  [260/557] loss=0.4624 upd_norm=1.4116 disp=91.0003 sampler=0.0058 lr=0.000438
  EMIT ckpt step=3279 reason=displacement on_ladder=True -> step00003279.pt
  EMIT ckpt step=3284 reason=displacement on_ladder=True -> step00003284.pt
  EMIT ckpt step=3289 reason=displacement on_ladder=True -> step00003289.pt
  EMIT ckpt step=3294 reason=displacement on_ladder=True -> step00003294.pt
  [280/557] loss=0.5060 upd_norm=0.8721 disp=91.3740 sampler=0.0065 lr=0.000434
  EMIT ckpt step=3299 reason=displacement on_ladder=True -> step00003299.pt
  VAL step=3300 (p2=1400) val_loss=0.4327 auc_pr_mean=0.6915
  EMIT ckpt step=3304 reason=displacement on_ladder=True -> step00003304.pt
  EMIT ckpt step=3309 reason=displacement on_ladder=True -> step00003309.pt
  EMIT ckpt step=3314 reason=displacement on_ladder=True -> step00003314.pt
  [300/557] loss=0.4275 upd_norm=1.1352 disp=91.7426 sampler=0.0058 lr=0.000430
  EMIT ckpt step=3319 reason=displacement on_ladder=True -> step00003319.pt
  EMIT ckpt step=3324 reason=displacement on_ladder=True -> step00003324.pt
  EMIT ckpt step=3329 reason=displacement on_ladder=True -> step00003329.pt
  EMIT ckpt step=3334 reason=displacement on_ladder=True -> step00003334.pt
  [320/557] loss=0.5057 upd_norm=2.3761 disp=92.1112 sampler=0.0072 lr=0.000425
  EMIT ckpt step=3339 reason=displacement on_ladder=True -> step00003339.pt
  EMIT ckpt step=3344 reason=displacement on_ladder=True -> step00003344.pt
  EMIT ckpt step=3349 reason=displacement on_ladder=True -> step00003349.pt
  EMIT ckpt step=3354 reason=displacement on_ladder=True -> step00003354.pt
  [340/557] loss=0.5254 upd_norm=2.4553 disp=92.4608 sampler=0.0062 lr=0.000421
  EMIT ckpt step=3359 reason=displacement on_ladder=True -> step00003359.pt
  EMIT ckpt step=3364 reason=displacement on_ladder=True -> step00003364.pt
  EMIT ckpt step=3369 reason=displacement on_ladder=True -> step00003369.pt
  EMIT ckpt step=3374 reason=displacement on_ladder=True -> step00003374.pt
  [360/557] loss=0.4708 upd_norm=0.9007 disp=92.8437 sampler=0.0055 lr=0.000417
  EMIT ckpt step=3379 reason=displacement on_ladder=True -> step00003379.pt
  EMIT ckpt step=3384 reason=displacement on_ladder=True -> step00003384.pt
  EMIT ckpt step=3389 reason=displacement on_ladder=True -> step00003389.pt
  EMIT ckpt step=3394 reason=displacement on_ladder=True -> step00003394.pt
  [380/557] loss=0.4497 upd_norm=0.6586 disp=93.1909 sampler=0.0061 lr=0.000413
  EMIT ckpt step=3399 reason=displacement on_ladder=True -> step00003399.pt
  VAL step=3400 (p2=1500) val_loss=0.4104 auc_pr_mean=0.6896
  EMIT ckpt step=3404 reason=displacement on_ladder=True -> step00003404.pt
  EMIT ckpt step=3409 reason=displacement on_ladder=True -> step00003409.pt
  EMIT ckpt step=3414 reason=displacement on_ladder=True -> step00003414.pt
  [400/557] loss=0.4736 upd_norm=1.3422 disp=93.5184 sampler=0.0064 lr=0.000409
  EMIT ckpt step=3419 reason=displacement on_ladder=True -> step00003419.pt
  EMIT ckpt step=3424 reason=displacement on_ladder=True -> step00003424.pt
  EMIT ckpt step=3429 reason=displacement on_ladder=True -> step00003429.pt
  EMIT ckpt step=3434 reason=displacement on_ladder=True -> step00003434.pt
  [420/557] loss=0.4667 upd_norm=1.7371 disp=93.8029 sampler=0.0067 lr=0.000404
  EMIT ckpt step=3439 reason=displacement on_ladder=True -> step00003439.pt
  EMIT ckpt step=3444 reason=displacement on_ladder=True -> step00003444.pt
  EMIT ckpt step=3449 reason=displacement on_ladder=True -> step00003449.pt
  EMIT ckpt step=3454 reason=displacement on_ladder=True -> step00003454.pt
  [440/557] loss=0.4351 upd_norm=0.7158 disp=94.1047 sampler=0.0073 lr=0.000400
  EMIT ckpt step=3459 reason=displacement on_ladder=True -> step00003459.pt
  EMIT ckpt step=3464 reason=displacement on_ladder=True -> step00003464.pt
  EMIT ckpt step=3469 reason=displacement on_ladder=True -> step00003469.pt
  EMIT ckpt step=3474 reason=displacement on_ladder=True -> step00003474.pt
  [460/557] loss=0.4583 upd_norm=1.0835 disp=94.4947 sampler=0.0084 lr=0.000396
  EMIT ckpt step=3479 reason=displacement on_ladder=True -> step00003479.pt
  EMIT ckpt step=3484 reason=displacement on_ladder=True -> step00003484.pt
  EMIT ckpt step=3489 reason=displacement on_ladder=True -> step00003489.pt
  EMIT ckpt step=3494 reason=displacement on_ladder=True -> step00003494.pt
  [480/557] loss=0.4872 upd_norm=0.9675 disp=94.8518 sampler=0.0082 lr=0.000392
  EMIT ckpt step=3499 reason=displacement on_ladder=True -> step00003499.pt
  VAL step=3500 (p2=1600) val_loss=0.4130 auc_pr_mean=0.7005
  EMIT ckpt step=3504 reason=displacement on_ladder=True -> step00003504.pt
  EMIT ckpt step=3509 reason=displacement on_ladder=True -> step00003509.pt
  EMIT ckpt step=3514 reason=displacement on_ladder=True -> step00003514.pt
  [500/557] loss=0.4713 upd_norm=0.2512 disp=95.1840 sampler=0.0056 lr=0.000388
  EMIT ckpt step=3519 reason=displacement on_ladder=True -> step00003519.pt
  EMIT ckpt step=3524 reason=displacement on_ladder=True -> step00003524.pt
  EMIT ckpt step=3529 reason=displacement on_ladder=True -> step00003529.pt
  EMIT ckpt step=3534 reason=displacement on_ladder=True -> step00003534.pt
  [520/557] loss=0.4523 upd_norm=0.5793 disp=95.4644 sampler=0.0060 lr=0.000383
  EMIT ckpt step=3539 reason=displacement on_ladder=True -> step00003539.pt
  EMIT ckpt step=3544 reason=displacement on_ladder=True -> step00003544.pt
  EMIT ckpt step=3549 reason=displacement on_ladder=True -> step00003549.pt
  EMIT ckpt step=3554 reason=displacement on_ladder=True -> step00003554.pt
  [540/557] loss=0.4539 upd_norm=0.5503 disp=95.7546 sampler=0.0056 lr=0.000379
  EMIT ckpt step=3559 reason=displacement on_ladder=True -> step00003559.pt
  EMIT ckpt step=3564 reason=displacement on_ladder=True -> step00003564.pt
  EMIT ckpt step=3569 reason=displacement on_ladder=True -> step00003569.pt
  EMIT ckpt step=3571 reason=epoch_end on_ladder=True -> step00003571.pt

--- Phase 2, Epoch 10 (P2 epoch 3) ---
  [0/557] loss=0.4724 upd_norm=0.7246 disp=95.9916 sampler=0.0073 lr=0.000376
  EMIT ckpt step=3576 reason=displacement on_ladder=True -> step00003576.pt
  EMIT ckpt step=3581 reason=displacement on_ladder=True -> step00003581.pt
  EMIT ckpt step=3586 reason=displacement on_ladder=True -> step00003586.pt
  EMIT ckpt step=3591 reason=displacement on_ladder=True -> step00003591.pt
  [20/557] loss=0.5069 upd_norm=1.4324 disp=96.2695 sampler=0.0057 lr=0.000371
  EMIT ckpt step=3596 reason=displacement on_ladder=True -> step00003596.pt
  VAL step=3600 (p2=1700) val_loss=0.4036 auc_pr_mean=0.7032
  EMIT ckpt step=3601 reason=displacement on_ladder=True -> step00003601.pt
  EMIT ckpt step=3606 reason=displacement on_ladder=True -> step00003606.pt
  EMIT ckpt step=3611 reason=displacement on_ladder=True -> step00003611.pt
  [40/557] loss=0.4546 upd_norm=0.6436 disp=96.5641 sampler=0.0075 lr=0.000367
  EMIT ckpt step=3616 reason=displacement on_ladder=True -> step00003616.pt
  EMIT ckpt step=3621 reason=displacement on_ladder=True -> step00003621.pt
  EMIT ckpt step=3626 reason=displacement on_ladder=True -> step00003626.pt
  EMIT ckpt step=3631 reason=displacement on_ladder=True -> step00003631.pt
  [60/557] loss=0.4806 upd_norm=1.9137 disp=96.9196 sampler=0.0062 lr=0.000363
  EMIT ckpt step=3636 reason=displacement on_ladder=True -> step00003636.pt
  EMIT ckpt step=3641 reason=displacement on_ladder=True -> step00003641.pt
  EMIT ckpt step=3646 reason=displacement on_ladder=True -> step00003646.pt
  EMIT ckpt step=3651 reason=displacement on_ladder=True -> step00003651.pt
  [80/557] loss=0.4674 upd_norm=1.0104 disp=97.2128 sampler=0.0053 lr=0.000359
  EMIT ckpt step=3656 reason=displacement on_ladder=True -> step00003656.pt
  EMIT ckpt step=3661 reason=displacement on_ladder=True -> step00003661.pt
  EMIT ckpt step=3666 reason=displacement on_ladder=True -> step00003666.pt
  EMIT ckpt step=3671 reason=displacement on_ladder=True -> step00003671.pt
  [100/557] loss=0.4579 upd_norm=0.5074 disp=97.4633 sampler=0.0049 lr=0.000354
  EMIT ckpt step=3676 reason=displacement on_ladder=True -> step00003676.pt
  BACKPRESSURE: 7 pending > high (6), pausing training (waiting for collectors to drain below 2; polling every 15s).
  BACKPRESSURE cleared — 1 pending < low (2); resuming training.
  EMIT ckpt step=3681 reason=displacement on_ladder=True -> step00003681.pt
  EMIT ckpt step=3686 reason=displacement on_ladder=True -> step00003686.pt
  EMIT ckpt step=3691 reason=displacement on_ladder=True -> step00003691.pt
  [120/557] loss=0.4579 upd_norm=0.5060 disp=97.6990 sampler=0.0060 lr=0.000350
  EMIT ckpt step=3696 reason=displacement on_ladder=True -> step00003696.pt
  VAL step=3700 (p2=1800) val_loss=0.4057 auc_pr_mean=0.6934
  EMIT ckpt step=3701 reason=displacement on_ladder=True -> step00003701.pt
  EMIT ckpt step=3706 reason=displacement on_ladder=True -> step00003706.pt
  EMIT ckpt step=3711 reason=displacement on_ladder=True -> step00003711.pt
  [140/557] loss=0.4784 upd_norm=1.8151 disp=97.9397 sampler=0.0070 lr=0.000346
  EMIT ckpt step=3716 reason=displacement on_ladder=True -> step00003716.pt
  EMIT ckpt step=3721 reason=displacement on_ladder=True -> step00003721.pt
  EMIT ckpt step=3726 reason=displacement on_ladder=True -> step00003726.pt
  EMIT ckpt step=3731 reason=displacement on_ladder=True -> step00003731.pt
  [160/557] loss=0.5023 upd_norm=1.3895 disp=98.1990 sampler=0.0058 lr=0.000342
  EMIT ckpt step=3736 reason=displacement on_ladder=True -> step00003736.pt
  EMIT ckpt step=3741 reason=displacement on_ladder=True -> step00003741.pt
  EMIT ckpt step=3746 reason=displacement on_ladder=True -> step00003746.pt
  EMIT ckpt step=3751 reason=displacement on_ladder=True -> step00003751.pt
  [180/557] loss=0.4744 upd_norm=0.7016 disp=98.4683 sampler=0.0055 lr=0.000338
  EMIT ckpt step=3756 reason=displacement on_ladder=True -> step00003756.pt
  EMIT ckpt step=3761 reason=displacement on_ladder=True -> step00003761.pt
  EMIT ckpt step=3766 reason=displacement on_ladder=True -> step00003766.pt
  EMIT ckpt step=3771 reason=displacement on_ladder=True -> step00003771.pt
  [200/557] loss=0.4630 upd_norm=0.5228 disp=98.7241 sampler=0.0064 lr=0.000333
  EMIT ckpt step=3776 reason=displacement on_ladder=True -> step00003776.pt
  EMIT ckpt step=3781 reason=displacement on_ladder=True -> step00003781.pt
  EMIT ckpt step=3786 reason=displacement on_ladder=True -> step00003786.pt
  EMIT ckpt step=3791 reason=displacement on_ladder=True -> step00003791.pt
  [220/557] loss=0.5001 upd_norm=0.6448 disp=98.9663 sampler=0.0061 lr=0.000329
  EMIT ckpt step=3796 reason=displacement on_ladder=True -> step00003796.pt
  VAL step=3800 (p2=1900) val_loss=0.4070 auc_pr_mean=0.7071
  EMIT ckpt step=3801 reason=displacement on_ladder=True -> step00003801.pt
  EMIT ckpt step=3806 reason=displacement on_ladder=True -> step00003806.pt
  EMIT ckpt step=3811 reason=displacement on_ladder=True -> step00003811.pt
  [240/557] loss=0.4814 upd_norm=1.1338 disp=99.2047 sampler=0.0062 lr=0.000325
  EMIT ckpt step=3816 reason=displacement on_ladder=True -> step00003816.pt
  EMIT ckpt step=3821 reason=displacement on_ladder=True -> step00003821.pt
  EMIT ckpt step=3826 reason=displacement on_ladder=True -> step00003826.pt
  EMIT ckpt step=3831 reason=displacement on_ladder=True -> step00003831.pt
  [260/557] loss=0.4732 upd_norm=0.4116 disp=99.4671 sampler=0.0083 lr=0.000321
  EMIT ckpt step=3836 reason=displacement on_ladder=True -> step00003836.pt
  EMIT ckpt step=3841 reason=displacement on_ladder=True -> step00003841.pt
  EMIT ckpt step=3846 reason=displacement on_ladder=True -> step00003846.pt
  EMIT ckpt step=3851 reason=displacement on_ladder=True -> step00003851.pt
  [280/557] loss=0.4596 upd_norm=0.3947 disp=99.7444 sampler=0.0064 lr=0.000317
  EMIT ckpt step=3856 reason=displacement on_ladder=True -> step00003856.pt
  EMIT ckpt step=3861 reason=displacement on_ladder=True -> step00003861.pt
  EMIT ckpt step=3866 reason=displacement on_ladder=True -> step00003866.pt
  EMIT ckpt step=3871 reason=displacement on_ladder=True -> step00003871.pt
  [300/557] loss=0.4903 upd_norm=2.0379 disp=99.9978 sampler=0.0064 lr=0.000312
  EMIT ckpt step=3876 reason=displacement on_ladder=True -> step00003876.pt
  EMIT ckpt step=3881 reason=displacement on_ladder=True -> step00003881.pt
  EMIT ckpt step=3886 reason=displacement on_ladder=True -> step00003886.pt
  EMIT ckpt step=3891 reason=displacement on_ladder=True -> step00003891.pt
  [320/557] loss=0.4781 upd_norm=0.5535 disp=100.2507 sampler=0.0057 lr=0.000308
  EMIT ckpt step=3896 reason=displacement on_ladder=True -> step00003896.pt
  VAL step=3900 (p2=2000) val_loss=0.3943 auc_pr_mean=0.7099
  EMIT ckpt step=3901 reason=displacement on_ladder=True -> step00003901.pt
  EMIT ckpt step=3906 reason=displacement on_ladder=True -> step00003906.pt
  EMIT ckpt step=3911 reason=displacement on_ladder=True -> step00003911.pt
  [340/557] loss=0.4699 upd_norm=0.3919 disp=100.4928 sampler=0.0054 lr=0.000304
  EMIT ckpt step=3916 reason=displacement on_ladder=True -> step00003916.pt
  EMIT ckpt step=3921 reason=displacement on_ladder=True -> step00003921.pt
  EMIT ckpt step=3926 reason=displacement on_ladder=True -> step00003926.pt
  EMIT ckpt step=3931 reason=displacement on_ladder=True -> step00003931.pt
  [360/557] loss=0.4864 upd_norm=1.4162 disp=100.7077 sampler=0.0056 lr=0.000300
  EMIT ckpt step=3936 reason=displacement on_ladder=True -> step00003936.pt
  EMIT ckpt step=3941 reason=displacement on_ladder=True -> step00003941.pt
  EMIT ckpt step=3946 reason=displacement on_ladder=True -> step00003946.pt
  EMIT ckpt step=3951 reason=displacement on_ladder=True -> step00003951.pt
  [380/557] loss=0.4824 upd_norm=0.9114 disp=100.9497 sampler=0.0054 lr=0.000296
  EMIT ckpt step=3956 reason=displacement on_ladder=True -> step00003956.pt
  EMIT ckpt step=3961 reason=displacement on_ladder=True -> step00003961.pt
  EMIT ckpt step=3966 reason=displacement on_ladder=True -> step00003966.pt
  EMIT ckpt step=3971 reason=displacement on_ladder=True -> step00003971.pt
  [400/557] loss=0.4533 upd_norm=1.2366 disp=101.1795 sampler=0.0050 lr=0.000292
  EMIT ckpt step=3976 reason=displacement on_ladder=True -> step00003976.pt
  EMIT ckpt step=3981 reason=displacement on_ladder=True -> step00003981.pt
  EMIT ckpt step=3986 reason=displacement on_ladder=True -> step00003986.pt
  EMIT ckpt step=3991 reason=displacement on_ladder=True -> step00003991.pt
  [420/557] loss=0.4572 upd_norm=1.9384 disp=101.3713 sampler=0.0065 lr=0.000288
  EMIT ckpt step=3996 reason=displacement on_ladder=True -> step00003996.pt
  VAL step=4000 (p2=2100) val_loss=0.3892 auc_pr_mean=0.7133
  EMIT ckpt step=4001 reason=displacement on_ladder=True -> step00004001.pt
  EMIT ckpt step=4006 reason=displacement on_ladder=True -> step00004006.pt
  EMIT ckpt step=4011 reason=displacement on_ladder=True -> step00004011.pt
  [440/557] loss=0.4556 upd_norm=1.3350 disp=101.5738 sampler=0.0055 lr=0.000284
  EMIT ckpt step=4016 reason=displacement on_ladder=True -> step00004016.pt
  EMIT ckpt step=4021 reason=displacement on_ladder=True -> step00004021.pt
  EMIT ckpt step=4026 reason=displacement on_ladder=True -> step00004026.pt
  EMIT ckpt step=4031 reason=displacement on_ladder=True -> step00004031.pt
  [460/557] loss=0.4568 upd_norm=0.3689 disp=101.7655 sampler=0.0053 lr=0.000279
  EMIT ckpt step=4036 reason=displacement on_ladder=True -> step00004036.pt
  EMIT ckpt step=4041 reason=displacement on_ladder=True -> step00004041.pt
  EMIT ckpt step=4046 reason=displacement on_ladder=True -> step00004046.pt
  EMIT ckpt step=4051 reason=displacement on_ladder=True -> step00004051.pt
  [480/557] loss=0.4500 upd_norm=0.8695 disp=101.9606 sampler=0.0068 lr=0.000275
  EMIT ckpt step=4056 reason=displacement on_ladder=True -> step00004056.pt
  EMIT ckpt step=4061 reason=displacement on_ladder=True -> step00004061.pt
  EMIT ckpt step=4066 reason=displacement on_ladder=True -> step00004066.pt
  EMIT ckpt step=4071 reason=displacement on_ladder=True -> step00004071.pt
  [500/557] loss=0.4416 upd_norm=0.7846 disp=102.1712 sampler=0.0054 lr=0.000271
  EMIT ckpt step=4076 reason=displacement on_ladder=True -> step00004076.pt
  EMIT ckpt step=4081 reason=displacement on_ladder=True -> step00004081.pt
  EMIT ckpt step=4086 reason=displacement on_ladder=True -> step00004086.pt
  EMIT ckpt step=4091 reason=displacement on_ladder=True -> step00004091.pt
  [520/557] loss=0.4595 upd_norm=1.0786 disp=102.3598 sampler=0.0041 lr=0.000267
  EMIT ckpt step=4096 reason=displacement on_ladder=True -> step00004096.pt
  VAL step=4100 (p2=2200) val_loss=0.3919 auc_pr_mean=0.7209
  EMIT ckpt step=4101 reason=displacement on_ladder=True -> step00004101.pt
  EMIT ckpt step=4106 reason=displacement on_ladder=True -> step00004106.pt
  EMIT ckpt step=4111 reason=displacement on_ladder=True -> step00004111.pt
  [540/557] loss=0.5166 upd_norm=1.0192 disp=102.5385 sampler=0.0062 lr=0.000263
  EMIT ckpt step=4116 reason=displacement on_ladder=True -> step00004116.pt
  EMIT ckpt step=4121 reason=displacement on_ladder=True -> step00004121.pt
  EMIT ckpt step=4126 reason=displacement on_ladder=True -> step00004126.pt
  EMIT ckpt step=4128 reason=epoch_end on_ladder=True -> step00004128.pt

--- Phase 2, Epoch 11 (P2 epoch 4) ---
  [0/557] loss=0.4763 upd_norm=0.7856 disp=102.7164 sampler=0.0043 lr=0.000260
  EMIT ckpt step=4133 reason=displacement on_ladder=True -> step00004133.pt
  EMIT ckpt step=4138 reason=displacement on_ladder=True -> step00004138.pt
  EMIT ckpt step=4143 reason=displacement on_ladder=True -> step00004143.pt
  EMIT ckpt step=4148 reason=displacement on_ladder=True -> step00004148.pt
  BACKPRESSURE: 7 pending > high (6), pausing training (waiting for collectors to drain below 2; polling every 15s).
  BACKPRESSURE cleared — 1 pending < low (2); resuming training.
  [20/557] loss=0.4315 upd_norm=0.7223 disp=102.8932 sampler=0.0046 lr=0.000256
  EMIT ckpt step=4153 reason=displacement on_ladder=True -> step00004153.pt
  EMIT ckpt step=4158 reason=displacement on_ladder=True -> step00004158.pt
  EMIT ckpt step=4163 reason=displacement on_ladder=True -> step00004163.pt
  EMIT ckpt step=4168 reason=displacement on_ladder=True -> step00004168.pt
  [40/557] loss=0.4442 upd_norm=0.6780 disp=103.0712 sampler=0.0044 lr=0.000252
  EMIT ckpt step=4173 reason=displacement on_ladder=True -> step00004173.pt
  EMIT ckpt step=4178 reason=displacement on_ladder=True -> step00004178.pt
  EMIT ckpt step=4183 reason=displacement on_ladder=True -> step00004183.pt
  EMIT ckpt step=4188 reason=displacement on_ladder=True -> step00004188.pt
  [60/557] loss=0.4987 upd_norm=0.7515 disp=103.2829 sampler=0.0051 lr=0.000248
  EMIT ckpt step=4193 reason=displacement on_ladder=True -> step00004193.pt
  EMIT ckpt step=4198 reason=displacement on_ladder=True -> step00004198.pt
  VAL step=4200 (p2=2300) val_loss=0.3936 auc_pr_mean=0.7176
  EMIT ckpt step=4203 reason=displacement on_ladder=True -> step00004203.pt
  EMIT ckpt step=4208 reason=displacement on_ladder=True -> step00004208.pt
  [80/557] loss=0.4585 upd_norm=1.1029 disp=103.4632 sampler=0.0043 lr=0.000244
  EMIT ckpt step=4213 reason=displacement on_ladder=True -> step00004213.pt
  EMIT ckpt step=4218 reason=displacement on_ladder=True -> step00004218.pt
  EMIT ckpt step=4223 reason=displacement on_ladder=True -> step00004223.pt
  EMIT ckpt step=4228 reason=displacement on_ladder=True -> step00004228.pt
  [100/557] loss=0.4419 upd_norm=0.9301 disp=103.6208 sampler=0.0051 lr=0.000240
  EMIT ckpt step=4233 reason=displacement on_ladder=True -> step00004233.pt
  EMIT ckpt step=4238 reason=displacement on_ladder=True -> step00004238.pt
  EMIT ckpt step=4243 reason=displacement on_ladder=True -> step00004243.pt
  EMIT ckpt step=4248 reason=displacement on_ladder=True -> step00004248.pt
  [120/557] loss=0.4393 upd_norm=0.7923 disp=103.7923 sampler=0.0052 lr=0.000236
  EMIT ckpt step=4253 reason=displacement on_ladder=True -> step00004253.pt
  EMIT ckpt step=4258 reason=displacement on_ladder=True -> step00004258.pt
  EMIT ckpt step=4263 reason=displacement on_ladder=True -> step00004263.pt
  EMIT ckpt step=4268 reason=displacement on_ladder=True -> step00004268.pt
  [140/557] loss=0.4709 upd_norm=0.5877 disp=103.9470 sampler=0.0038 lr=0.000232
  EMIT ckpt step=4273 reason=displacement on_ladder=True -> step00004273.pt
  EMIT ckpt step=4278 reason=displacement on_ladder=True -> step00004278.pt
  EMIT ckpt step=4283 reason=displacement on_ladder=True -> step00004283.pt
  EMIT ckpt step=4288 reason=displacement on_ladder=True -> step00004288.pt
  [160/557] loss=0.3968 upd_norm=0.4401 disp=104.0915 sampler=0.0049 lr=0.000228
  EMIT ckpt step=4293 reason=displacement on_ladder=True -> step00004293.pt
  EMIT ckpt step=4298 reason=displacement on_ladder=True -> step00004298.pt
  VAL step=4300 (p2=2400) val_loss=0.3832 auc_pr_mean=0.7226
  EMIT ckpt step=4303 reason=displacement on_ladder=True -> step00004303.pt
  EMIT ckpt step=4308 reason=displacement on_ladder=True -> step00004308.pt
  [180/557] loss=0.4804 upd_norm=1.8765 disp=104.2524 sampler=0.0046 lr=0.000224
  EMIT ckpt step=4313 reason=displacement on_ladder=True -> step00004313.pt
  EMIT ckpt step=4318 reason=displacement on_ladder=True -> step00004318.pt
  EMIT ckpt step=4323 reason=displacement on_ladder=True -> step00004323.pt
  EMIT ckpt step=4328 reason=displacement on_ladder=True -> step00004328.pt
  [200/557] loss=0.4491 upd_norm=0.6933 disp=104.4044 sampler=0.0053 lr=0.000220
  EMIT ckpt step=4333 reason=displacement on_ladder=True -> step00004333.pt
  EMIT ckpt step=4338 reason=displacement on_ladder=True -> step00004338.pt
  EMIT ckpt step=4343 reason=displacement on_ladder=True -> step00004343.pt
  EMIT ckpt step=4348 reason=displacement on_ladder=True -> step00004348.pt
  [220/557] loss=0.4699 upd_norm=0.2469 disp=104.5321 sampler=0.0041 lr=0.000217
  EMIT ckpt step=4353 reason=displacement on_ladder=True -> step00004353.pt
  EMIT ckpt step=4358 reason=displacement on_ladder=True -> step00004358.pt
  EMIT ckpt step=4363 reason=displacement on_ladder=True -> step00004363.pt
  EMIT ckpt step=4368 reason=displacement on_ladder=True -> step00004368.pt
  [240/557] loss=0.4738 upd_norm=1.0281 disp=104.6417 sampler=0.0034 lr=0.000213
  EMIT ckpt step=4373 reason=displacement on_ladder=True -> step00004373.pt
  EMIT ckpt step=4378 reason=displacement on_ladder=True -> step00004378.pt
  EMIT ckpt step=4383 reason=displacement on_ladder=True -> step00004383.pt
  EMIT ckpt step=4388 reason=displacement on_ladder=True -> step00004388.pt
  [260/557] loss=0.4299 upd_norm=0.4049 disp=104.7795 sampler=0.0037 lr=0.000209
  EMIT ckpt step=4393 reason=displacement on_ladder=True -> step00004393.pt
  EMIT ckpt step=4398 reason=displacement on_ladder=True -> step00004398.pt
  VAL step=4400 (p2=2500) val_loss=0.3822 auc_pr_mean=0.7282
  EMIT ckpt step=4403 reason=displacement on_ladder=True -> step00004403.pt
  EMIT ckpt step=4408 reason=displacement on_ladder=True -> step00004408.pt
  [280/557] loss=0.4539 upd_norm=0.8189 disp=104.9166 sampler=0.0052 lr=0.000205
  EMIT ckpt step=4413 reason=displacement on_ladder=True -> step00004413.pt
  EMIT ckpt step=4418 reason=displacement on_ladder=True -> step00004418.pt
  EMIT ckpt step=4423 reason=displacement on_ladder=True -> step00004423.pt
  EMIT ckpt step=4428 reason=displacement on_ladder=True -> step00004428.pt
  [300/557] loss=0.4288 upd_norm=0.6590 disp=105.0440 sampler=0.0044 lr=0.000201
  EMIT ckpt step=4433 reason=displacement on_ladder=True -> step00004433.pt
  EMIT ckpt step=4438 reason=displacement on_ladder=True -> step00004438.pt
  EMIT ckpt step=4443 reason=displacement on_ladder=True -> step00004443.pt
  EMIT ckpt step=4448 reason=displacement on_ladder=True -> step00004448.pt
  [320/557] loss=0.4240 upd_norm=0.9457 disp=105.1542 sampler=0.0039 lr=0.000198
  EMIT ckpt step=4453 reason=displacement on_ladder=True -> step00004453.pt
  EMIT ckpt step=4458 reason=displacement on_ladder=True -> step00004458.pt
  EMIT ckpt step=4463 reason=displacement on_ladder=True -> step00004463.pt
  EMIT ckpt step=4468 reason=displacement on_ladder=True -> step00004468.pt
  [340/557] loss=0.4325 upd_norm=0.4142 disp=105.2745 sampler=0.0041 lr=0.000194
  EMIT ckpt step=4473 reason=displacement on_ladder=True -> step00004473.pt
  EMIT ckpt step=4478 reason=displacement on_ladder=True -> step00004478.pt
  EMIT ckpt step=4483 reason=displacement on_ladder=True -> step00004483.pt
  EMIT ckpt step=4488 reason=displacement on_ladder=True -> step00004488.pt
  [360/557] loss=0.4561 upd_norm=0.3229 disp=105.3923 sampler=0.0042 lr=0.000190
  EMIT ckpt step=4493 reason=displacement on_ladder=True -> step00004493.pt
  EMIT ckpt step=4498 reason=displacement on_ladder=True -> step00004498.pt
  VAL step=4500 (p2=2600) val_loss=0.3810 auc_pr_mean=0.7271
  EMIT ckpt step=4503 reason=displacement on_ladder=True -> step00004503.pt
  EMIT ckpt step=4508 reason=displacement on_ladder=True -> step00004508.pt
  [380/557] loss=0.4685 upd_norm=0.4568 disp=105.5135 sampler=0.0036 lr=0.000187
  EMIT ckpt step=4513 reason=displacement on_ladder=True -> step00004513.pt
  EMIT ckpt step=4518 reason=displacement on_ladder=True -> step00004518.pt
  EMIT ckpt step=4523 reason=displacement on_ladder=True -> step00004523.pt
  EMIT ckpt step=4528 reason=displacement on_ladder=True -> step00004528.pt
  [400/557] loss=0.4516 upd_norm=0.9168 disp=105.6174 sampler=0.0035 lr=0.000183
  EMIT ckpt step=4533 reason=displacement on_ladder=True -> step00004533.pt
  EMIT ckpt step=4538 reason=displacement on_ladder=True -> step00004538.pt
  EMIT ckpt step=4543 reason=displacement on_ladder=True -> step00004543.pt
  EMIT ckpt step=4548 reason=displacement on_ladder=True -> step00004548.pt
  [420/557] loss=0.4895 upd_norm=0.3820 disp=105.7281 sampler=0.0039 lr=0.000179
  EMIT ckpt step=4553 reason=displacement on_ladder=True -> step00004553.pt
  EMIT ckpt step=4558 reason=displacement on_ladder=True -> step00004558.pt
  EMIT ckpt step=4563 reason=displacement on_ladder=True -> step00004563.pt
  EMIT ckpt step=4568 reason=displacement on_ladder=True -> step00004568.pt
  [440/557] loss=0.4006 upd_norm=0.3694 disp=105.8609 sampler=0.0051 lr=0.000176
  EMIT ckpt step=4573 reason=displacement on_ladder=True -> step00004573.pt
  EMIT ckpt step=4578 reason=displacement on_ladder=True -> step00004578.pt
  EMIT ckpt step=4583 reason=displacement on_ladder=True -> step00004583.pt
  EMIT ckpt step=4588 reason=displacement on_ladder=True -> step00004588.pt
  [460/557] loss=0.4683 upd_norm=0.3540 disp=105.9608 sampler=0.0042 lr=0.000172
  EMIT ckpt step=4593 reason=displacement on_ladder=True -> step00004593.pt
  EMIT ckpt step=4598 reason=displacement on_ladder=True -> step00004598.pt
  VAL step=4600 (p2=2700) val_loss=0.3807 auc_pr_mean=0.7307
  EMIT ckpt step=4603 reason=displacement on_ladder=True -> step00004603.pt
  EMIT ckpt step=4608 reason=displacement on_ladder=True -> step00004608.pt
  [480/557] loss=0.4466 upd_norm=0.5806 disp=106.0657 sampler=0.0030 lr=0.000169
  EMIT ckpt step=4613 reason=displacement on_ladder=True -> step00004613.pt
  EMIT ckpt step=4618 reason=displacement on_ladder=True -> step00004618.pt
  EMIT ckpt step=4623 reason=displacement on_ladder=True -> step00004623.pt
  EMIT ckpt step=4628 reason=displacement on_ladder=True -> step00004628.pt
  [500/557] loss=0.4742 upd_norm=0.3006 disp=106.1612 sampler=0.0042 lr=0.000165
  EMIT ckpt step=4633 reason=displacement on_ladder=True -> step00004633.pt
  EMIT ckpt step=4638 reason=displacement on_ladder=True -> step00004638.pt
  EMIT ckpt step=4643 reason=displacement on_ladder=True -> step00004643.pt
  EMIT ckpt step=4648 reason=displacement on_ladder=True -> step00004648.pt
  [520/557] loss=0.4568 upd_norm=0.7057 disp=106.2450 sampler=0.0037 lr=0.000162
  EMIT ckpt step=4653 reason=displacement on_ladder=True -> step00004653.pt
  EMIT ckpt step=4658 reason=displacement on_ladder=True -> step00004658.pt
  EMIT ckpt step=4663 reason=displacement on_ladder=True -> step00004663.pt
  EMIT ckpt step=4668 reason=displacement on_ladder=True -> step00004668.pt
  [540/557] loss=0.4513 upd_norm=0.3797 disp=106.3599 sampler=0.0038 lr=0.000158
  EMIT ckpt step=4673 reason=displacement on_ladder=True -> step00004673.pt
  EMIT ckpt step=4678 reason=displacement on_ladder=True -> step00004678.pt
  EMIT ckpt step=4683 reason=displacement on_ladder=True -> step00004683.pt
  EMIT ckpt step=4685 reason=epoch_end on_ladder=True -> step00004685.pt

--- Phase 2, Epoch 12 (P2 epoch 5) ---
  [0/557] loss=0.4519 upd_norm=0.9632 disp=106.4211 sampler=0.0042 lr=0.000155
  EMIT ckpt step=4690 reason=displacement on_ladder=True -> step00004690.pt
  EMIT ckpt step=4695 reason=displacement on_ladder=True -> step00004695.pt
  EMIT ckpt step=4700 reason=displacement on_ladder=True -> step00004700.pt
  VAL step=4700 (p2=2800) val_loss=0.3780 auc_pr_mean=0.7310
  EMIT ckpt step=4705 reason=displacement on_ladder=True -> step00004705.pt
  [20/557] loss=0.4671 upd_norm=0.6602 disp=106.5088 sampler=0.0034 lr=0.000152
  EMIT ckpt step=4710 reason=displacement on_ladder=True -> step00004710.pt
  EMIT ckpt step=4715 reason=displacement on_ladder=True -> step00004715.pt
  EMIT ckpt step=4720 reason=displacement on_ladder=True -> step00004720.pt
  EMIT ckpt step=4725 reason=displacement on_ladder=True -> step00004725.pt
  [40/557] loss=0.4231 upd_norm=0.5217 disp=106.6021 sampler=0.0031 lr=0.000149
  EMIT ckpt step=4730 reason=displacement on_ladder=True -> step00004730.pt
  EMIT ckpt step=4735 reason=displacement on_ladder=True -> step00004735.pt
  EMIT ckpt step=4740 reason=displacement on_ladder=True -> step00004740.pt
  EMIT ckpt step=4745 reason=displacement on_ladder=True -> step00004745.pt
  [60/557] loss=0.4402 upd_norm=0.6928 disp=106.6881 sampler=0.0027 lr=0.000145
  EMIT ckpt step=4750 reason=displacement on_ladder=True -> step00004750.pt
  EMIT ckpt step=4755 reason=displacement on_ladder=True -> step00004755.pt
  EMIT ckpt step=4760 reason=displacement on_ladder=True -> step00004760.pt
  EMIT ckpt step=4765 reason=displacement on_ladder=True -> step00004765.pt
  [80/557] loss=0.4269 upd_norm=0.8516 disp=106.7648 sampler=0.0031 lr=0.000142
  EMIT ckpt step=4770 reason=displacement on_ladder=True -> step00004770.pt
  EMIT ckpt step=4775 reason=displacement on_ladder=True -> step00004775.pt
  EMIT ckpt step=4780 reason=displacement on_ladder=True -> step00004780.pt
  EMIT ckpt step=4785 reason=displacement on_ladder=True -> step00004785.pt
  [100/557] loss=0.4554 upd_norm=0.3973 disp=106.8485 sampler=0.0025 lr=0.000139
  EMIT ckpt step=4790 reason=displacement on_ladder=True -> step00004790.pt
  EMIT ckpt step=4795 reason=displacement on_ladder=True -> step00004795.pt
  EMIT ckpt step=4800 reason=displacement on_ladder=True -> step00004800.pt
  VAL step=4800 (p2=2900) val_loss=0.3786 auc_pr_mean=0.7335
  EMIT ckpt step=4805 reason=displacement on_ladder=True -> step00004805.pt
  [120/557] loss=0.4229 upd_norm=1.2934 disp=106.9207 sampler=0.0040 lr=0.000135
  EMIT ckpt step=4810 reason=displacement on_ladder=True -> step00004810.pt
  EMIT ckpt step=4815 reason=displacement on_ladder=True -> step00004815.pt
  EMIT ckpt step=4820 reason=displacement on_ladder=True -> step00004820.pt
  EMIT ckpt step=4825 reason=displacement on_ladder=True -> step00004825.pt
  [140/557] loss=0.3947 upd_norm=0.8131 disp=107.0024 sampler=0.0039 lr=0.000132
  EMIT ckpt step=4830 reason=displacement on_ladder=True -> step00004830.pt
  EMIT ckpt step=4835 reason=displacement on_ladder=True -> step00004835.pt
  EMIT ckpt step=4840 reason=displacement on_ladder=True -> step00004840.pt
  EMIT ckpt step=4845 reason=displacement on_ladder=True -> step00004845.pt
  [160/557] loss=0.4774 upd_norm=0.7177 disp=107.0799 sampler=0.0031 lr=0.000129
  EMIT ckpt step=4850 reason=displacement on_ladder=True -> step00004850.pt
  EMIT ckpt step=4855 reason=displacement on_ladder=True -> step00004855.pt
  EMIT ckpt step=4860 reason=displacement on_ladder=True -> step00004860.pt
  EMIT ckpt step=4865 reason=displacement on_ladder=True -> step00004865.pt
  [180/557] loss=0.4601 upd_norm=0.6616 disp=107.1391 sampler=0.0029 lr=0.000126
  EMIT ckpt step=4870 reason=displacement on_ladder=True -> step00004870.pt
  EMIT ckpt step=4875 reason=displacement on_ladder=True -> step00004875.pt
  EMIT ckpt step=4880 reason=displacement on_ladder=True -> step00004880.pt
  EMIT ckpt step=4885 reason=displacement on_ladder=True -> step00004885.pt
  [200/557] loss=0.4347 upd_norm=0.6885 disp=107.2172 sampler=0.0028 lr=0.000123
  EMIT ckpt step=4890 reason=displacement on_ladder=True -> step00004890.pt
  EMIT ckpt step=4895 reason=displacement on_ladder=True -> step00004895.pt
  EMIT ckpt step=4900 reason=displacement on_ladder=True -> step00004900.pt
  VAL step=4900 (p2=3000) val_loss=0.3716 auc_pr_mean=0.7385
  EMIT ckpt step=4905 reason=displacement on_ladder=True -> step00004905.pt
  [220/557] loss=0.4963 upd_norm=0.9655 disp=107.3052 sampler=0.0037 lr=0.000120
  EMIT ckpt step=4910 reason=displacement on_ladder=True -> step00004910.pt
  EMIT ckpt step=4915 reason=displacement on_ladder=True -> step00004915.pt
  EMIT ckpt step=4920 reason=displacement on_ladder=True -> step00004920.pt
  EMIT ckpt step=4925 reason=displacement on_ladder=True -> step00004925.pt
  [240/557] loss=0.4448 upd_norm=0.8113 disp=107.3591 sampler=0.0023 lr=0.000117
  EMIT ckpt step=4930 reason=displacement on_ladder=True -> step00004930.pt
  EMIT ckpt step=4935 reason=displacement on_ladder=True -> step00004935.pt
  EMIT ckpt step=4940 reason=displacement on_ladder=True -> step00004940.pt
  EMIT ckpt step=4945 reason=displacement on_ladder=True -> step00004945.pt
  [260/557] loss=0.4228 upd_norm=1.0592 disp=107.4083 sampler=0.0027 lr=0.000113
  EMIT ckpt step=4950 reason=displacement on_ladder=True -> step00004950.pt
  EMIT ckpt step=4955 reason=displacement on_ladder=True -> step00004955.pt
  EMIT ckpt step=4960 reason=displacement on_ladder=True -> step00004960.pt
  EMIT ckpt step=4965 reason=displacement on_ladder=True -> step00004965.pt
  [280/557] loss=0.4721 upd_norm=0.4487 disp=107.4699 sampler=0.0023 lr=0.000110
  EMIT ckpt step=4970 reason=displacement on_ladder=True -> step00004970.pt
  EMIT ckpt step=4976 reason=displacement on_ladder=True -> step00004976.pt
  EMIT ckpt step=4982 reason=displacement on_ladder=True -> step00004982.pt
  [300/557] loss=0.4493 upd_norm=0.5427 disp=107.5270 sampler=0.0077 lr=0.000107
  EMIT ckpt step=4988 reason=displacement on_ladder=True -> step00004988.pt
  EMIT ckpt step=4993 reason=displacement on_ladder=True -> step00004993.pt
  EMIT ckpt step=4998 reason=displacement on_ladder=True -> step00004998.pt
  VAL step=5000 (p2=3100) val_loss=0.3762 auc_pr_mean=0.7393
  EMIT ckpt step=5003 reason=displacement on_ladder=True -> step00005003.pt
  [320/557] loss=0.4768 upd_norm=1.4777 disp=107.5842 sampler=0.0072 lr=0.000105
  EMIT ckpt step=5008 reason=displacement on_ladder=True -> step00005008.pt
  EMIT ckpt step=5013 reason=displacement on_ladder=True -> step00005013.pt
  EMIT ckpt step=5018 reason=displacement on_ladder=True -> step00005018.pt
  EMIT ckpt step=5023 reason=displacement on_ladder=True -> step00005023.pt
  [340/557] loss=0.4328 upd_norm=0.5016 disp=107.6406 sampler=0.0067 lr=0.000102
  EMIT ckpt step=5028 reason=displacement on_ladder=True -> step00005028.pt
  EMIT ckpt step=5033 reason=displacement on_ladder=True -> step00005033.pt
  EMIT ckpt step=5038 reason=displacement on_ladder=True -> step00005038.pt
  EMIT ckpt step=5043 reason=displacement on_ladder=True -> step00005043.pt
  [360/557] loss=0.4881 upd_norm=1.3156 disp=107.7013 sampler=0.0072 lr=0.000099
  EMIT ckpt step=5048 reason=displacement on_ladder=True -> step00005048.pt
  EMIT ckpt step=5053 reason=displacement on_ladder=True -> step00005053.pt
  EMIT ckpt step=5058 reason=displacement on_ladder=True -> step00005058.pt
  EMIT ckpt step=5063 reason=displacement on_ladder=True -> step00005063.pt
  [380/557] loss=0.4287 upd_norm=0.5606 disp=107.7467 sampler=0.0072 lr=0.000096
  EMIT ckpt step=5068 reason=displacement on_ladder=True -> step00005068.pt
  EMIT ckpt step=5073 reason=displacement on_ladder=True -> step00005073.pt
  EMIT ckpt step=5078 reason=displacement on_ladder=True -> step00005078.pt
  EMIT ckpt step=5083 reason=displacement on_ladder=True -> step00005083.pt
  [400/557] loss=0.4293 upd_norm=0.8054 disp=107.8062 sampler=0.0065 lr=0.000093
  EMIT ckpt step=5088 reason=displacement on_ladder=True -> step00005088.pt
  EMIT ckpt step=5093 reason=displacement on_ladder=True -> step00005093.pt
  EMIT ckpt step=5098 reason=displacement on_ladder=True -> step00005098.pt
  VAL step=5100 (p2=3200) val_loss=0.3675 auc_pr_mean=0.7426
  EMIT ckpt step=5103 reason=displacement on_ladder=True -> step00005103.pt
  [420/557] loss=0.4279 upd_norm=0.6146 disp=107.8522 sampler=0.0072 lr=0.000090
  EMIT ckpt step=5108 reason=displacement on_ladder=True -> step00005108.pt
  EMIT ckpt step=5114 reason=displacement on_ladder=True -> step00005114.pt
  EMIT ckpt step=5120 reason=displacement on_ladder=True -> step00005120.pt
  EMIT ckpt step=5126 reason=displacement on_ladder=True -> step00005126.pt
  [440/557] loss=0.4491 upd_norm=0.3582 disp=107.8984 sampler=0.0105 lr=0.000088
  EMIT ckpt step=5132 reason=displacement on_ladder=True -> step00005132.pt
  EMIT ckpt step=5138 reason=displacement on_ladder=True -> step00005138.pt
  EMIT ckpt step=5143 reason=displacement on_ladder=True -> step00005143.pt
  [460/557] loss=0.4270 upd_norm=0.6526 disp=107.9469 sampler=0.0069 lr=0.000085
  EMIT ckpt step=5148 reason=displacement on_ladder=True -> step00005148.pt
  EMIT ckpt step=5153 reason=displacement on_ladder=True -> step00005153.pt
  EMIT ckpt step=5159 reason=displacement on_ladder=True -> step00005159.pt
  EMIT ckpt step=5165 reason=displacement on_ladder=True -> step00005165.pt
  [480/557] loss=0.4205 upd_norm=0.4803 disp=107.9862 sampler=0.0024 lr=0.000082
  EMIT ckpt step=5170 reason=displacement on_ladder=True -> step00005170.pt
  EMIT ckpt step=5176 reason=displacement on_ladder=True -> step00005176.pt
  EMIT ckpt step=5182 reason=displacement on_ladder=True -> step00005182.pt
  [500/557] loss=0.4245 upd_norm=0.5897 disp=108.0188 sampler=0.0072 lr=0.000080
  EMIT ckpt step=5188 reason=displacement on_ladder=True -> step00005188.pt
  EMIT ckpt step=5194 reason=displacement on_ladder=True -> step00005194.pt
  EMIT ckpt step=5200 reason=displacement on_ladder=True -> step00005200.pt
  VAL step=5200 (p2=3300) val_loss=0.3664 auc_pr_mean=0.7418
  [520/557] loss=0.4433 upd_norm=0.5481 disp=108.0598 sampler=0.0093 lr=0.000077
  EMIT ckpt step=5207 reason=displacement on_ladder=True -> step00005207.pt
  EMIT ckpt step=5213 reason=displacement on_ladder=True -> step00005213.pt
  EMIT ckpt step=5219 reason=displacement on_ladder=True -> step00005219.pt
  EMIT ckpt step=5225 reason=displacement on_ladder=True -> step00005225.pt
  [540/557] loss=0.4371 upd_norm=0.4903 disp=108.0885 sampler=0.0020 lr=0.000075
  EMIT ckpt step=5230 reason=displacement on_ladder=True -> step00005230.pt
  EMIT ckpt step=5235 reason=displacement on_ladder=True -> step00005235.pt
  EMIT ckpt step=5241 reason=displacement on_ladder=True -> step00005241.pt
  EMIT ckpt step=5242 reason=epoch_end on_ladder=True -> step00005242.pt

--- Phase 2, Epoch 13 (P2 epoch 6) ---
  [0/557] loss=0.4047 upd_norm=0.9725 disp=108.1205 sampler=0.0020 lr=0.000073
  EMIT ckpt step=5247 reason=displacement on_ladder=True -> step00005247.pt
  EMIT ckpt step=5252 reason=displacement on_ladder=True -> step00005252.pt
  EMIT ckpt step=5258 reason=displacement on_ladder=True -> step00005258.pt
  [20/557] loss=0.4690 upd_norm=0.5200 disp=108.1583 sampler=0.0086 lr=0.000070
  EMIT ckpt step=5265 reason=displacement on_ladder=True -> step00005265.pt
  EMIT ckpt step=5271 reason=displacement on_ladder=True -> step00005271.pt
  EMIT ckpt step=5277 reason=displacement on_ladder=True -> step00005277.pt
  [40/557] loss=0.4034 upd_norm=0.6670 disp=108.1996 sampler=0.0098 lr=0.000068
  EMIT ckpt step=5284 reason=displacement on_ladder=True -> step00005284.pt
  EMIT ckpt step=5291 reason=displacement on_ladder=True -> step00005291.pt
  EMIT ckpt step=5298 reason=displacement on_ladder=True -> step00005298.pt
  VAL step=5300 (p2=3400) val_loss=0.3655 auc_pr_mean=0.7418
  [60/557] loss=0.4999 upd_norm=0.6019 disp=108.2230 sampler=0.0075 lr=0.000065
  EMIT ckpt step=5305 reason=displacement on_ladder=True -> step00005305.pt
  EMIT ckpt step=5313 reason=displacement on_ladder=True -> step00005313.pt
  EMIT ckpt step=5320 reason=displacement on_ladder=True -> step00005320.pt
  [80/557] loss=0.4555 upd_norm=0.7494 disp=108.2501 sampler=0.0049 lr=0.000063
  EMIT ckpt step=5328 reason=displacement on_ladder=True -> step00005328.pt
  EMIT ckpt step=5336 reason=displacement on_ladder=True -> step00005336.pt
  [100/557] loss=0.4231 upd_norm=0.6288 disp=108.2866 sampler=0.0097 lr=0.000061
  EMIT ckpt step=5344 reason=displacement on_ladder=True -> step00005344.pt
  EMIT ckpt step=5351 reason=displacement on_ladder=True -> step00005351.pt
  EMIT ckpt step=5358 reason=displacement on_ladder=True -> step00005358.pt
  [120/557] loss=0.4512 upd_norm=0.9671 disp=108.3074 sampler=0.0077 lr=0.000058
  EMIT ckpt step=5366 reason=displacement on_ladder=True -> step00005366.pt
  EMIT ckpt step=5376 reason=displacement on_ladder=True -> step00005376.pt
  [140/557] loss=0.4416 upd_norm=0.7077 disp=108.3384 sampler=0.0078 lr=0.000056
  EMIT ckpt step=5385 reason=displacement on_ladder=True -> step00005385.pt
  EMIT ckpt step=5394 reason=displacement on_ladder=True -> step00005394.pt
  VAL step=5400 (p2=3500) val_loss=0.3651 auc_pr_mean=0.7441
  EMIT ckpt step=5401 reason=displacement on_ladder=True -> step00005401.pt
  [160/557] loss=0.4354 upd_norm=1.1424 disp=108.3604 sampler=0.0032 lr=0.000054
  EMIT ckpt step=5408 reason=displacement on_ladder=True -> step00005408.pt
  EMIT ckpt step=5418 reason=displacement on_ladder=True -> step00005418.pt
  [180/557] loss=0.4217 upd_norm=1.0946 disp=108.3887 sampler=0.0080 lr=0.000052
  EMIT ckpt step=5427 reason=displacement on_ladder=True -> step00005427.pt
  EMIT ckpt step=5437 reason=displacement on_ladder=True -> step00005437.pt
  [200/557] loss=0.4806 upd_norm=1.6521 disp=108.4121 sampler=0.0091 lr=0.000050
  EMIT ckpt step=5445 reason=displacement on_ladder=True -> step00005445.pt
  EMIT ckpt step=5455 reason=displacement on_ladder=True -> step00005455.pt
  [220/557] loss=0.4168 upd_norm=0.3584 disp=108.4365 sampler=0.0093 lr=0.000048
  EMIT ckpt step=5465 reason=displacement on_ladder=True -> step00005465.pt
  EMIT ckpt step=5476 reason=displacement on_ladder=True -> step00005476.pt
  [240/557] loss=0.4612 upd_norm=0.7083 disp=108.4613 sampler=0.0072 lr=0.000046
  EMIT ckpt step=5488 reason=displacement on_ladder=True -> step00005488.pt
  EMIT ckpt step=5500 reason=displacement on_ladder=True -> step00005500.pt
  VAL step=5500 (p2=3600) val_loss=0.3635 auc_pr_mean=0.7447
  [260/557] loss=0.4359 upd_norm=0.3446 disp=108.4822 sampler=0.0034 lr=0.000044
  EMIT ckpt step=5511 reason=displacement on_ladder=True -> step00005511.pt
  EMIT ckpt step=5522 reason=displacement on_ladder=True -> step00005522.pt
  [280/557] loss=0.4457 upd_norm=0.7104 disp=108.5062 sampler=0.0012 lr=0.000042
  EMIT ckpt step=5532 reason=displacement on_ladder=True -> step00005532.pt
  EMIT ckpt step=5541 reason=displacement on_ladder=True -> step00005541.pt
  [300/557] loss=0.4794 upd_norm=0.7643 disp=108.5234 sampler=0.0030 lr=0.000040
  EMIT ckpt step=5553 reason=displacement on_ladder=True -> step00005553.pt
  [320/557] loss=0.4343 upd_norm=0.5610 disp=108.5450 sampler=0.0087 lr=0.000038
  EMIT ckpt step=5565 reason=displacement on_ladder=True -> step00005565.pt
  EMIT ckpt step=5576 reason=displacement on_ladder=True -> step00005576.pt
  [340/557] loss=0.4146 upd_norm=0.3377 disp=108.5545 sampler=0.0055 lr=0.000036
  EMIT ckpt step=5592 reason=displacement on_ladder=True -> step00005592.pt
  VAL step=5600 (p2=3700) val_loss=0.3608 auc_pr_mean=0.7475
  [360/557] loss=0.4063 upd_norm=0.8726 disp=108.5709 sampler=0.0084 lr=0.000034
  EMIT ckpt step=5606 reason=displacement on_ladder=True -> step00005606.pt
  EMIT ckpt step=5621 reason=displacement on_ladder=True -> step00005621.pt
  [380/557] loss=0.4684 upd_norm=1.0332 disp=108.5854 sampler=0.0024 lr=0.000033
  EMIT ckpt step=5636 reason=displacement on_ladder=True -> step00005636.pt
  [400/557] loss=0.4741 upd_norm=0.4711 disp=108.6037 sampler=0.0053 lr=0.000031
  EMIT ckpt step=5652 reason=displacement on_ladder=True -> step00005652.pt
  [420/557] loss=0.4653 upd_norm=0.4161 disp=108.6172 sampler=0.0083 lr=0.000029
  EMIT ckpt step=5668 reason=displacement on_ladder=True -> step00005668.pt
  [440/557] loss=0.4869 upd_norm=1.0258 disp=108.6300 sampler=0.0093 lr=0.000028
  EMIT ckpt step=5686 reason=displacement on_ladder=True -> step00005686.pt
  VAL step=5700 (p2=3800) val_loss=0.3618 auc_pr_mean=0.7484
  EMIT ckpt step=5701 reason=displacement on_ladder=True -> step00005701.pt
  [460/557] loss=0.4359 upd_norm=0.4027 disp=108.6386 sampler=0.0013 lr=0.000026
  EMIT ckpt step=5719 reason=displacement on_ladder=True -> step00005719.pt
  [480/557] loss=0.4509 upd_norm=0.3437 disp=108.6493 sampler=0.0031 lr=0.000025
  EMIT ckpt step=5740 reason=displacement on_ladder=True -> step00005740.pt
  [500/557] loss=0.4219 upd_norm=0.2960 disp=108.6590 sampler=0.0021 lr=0.000023
  [520/557] loss=0.4410 upd_norm=0.3854 disp=108.6699 sampler=0.0098 lr=0.000022
  EMIT ckpt step=5764 reason=displacement on_ladder=True -> step00005764.pt
  [540/557] loss=0.4326 upd_norm=1.1660 disp=108.6789 sampler=0.0082 lr=0.000020
  EMIT ckpt step=5786 reason=displacement on_ladder=True -> step00005786.pt
  EMIT ckpt step=5799 reason=epoch_end on_ladder=True -> step00005799.pt

--- Phase 2, Epoch 14 (P2 epoch 7) ---
  VAL step=5800 (p2=3900) val_loss=0.3610 auc_pr_mean=0.7481
  [0/557] loss=0.4253 upd_norm=0.6071 disp=108.6861 sampler=0.0009 lr=0.000019
  [20/557] loss=0.4249 upd_norm=0.3756 disp=108.6951 sampler=0.0084 lr=0.000018
  EMIT ckpt step=5824 reason=displacement on_ladder=True -> step00005824.pt
  [40/557] loss=0.4246 upd_norm=0.3729 disp=108.7028 sampler=0.0072 lr=0.000017
  EMIT ckpt step=5853 reason=displacement on_ladder=True -> step00005853.pt
  [60/557] loss=0.4508 upd_norm=0.3962 disp=108.7081 sampler=0.0031 lr=0.000016
  [80/557] loss=0.3869 upd_norm=0.5505 disp=108.7153 sampler=0.0079 lr=0.000014
  EMIT ckpt step=5894 reason=displacement on_ladder=True -> step00005894.pt
  VAL step=5900 (p2=4000) val_loss=0.3595 auc_pr_mean=0.7479
  [100/557] loss=0.4648 upd_norm=0.3224 disp=108.7205 sampler=0.0028 lr=0.000013
  [120/557] loss=0.4266 upd_norm=0.5415 disp=108.7252 sampler=0.0068 lr=0.000012
  [140/557] loss=0.3950 upd_norm=0.3037 disp=108.7285 sampler=0.0097 lr=0.000011
  EMIT ckpt step=5946 reason=displacement on_ladder=True -> step00005946.pt
  [160/557] loss=0.4077 upd_norm=0.2945 disp=108.7323 sampler=0.0034 lr=0.000010
  [180/557] loss=0.4339 upd_norm=0.5377 disp=108.7374 sampler=0.0065 lr=0.000009
  VAL step=6000 (p2=4100) val_loss=0.3601 auc_pr_mean=0.7487
  [200/557] loss=0.4519 upd_norm=0.3451 disp=108.7399 sampler=0.0084 lr=0.000009
  [220/557] loss=0.4279 upd_norm=0.3015 disp=108.7426 sampler=0.0094 lr=0.000008
  EMIT ckpt step=6037 reason=displacement on_ladder=True -> step00006037.pt
  [240/557] loss=0.4338 upd_norm=0.3278 disp=108.7447 sampler=0.0007 lr=0.000007
  [260/557] loss=0.4203 upd_norm=0.2892 disp=108.7470 sampler=0.0033 lr=0.000006
  [280/557] loss=0.4385 upd_norm=0.4349 disp=108.7489 sampler=0.0048 lr=0.000006
  VAL step=6100 (p2=4200) val_loss=0.3592 auc_pr_mean=0.7489
  [300/557] loss=0.4460 upd_norm=0.5773 disp=108.7506 sampler=0.0051 lr=0.000005
  [320/557] loss=0.4022 upd_norm=0.3979 disp=108.7521 sampler=0.0059 lr=0.000004
  [340/557] loss=0.4346 upd_norm=0.4263 disp=108.7534 sampler=0.0061 lr=0.000004
  [360/557] loss=0.3974 upd_norm=0.3863 disp=108.7548 sampler=0.0065 lr=0.000003
  [380/557] loss=0.4685 upd_norm=0.5906 disp=108.7557 sampler=0.0067 lr=0.000003
  VAL step=6200 (p2=4300) val_loss=0.3593 auc_pr_mean=0.7489
  [400/557] loss=0.4231 upd_norm=0.3319 disp=108.7564 sampler=0.0069 lr=0.000002
  [420/557] loss=0.4170 upd_norm=0.4237 disp=108.7571 sampler=0.0071 lr=0.000002
  EMIT ckpt step=6237 reason=max_step_cap on_ladder=True -> step00006237.pt
  [440/557] loss=0.4217 upd_norm=0.4265 disp=108.7576 sampler=0.0002 lr=0.000002
  [460/557] loss=0.4219 upd_norm=0.5615 disp=108.7582 sampler=0.0009 lr=0.000002
  [480/557] loss=0.4213 upd_norm=0.8667 disp=108.7590 sampler=0.0013 lr=0.000001
  VAL step=6300 (p2=4400) val_loss=0.3594 auc_pr_mean=0.7493
  [500/557] loss=0.4633 upd_norm=0.7311 disp=108.7595 sampler=0.0017 lr=0.000001
  [520/557] loss=0.4646 upd_norm=0.3602 disp=108.7599 sampler=0.0016 lr=0.000001
  [540/557] loss=0.4370 upd_norm=0.4703 disp=108.7604 sampler=0.0017 lr=0.000001
  EMIT ckpt step=6356 reason=epoch_end on_ladder=True -> step00006356.pt

TRAINING COMPLETE: run_id=mae__adamw__s42 final_step=6356 elapsed=871.7 min
Done: Wed Jun 17 08:09:33 AM EDT 2026
