Fri Jun 26 07:15:07 PM EDT 2026
host=c0901a-s5.ufhpc
pwd=/blue/guralnick/share/r.dinnage/Projects/phenovision
[single] PREADAPT_ARGS supplied (REDESIGN single-run path).
[single] args: --condition naive --seed 43 --variant stable_evo --shared-tokenizer mae --num_epochs 25 --batch_size 768 --phase2_batch_size 384 --blr 0.0005 --lr_schedule fixed --beta1 0 --weight_decay 0 --max_train_samples 107000 --sampler_delta 0.025 --sampler_min_step 12 --sampler_max_step 200 --backpressure-high 6 --backpressure-low 2 --demo_kappa 1 --demo_warmup 200 --val_every_n 100 --projection_dim 8192 --retention_latest_keep 2 --max_precond_dim 2048 --num_workers 4 --phase2_early_stop --phase2_plateau_patience 6 --output_dir xAI/output/preadapt_v2/naive__stable_evo__s43 --resume auto
============================================================
PhenoVision preadapt trainer (pretraining-as-preadaptation)
============================================================
  run_id           : naive__stable_evo__s43
  condition        : naive
  variant          : stable_evo
  shared-tokenizer : mae
  seed             : 43
  output_dir       : xAI/output/preadapt_v2/naive__stable_evo__s43
  epochs           : 25
  phase2 epochs    : 25 (evolution budget, counted from 0 — independent of Phase-1 length)

Device: cuda:0
Loading data...
  [TEST MODE] Limited training to 107000 samples
  Training images: 107000
  Validation subset: 10000
  Representation subset: 1000
[preadapt_models] init_model(condition='naive', exact_control_tokenizer=False): 303,303,682 params (303,303,682 currently trainable, pre-freeze).
[preadapt_train] applied MAE shared input stage (patch_embed + pos_embed).
[preadapt_train] --resume auto -> live checkpoint step00002296.pt
[preadapt_train] loading resume checkpoint: xAI/output/preadapt_v2/naive__stable_evo__s43/checkpoints/step00002296.pt
[preadapt_train] resume: phase=phase2 epoch=4 global_step=2296
[preadapt_train] RESUME Phase 2 from epoch 4 (start of epoch 5), global_step=2296.

============================================================
PHASE 2: Evolution  (variant=stable_evo)  [RESUME]
============================================================
[preadapt_models] freeze_input_stage: froze 3 input-stage tensors.
  Phase-2 uniform lr=0.00075  eff_batch=384  variant=stable_evo  lr_schedule=fixed (min_lr=0.00075)
  [RESUME] optimizer_state_dict loaded + state moved to device.
  [RESUME] RNG state restored (torch/cuda/numpy/python/demographic).
  [RESUME] continuing from global_step=2296, next epoch=5.
  [RESUME] keeping existing init_model.pt (not overwriting on resume).

--- Phase 2, Epoch 5/25 ---
  [0/278] loss=0.5542 upd_norm=11.3315 disp=0.1035 sampler=0.0268 lr=0.000750
  EMIT ckpt step=2308 reason=displacement on_ladder=True -> step00002308.pt
  [20/278] loss=0.5072 upd_norm=7.4786 disp=1.0957 sampler=0.0734 lr=0.000750
  EMIT ckpt step=2320 reason=displacement on_ladder=True -> step00002320.pt
  EMIT ckpt step=2332 reason=displacement on_ladder=True -> step00002332.pt
  [40/278] loss=0.5555 upd_norm=23.7467 disp=1.4771 sampler=0.0746 lr=0.000750
  EMIT ckpt step=2344 reason=displacement on_ladder=True -> step00002344.pt
  EMIT ckpt step=2356 reason=displacement on_ladder=True -> step00002356.pt
  [60/278] loss=0.5858 upd_norm=18.0907 disp=1.8071 sampler=0.0365 lr=0.000750
  EMIT ckpt step=2368 reason=displacement on_ladder=True -> step00002368.pt
  [80/278] loss=0.5143 upd_norm=17.0259 disp=1.9836 sampler=0.0787 lr=0.000750
  EMIT ckpt step=2380 reason=displacement on_ladder=True -> step00002380.pt
  EMIT ckpt step=2392 reason=displacement on_ladder=True -> step00002392.pt
  VAL step=2396 (p2=100) val_loss=0.5283 auc_pr_mean=0.5359
  [100/278] loss=0.5725 upd_norm=6.4962 disp=2.1343 sampler=0.0429 lr=0.000750
  EMIT ckpt step=2404 reason=displacement on_ladder=True -> step00002404.pt
  EMIT ckpt step=2416 reason=displacement on_ladder=True -> step00002416.pt
  BACKPRESSURE: 7 pending > high (6), pausing training (waiting for collectors to drain below 2; polling every 15s).
  BACKPRESSURE cleared — 0 pending < low (2); resuming training.
  [120/278] loss=0.5265 upd_norm=7.4716 disp=2.4019 sampler=0.0263 lr=0.000750
  EMIT ckpt step=2428 reason=displacement on_ladder=True -> step00002428.pt
  [140/278] loss=0.5393 upd_norm=18.9516 disp=2.5690 sampler=0.0743 lr=0.000750
  EMIT ckpt step=2440 reason=displacement on_ladder=True -> step00002440.pt
  EMIT ckpt step=2452 reason=displacement on_ladder=True -> step00002452.pt
  [160/278] loss=0.5588 upd_norm=8.8787 disp=2.9337 sampler=0.0599 lr=0.000750
  EMIT ckpt step=2464 reason=displacement on_ladder=True -> step00002464.pt
  EMIT ckpt step=2476 reason=displacement on_ladder=True -> step00002476.pt
  [180/278] loss=0.5543 upd_norm=0.9934 disp=3.0723 sampler=0.0190 lr=0.000750
  EMIT ckpt step=2488 reason=displacement on_ladder=True -> step00002488.pt
  VAL step=2496 (p2=200) val_loss=0.5314 auc_pr_mean=0.5384
  [200/278] loss=0.5310 upd_norm=8.9468 disp=3.2127 sampler=0.0539 lr=0.000750
  EMIT ckpt step=2500 reason=displacement on_ladder=True -> step00002500.pt
  EMIT ckpt step=2512 reason=displacement on_ladder=True -> step00002512.pt
  [220/278] loss=0.5752 upd_norm=15.2507 disp=3.4494 sampler=0.0570 lr=0.000750
  EMIT ckpt step=2524 reason=displacement on_ladder=True -> step00002524.pt
  EMIT ckpt step=2536 reason=displacement on_ladder=True -> step00002536.pt
  [240/278] loss=0.5390 upd_norm=3.3399 disp=3.5906 sampler=0.0210 lr=0.000750
  EMIT ckpt step=2548 reason=displacement on_ladder=True -> step00002548.pt
  [260/278] loss=0.5313 upd_norm=16.8873 disp=3.7296 sampler=0.0849 lr=0.000750
  EMIT ckpt step=2560 reason=displacement on_ladder=True -> step00002560.pt
  EMIT ckpt step=2572 reason=displacement on_ladder=True -> step00002572.pt
  EMIT ckpt step=2574 reason=epoch_end on_ladder=True -> step00002574.pt

--- Phase 2, Epoch 6/25 ---
  [0/278] loss=0.5722 upd_norm=4.7459 disp=3.8612 sampler=0.0231 lr=0.000750
  EMIT ckpt step=2586 reason=displacement on_ladder=True -> step00002586.pt
  [20/278] loss=0.5136 upd_norm=7.5591 disp=4.0522 sampler=0.0839 lr=0.000750
  VAL step=2596 (p2=300) val_loss=0.5284 auc_pr_mean=0.5387
  EMIT ckpt step=2598 reason=displacement on_ladder=True -> step00002598.pt
  EMIT ckpt step=2610 reason=displacement on_ladder=True -> step00002610.pt
  [40/278] loss=0.5242 upd_norm=5.8679 disp=4.0932 sampler=0.0417 lr=0.000750
  EMIT ckpt step=2622 reason=displacement on_ladder=True -> step00002622.pt
  EMIT ckpt step=2634 reason=displacement on_ladder=True -> step00002634.pt
  [60/278] loss=0.5559 upd_norm=5.5820 disp=4.2409 sampler=0.0280 lr=0.000750
  EMIT ckpt step=2646 reason=displacement on_ladder=True -> step00002646.pt
  [80/278] loss=0.5329 upd_norm=9.1432 disp=4.4678 sampler=0.0901 lr=0.000750
  EMIT ckpt step=2658 reason=displacement on_ladder=True -> step00002658.pt
  EMIT ckpt step=2670 reason=displacement on_ladder=True -> step00002670.pt
  [100/278] loss=0.5349 upd_norm=8.1981 disp=4.6683 sampler=0.0654 lr=0.000750
  EMIT ckpt step=2682 reason=displacement on_ladder=True -> step00002682.pt
  EMIT ckpt step=2694 reason=displacement on_ladder=True -> step00002694.pt
  [120/278] loss=0.5432 upd_norm=1.9361 disp=4.7840 sampler=0.0185 lr=0.000750
  VAL step=2696 (p2=400) val_loss=0.5226 auc_pr_mean=0.5385
  EMIT ckpt step=2706 reason=displacement on_ladder=True -> step00002706.pt
  [140/278] loss=0.5639 upd_norm=10.7481 disp=4.9431 sampler=0.0942 lr=0.000750
  EMIT ckpt step=2718 reason=displacement on_ladder=True -> step00002718.pt
  EMIT ckpt step=2730 reason=displacement on_ladder=True -> step00002730.pt
  [160/278] loss=0.5446 upd_norm=6.2826 disp=5.1966 sampler=0.0395 lr=0.000750
  EMIT ckpt step=2742 reason=displacement on_ladder=True -> step00002742.pt
  EMIT ckpt step=2754 reason=displacement on_ladder=True -> step00002754.pt
  [180/278] loss=0.5588 upd_norm=11.8503 disp=5.3137 sampler=0.0426 lr=0.000750
  EMIT ckpt step=2766 reason=displacement on_ladder=True -> step00002766.pt
  [200/278] loss=0.5162 upd_norm=7.8618 disp=5.5714 sampler=0.0564 lr=0.000750
  EMIT ckpt step=2778 reason=displacement on_ladder=True -> step00002778.pt
  EMIT ckpt step=2790 reason=displacement on_ladder=True -> step00002790.pt
  [220/278] loss=0.5624 upd_norm=7.1556 disp=5.6830 sampler=0.0631 lr=0.000750
  VAL step=2796 (p2=500) val_loss=0.5316 auc_pr_mean=0.5411
  EMIT ckpt step=2802 reason=displacement on_ladder=True -> step00002802.pt
  EMIT ckpt step=2814 reason=displacement on_ladder=True -> step00002814.pt
  [240/278] loss=0.5332 upd_norm=8.5045 disp=5.7685 sampler=0.0336 lr=0.000750
  EMIT ckpt step=2826 reason=displacement on_ladder=True -> step00002826.pt
  [260/278] loss=0.5395 upd_norm=2.2876 disp=5.8790 sampler=0.0597 lr=0.000750
  EMIT ckpt step=2838 reason=displacement on_ladder=True -> step00002838.pt
  EMIT ckpt step=2850 reason=displacement on_ladder=True -> step00002850.pt
  EMIT ckpt step=2852 reason=epoch_end on_ladder=True -> step00002852.pt

--- Phase 2, Epoch 7/25 ---
  [0/278] loss=0.5427 upd_norm=6.4477 disp=5.9182 sampler=0.0257 lr=0.000750
  EMIT ckpt step=2864 reason=displacement on_ladder=True -> step00002864.pt
  [20/278] loss=0.5316 upd_norm=3.1272 disp=6.0892 sampler=0.0976 lr=0.000750
  EMIT ckpt step=2876 reason=displacement on_ladder=True -> step00002876.pt
  EMIT ckpt step=2888 reason=displacement on_ladder=True -> step00002888.pt
  [40/278] loss=0.5576 upd_norm=1.3653 disp=6.1941 sampler=0.0392 lr=0.000750
  VAL step=2896 (p2=600) val_loss=0.5244 auc_pr_mean=0.5466
  EMIT ckpt step=2900 reason=displacement on_ladder=True -> step00002900.pt
  EMIT ckpt step=2912 reason=displacement on_ladder=True -> step00002912.pt
  [60/278] loss=0.5319 upd_norm=5.2803 disp=6.3204 sampler=0.0219 lr=0.000750
  EMIT ckpt step=2924 reason=displacement on_ladder=True -> step00002924.pt
  [80/278] loss=0.5392 upd_norm=4.7161 disp=6.3960 sampler=0.0599 lr=0.000750
  EMIT ckpt step=2936 reason=displacement on_ladder=True -> step00002936.pt
  EMIT ckpt step=2948 reason=displacement on_ladder=True -> step00002948.pt
  [100/278] loss=0.5411 upd_norm=7.2736 disp=6.6033 sampler=0.0919 lr=0.000750
  EMIT ckpt step=2960 reason=displacement on_ladder=True -> step00002960.pt
  EMIT ckpt step=2972 reason=displacement on_ladder=True -> step00002972.pt
  [120/278] loss=0.5471 upd_norm=8.1143 disp=6.7958 sampler=0.0354 lr=0.000750
  EMIT ckpt step=2984 reason=displacement on_ladder=True -> step00002984.pt
  [140/278] loss=0.5126 upd_norm=5.1888 disp=6.8901 sampler=0.0860 lr=0.000750
  EMIT ckpt step=2996 reason=displacement on_ladder=True -> step00002996.pt
  VAL step=2996 (p2=700) val_loss=0.5253 auc_pr_mean=0.5450
  EMIT ckpt step=3008 reason=displacement on_ladder=True -> step00003008.pt
  [160/278] loss=0.5188 upd_norm=11.2700 disp=7.0969 sampler=0.0887 lr=0.000750
  EMIT ckpt step=3020 reason=displacement on_ladder=True -> step00003020.pt
  EMIT ckpt step=3032 reason=displacement on_ladder=True -> step00003032.pt
  [180/278] loss=0.5364 upd_norm=8.7374 disp=7.1718 sampler=0.0352 lr=0.000750
  EMIT ckpt step=3044 reason=displacement on_ladder=True -> step00003044.pt
  [200/278] loss=0.5828 upd_norm=7.9974 disp=7.2330 sampler=0.0724 lr=0.000750
  EMIT ckpt step=3056 reason=displacement on_ladder=True -> step00003056.pt
  EMIT ckpt step=3068 reason=displacement on_ladder=True -> step00003068.pt
  [220/278] loss=0.5060 upd_norm=3.0961 disp=7.3775 sampler=0.0534 lr=0.000750
  EMIT ckpt step=3080 reason=displacement on_ladder=True -> step00003080.pt
  EMIT ckpt step=3092 reason=displacement on_ladder=True -> step00003092.pt
  [240/278] loss=0.5312 upd_norm=5.7595 disp=7.5721 sampler=0.0204 lr=0.000750
  VAL step=3096 (p2=800) val_loss=0.5257 auc_pr_mean=0.5463
  EMIT ckpt step=3104 reason=displacement on_ladder=True -> step00003104.pt
  [260/278] loss=0.5152 upd_norm=9.5439 disp=7.6539 sampler=0.0615 lr=0.000750
  EMIT ckpt step=3116 reason=displacement on_ladder=True -> step00003116.pt
  EMIT ckpt step=3128 reason=displacement on_ladder=True -> step00003128.pt
  EMIT ckpt step=3130 reason=epoch_end on_ladder=True -> step00003130.pt

--- Phase 2, Epoch 8/25 ---
  [0/278] loss=0.5395 upd_norm=6.4391 disp=7.7721 sampler=0.0233 lr=0.000750
  EMIT ckpt step=3142 reason=displacement on_ladder=True -> step00003142.pt
  [20/278] loss=0.5232 upd_norm=6.4967 disp=7.8004 sampler=0.0640 lr=0.000750
  EMIT ckpt step=3154 reason=displacement on_ladder=True -> step00003154.pt
  EMIT ckpt step=3166 reason=displacement on_ladder=True -> step00003166.pt
  [40/278] loss=0.5437 upd_norm=4.4727 disp=7.9680 sampler=0.0616 lr=0.000750
  EMIT ckpt step=3178 reason=displacement on_ladder=True -> step00003178.pt
  EMIT ckpt step=3190 reason=displacement on_ladder=True -> step00003190.pt
  [60/278] loss=0.5619 upd_norm=10.5485 disp=8.0642 sampler=0.0232 lr=0.000750
  VAL step=3196 (p2=900) val_loss=0.5209 auc_pr_mean=0.5491
  EMIT ckpt step=3202 reason=displacement on_ladder=True -> step00003202.pt
  [80/278] loss=0.5598 upd_norm=2.5842 disp=8.2585 sampler=0.0739 lr=0.000750
  EMIT ckpt step=3214 reason=displacement on_ladder=True -> step00003214.pt
  EMIT ckpt step=3226 reason=displacement on_ladder=True -> step00003226.pt
  [100/278] loss=0.5469 upd_norm=4.4591 disp=8.3127 sampler=0.0484 lr=0.000750
  EMIT ckpt step=3238 reason=displacement on_ladder=True -> step00003238.pt
  EMIT ckpt step=3250 reason=displacement on_ladder=True -> step00003250.pt
  [120/278] loss=0.5138 upd_norm=10.5958 disp=8.3887 sampler=0.0417 lr=0.000750
  EMIT ckpt step=3262 reason=displacement on_ladder=True -> step00003262.pt
  [140/278] loss=0.5447 upd_norm=7.8423 disp=8.4795 sampler=0.0912 lr=0.000750
  EMIT ckpt step=3274 reason=displacement on_ladder=True -> step00003274.pt
  EMIT ckpt step=3286 reason=displacement on_ladder=True -> step00003286.pt
  [160/278] loss=0.5477 upd_norm=1.5750 disp=8.5922 sampler=0.0450 lr=0.000750
  VAL step=3296 (p2=1000) val_loss=0.5136 auc_pr_mean=0.5522
  EMIT ckpt step=3298 reason=displacement on_ladder=True -> step00003298.pt
  EMIT ckpt step=3310 reason=displacement on_ladder=True -> step00003310.pt
  [180/278] loss=0.5389 upd_norm=2.0389 disp=8.7833 sampler=0.0208 lr=0.000750
  EMIT ckpt step=3322 reason=displacement on_ladder=True -> step00003322.pt
  [200/278] loss=0.5324 upd_norm=8.3250 disp=8.8994 sampler=0.0999 lr=0.000750
  EMIT ckpt step=3334 reason=displacement on_ladder=True -> step00003334.pt
  EMIT ckpt step=3346 reason=displacement on_ladder=True -> step00003346.pt
  [220/278] loss=0.5340 upd_norm=3.1751 disp=9.1526 sampler=0.0872 lr=0.000750
  EMIT ckpt step=3358 reason=displacement on_ladder=True -> step00003358.pt
  EMIT ckpt step=3370 reason=displacement on_ladder=True -> step00003370.pt
  [240/278] loss=0.5452 upd_norm=2.4219 disp=9.1907 sampler=0.0209 lr=0.000750
  EMIT ckpt step=3382 reason=displacement on_ladder=True -> step00003382.pt
  [260/278] loss=0.5034 upd_norm=4.8149 disp=9.2867 sampler=0.0857 lr=0.000750
  EMIT ckpt step=3394 reason=displacement on_ladder=True -> step00003394.pt
  VAL step=3396 (p2=1100) val_loss=0.5148 auc_pr_mean=0.5554
  EMIT ckpt step=3406 reason=displacement on_ladder=True -> step00003406.pt
  EMIT ckpt step=3408 reason=epoch_end on_ladder=True -> step00003408.pt

--- Phase 2, Epoch 9/25 ---
  [0/278] loss=0.4949 upd_norm=8.4254 disp=9.5496 sampler=0.0251 lr=0.000750
  EMIT ckpt step=3420 reason=displacement on_ladder=True -> step00003420.pt
  [20/278] loss=0.5209 upd_norm=6.9050 disp=9.7137 sampler=0.0929 lr=0.000750
  EMIT ckpt step=3432 reason=displacement on_ladder=True -> step00003432.pt
  EMIT ckpt step=3444 reason=displacement on_ladder=True -> step00003444.pt
  [40/278] loss=0.5160 upd_norm=5.2837 disp=9.8064 sampler=0.0450 lr=0.000750
  EMIT ckpt step=3456 reason=displacement on_ladder=True -> step00003456.pt
  EMIT ckpt step=3468 reason=displacement on_ladder=True -> step00003468.pt
  [60/278] loss=0.5158 upd_norm=4.8332 disp=9.8501 sampler=0.0232 lr=0.000750
  EMIT ckpt step=3480 reason=displacement on_ladder=True -> step00003480.pt
  [80/278] loss=0.5239 upd_norm=1.9798 disp=9.9891 sampler=0.0802 lr=0.000750
  EMIT ckpt step=3492 reason=displacement on_ladder=True -> step00003492.pt
  VAL step=3496 (p2=1200) val_loss=0.5081 auc_pr_mean=0.5565
  EMIT ckpt step=3504 reason=displacement on_ladder=True -> step00003504.pt
  [100/278] loss=0.5423 upd_norm=6.5740 disp=10.0447 sampler=0.0586 lr=0.000750
  EMIT ckpt step=3516 reason=displacement on_ladder=True -> step00003516.pt
  EMIT ckpt step=3528 reason=displacement on_ladder=True -> step00003528.pt
  [120/278] loss=0.4971 upd_norm=1.8836 disp=10.1809 sampler=0.0212 lr=0.000750
  EMIT ckpt step=3540 reason=displacement on_ladder=True -> step00003540.pt
  [140/278] loss=0.5379 upd_norm=1.4977 disp=10.3267 sampler=0.1152 lr=0.000750
  EMIT ckpt step=3552 reason=displacement on_ladder=True -> step00003552.pt
  EMIT ckpt step=3564 reason=displacement on_ladder=True -> step00003564.pt
  [160/278] loss=0.5418 upd_norm=10.8427 disp=10.3933 sampler=0.0629 lr=0.000750
  EMIT ckpt step=3576 reason=displacement on_ladder=True -> step00003576.pt
  EMIT ckpt step=3588 reason=displacement on_ladder=True -> step00003588.pt
  [180/278] loss=0.5400 upd_norm=3.7724 disp=10.5499 sampler=0.0212 lr=0.000750
  VAL step=3596 (p2=1300) val_loss=0.5127 auc_pr_mean=0.5576
  Phase-2 plateau (1/6) improvement=0.00162 < 0.003
  EMIT ckpt step=3600 reason=displacement on_ladder=True -> step00003600.pt
  [200/278] loss=0.5455 upd_norm=2.3010 disp=10.5798 sampler=0.0525 lr=0.000750
  EMIT ckpt step=3612 reason=displacement on_ladder=True -> step00003612.pt
  EMIT ckpt step=3624 reason=displacement on_ladder=True -> step00003624.pt
  [220/278] loss=0.5075 upd_norm=2.3553 disp=10.8056 sampler=0.0732 lr=0.000750
  EMIT ckpt step=3636 reason=displacement on_ladder=True -> step00003636.pt
  EMIT ckpt step=3648 reason=displacement on_ladder=True -> step00003648.pt
  [240/278] loss=0.5389 upd_norm=2.9122 disp=10.8645 sampler=0.0182 lr=0.000750
  EMIT ckpt step=3660 reason=displacement on_ladder=True -> step00003660.pt
  [260/278] loss=0.5720 upd_norm=10.7130 disp=10.9421 sampler=0.0814 lr=0.000750
  EMIT ckpt step=3672 reason=displacement on_ladder=True -> step00003672.pt
  EMIT ckpt step=3684 reason=displacement on_ladder=True -> step00003684.pt
  EMIT ckpt step=3686 reason=epoch_end on_ladder=True -> step00003686.pt

--- Phase 2, Epoch 10/25 ---
  [0/278] loss=0.5673 upd_norm=6.3955 disp=11.0474 sampler=0.0332 lr=0.000750
  VAL step=3696 (p2=1400) val_loss=0.5108 auc_pr_mean=0.5594
  EMIT ckpt step=3698 reason=displacement on_ladder=True -> step00003698.pt
  [20/278] loss=0.5377 upd_norm=2.0917 disp=11.1746 sampler=0.0868 lr=0.000750
  EMIT ckpt step=3710 reason=displacement on_ladder=True -> step00003710.pt
  EMIT ckpt step=3722 reason=displacement on_ladder=True -> step00003722.pt
  [40/278] loss=0.5573 upd_norm=1.1789 disp=11.2130 sampler=0.0427 lr=0.000750
  EMIT ckpt step=3734 reason=displacement on_ladder=True -> step00003734.pt
  EMIT ckpt step=3746 reason=displacement on_ladder=True -> step00003746.pt
  [60/278] loss=0.5469 upd_norm=4.0109 disp=11.3480 sampler=0.0199 lr=0.000750
  EMIT ckpt step=3758 reason=displacement on_ladder=True -> step00003758.pt
  [80/278] loss=0.5040 upd_norm=2.1014 disp=11.4026 sampler=0.0575 lr=0.000750
  EMIT ckpt step=3770 reason=displacement on_ladder=True -> step00003770.pt
  EMIT ckpt step=3782 reason=displacement on_ladder=True -> step00003782.pt
  [100/278] loss=0.5405 upd_norm=1.5695 disp=11.5400 sampler=0.0442 lr=0.000750
  EMIT ckpt step=3794 reason=displacement on_ladder=True -> step00003794.pt
  VAL step=3796 (p2=1500) val_loss=0.5080 auc_pr_mean=0.5588
  EMIT ckpt step=3806 reason=displacement on_ladder=True -> step00003806.pt
  [120/278] loss=0.5549 upd_norm=10.1622 disp=11.6025 sampler=0.0357 lr=0.000750
  EMIT ckpt step=3818 reason=displacement on_ladder=True -> step00003818.pt
  [140/278] loss=0.5277 upd_norm=6.7253 disp=11.6827 sampler=0.0600 lr=0.000750
  EMIT ckpt step=3830 reason=displacement on_ladder=True -> step00003830.pt
  EMIT ckpt step=3842 reason=displacement on_ladder=True -> step00003842.pt
  [160/278] loss=0.4677 upd_norm=9.0742 disp=11.7212 sampler=0.0561 lr=0.000750
  EMIT ckpt step=3854 reason=displacement on_ladder=True -> step00003854.pt
  EMIT ckpt step=3866 reason=displacement on_ladder=True -> step00003866.pt
  [180/278] loss=0.5381 upd_norm=3.3770 disp=11.8556 sampler=0.0213 lr=0.000750
  EMIT ckpt step=3878 reason=displacement on_ladder=True -> step00003878.pt
  [200/278] loss=0.5743 upd_norm=2.7138 disp=11.9082 sampler=0.0670 lr=0.000750
  EMIT ckpt step=3890 reason=displacement on_ladder=True -> step00003890.pt
  VAL step=3896 (p2=1600) val_loss=0.5036 auc_pr_mean=0.5646
  EMIT ckpt step=3902 reason=displacement on_ladder=True -> step00003902.pt
  [220/278] loss=0.5185 upd_norm=4.9803 disp=12.0658 sampler=0.0916 lr=0.000750
  EMIT ckpt step=3914 reason=displacement on_ladder=True -> step00003914.pt
  EMIT ckpt step=3926 reason=displacement on_ladder=True -> step00003926.pt
  [240/278] loss=0.5037 upd_norm=2.1012 disp=12.2093 sampler=0.0226 lr=0.000750
  EMIT ckpt step=3938 reason=displacement on_ladder=True -> step00003938.pt
  [260/278] loss=0.5441 upd_norm=8.9758 disp=12.3810 sampler=0.1013 lr=0.000750
  EMIT ckpt step=3950 reason=displacement on_ladder=True -> step00003950.pt
  EMIT ckpt step=3962 reason=displacement on_ladder=True -> step00003962.pt
  EMIT ckpt step=3964 reason=epoch_end on_ladder=True -> step00003964.pt

--- Phase 2, Epoch 11/25 ---
  [0/278] loss=0.4996 upd_norm=7.8719 disp=12.5819 sampler=0.0478 lr=0.000750
  EMIT ckpt step=3976 reason=displacement on_ladder=True -> step00003976.pt
  [20/278] loss=0.5376 upd_norm=6.2985 disp=12.6542 sampler=0.0684 lr=0.000750
  EMIT ckpt step=3988 reason=displacement on_ladder=True -> step00003988.pt
  VAL step=3996 (p2=1700) val_loss=0.5125 auc_pr_mean=0.5643
  EMIT ckpt step=4000 reason=displacement on_ladder=True -> step00004000.pt
  [40/278] loss=0.5183 upd_norm=2.1487 disp=12.7500 sampler=0.0580 lr=0.000750
  EMIT ckpt step=4012 reason=displacement on_ladder=True -> step00004012.pt
  EMIT ckpt step=4024 reason=displacement on_ladder=True -> step00004024.pt
  [60/278] loss=0.5426 upd_norm=5.5342 disp=12.7947 sampler=0.0256 lr=0.000750
  EMIT ckpt step=4036 reason=displacement on_ladder=True -> step00004036.pt
  [80/278] loss=0.5236 upd_norm=9.3265 disp=12.8886 sampler=0.0623 lr=0.000750
  EMIT ckpt step=4048 reason=displacement on_ladder=True -> step00004048.pt
  EMIT ckpt step=4060 reason=displacement on_ladder=True -> step00004060.pt
  [100/278] loss=0.5402 upd_norm=8.3453 disp=12.9729 sampler=0.0384 lr=0.000750
  EMIT ckpt step=4072 reason=displacement on_ladder=True -> step00004072.pt
  EMIT ckpt step=4084 reason=displacement on_ladder=True -> step00004084.pt
  [120/278] loss=0.5346 upd_norm=7.2844 disp=13.0457 sampler=0.0305 lr=0.000750
  EMIT ckpt step=4096 reason=displacement on_ladder=True -> step00004096.pt
  VAL step=4096 (p2=1800) val_loss=0.5057 auc_pr_mean=0.5664
  [140/278] loss=0.5551 upd_norm=6.4224 disp=13.1948 sampler=0.0967 lr=0.000750
  EMIT ckpt step=4108 reason=displacement on_ladder=True -> step00004108.pt
  EMIT ckpt step=4120 reason=displacement on_ladder=True -> step00004120.pt
  [160/278] loss=0.5565 upd_norm=8.7783 disp=13.2557 sampler=0.0617 lr=0.000750
  EMIT ckpt step=4132 reason=displacement on_ladder=True -> step00004132.pt
  EMIT ckpt step=4144 reason=displacement on_ladder=True -> step00004144.pt
  [180/278] loss=0.5400 upd_norm=4.3609 disp=13.3798 sampler=0.0203 lr=0.000750
  EMIT ckpt step=4156 reason=displacement on_ladder=True -> step00004156.pt
  [200/278] loss=0.5448 upd_norm=2.5871 disp=13.4179 sampler=0.0541 lr=0.000750
  EMIT ckpt step=4168 reason=displacement on_ladder=True -> step00004168.pt
  EMIT ckpt step=4180 reason=displacement on_ladder=True -> step00004180.pt
  [220/278] loss=0.5318 upd_norm=6.6098 disp=13.5679 sampler=0.0719 lr=0.000750
  EMIT ckpt step=4192 reason=displacement on_ladder=True -> step00004192.pt
  VAL step=4196 (p2=1900) val_loss=0.5117 auc_pr_mean=0.5622
  EMIT ckpt step=4204 reason=displacement on_ladder=True -> step00004204.pt
  [240/278] loss=0.5197 upd_norm=9.5010 disp=13.6405 sampler=0.0325 lr=0.000750
  EMIT ckpt step=4216 reason=displacement on_ladder=True -> step00004216.pt
  [260/278] loss=0.5518 upd_norm=12.0625 disp=13.7166 sampler=0.0832 lr=0.000750
  EMIT ckpt step=4228 reason=displacement on_ladder=True -> step00004228.pt
  EMIT ckpt step=4240 reason=displacement on_ladder=True -> step00004240.pt
  EMIT ckpt step=4242 reason=epoch_end on_ladder=True -> step00004242.pt

--- Phase 2, Epoch 12/25 ---
  [0/278] loss=0.5056 upd_norm=5.3851 disp=13.8186 sampler=0.0216 lr=0.000750
  EMIT ckpt step=4254 reason=displacement on_ladder=True -> step00004254.pt
  [20/278] loss=0.5431 upd_norm=2.4569 disp=13.8811 sampler=0.0813 lr=0.000750
  EMIT ckpt step=4266 reason=displacement on_ladder=True -> step00004266.pt
  EMIT ckpt step=4278 reason=displacement on_ladder=True -> step00004278.pt
  [40/278] loss=0.5194 upd_norm=4.4306 disp=13.9248 sampler=0.0350 lr=0.000750
  EMIT ckpt step=4290 reason=displacement on_ladder=True -> step00004290.pt
  VAL step=4296 (p2=2000) val_loss=0.5020 auc_pr_mean=0.5699
  EMIT ckpt step=4302 reason=displacement on_ladder=True -> step00004302.pt
  [60/278] loss=0.5427 upd_norm=6.2842 disp=13.9819 sampler=0.0191 lr=0.000750
  EMIT ckpt step=4314 reason=displacement on_ladder=True -> step00004314.pt
  [80/278] loss=0.4784 upd_norm=2.8066 disp=14.0454 sampler=0.0885 lr=0.000750
  EMIT ckpt step=4326 reason=displacement on_ladder=True -> step00004326.pt
  EMIT ckpt step=4338 reason=displacement on_ladder=True -> step00004338.pt
  [100/278] loss=0.4889 upd_norm=1.8627 disp=14.1846 sampler=0.0406 lr=0.000750
  EMIT ckpt step=4350 reason=displacement on_ladder=True -> step00004350.pt
  EMIT ckpt step=4362 reason=displacement on_ladder=True -> step00004362.pt
  [120/278] loss=0.5006 upd_norm=9.2592 disp=14.2747 sampler=0.0434 lr=0.000750
  EMIT ckpt step=4374 reason=displacement on_ladder=True -> step00004374.pt
  [140/278] loss=0.5226 upd_norm=2.8359 disp=14.4447 sampler=0.0683 lr=0.000750
  EMIT ckpt step=4386 reason=displacement on_ladder=True -> step00004386.pt
  VAL step=4396 (p2=2100) val_loss=0.5014 auc_pr_mean=0.5684
  Phase-2 plateau (1/6) improvement=0.00174 < 0.003
  EMIT ckpt step=4398 reason=displacement on_ladder=True -> step00004398.pt
  [160/278] loss=0.4910 upd_norm=4.5183 disp=14.5068 sampler=0.0506 lr=0.000750
  EMIT ckpt step=4410 reason=displacement on_ladder=True -> step00004410.pt
  EMIT ckpt step=4422 reason=displacement on_ladder=True -> step00004422.pt
  [180/278] loss=0.5175 upd_norm=1.6555 disp=14.6572 sampler=0.0203 lr=0.000750
  EMIT ckpt step=4434 reason=displacement on_ladder=True -> step00004434.pt
  [200/278] loss=0.5209 upd_norm=3.0906 disp=14.7022 sampler=0.0730 lr=0.000750
  EMIT ckpt step=4446 reason=displacement on_ladder=True -> step00004446.pt
  EMIT ckpt step=4458 reason=displacement on_ladder=True -> step00004458.pt
  [220/278] loss=0.5165 upd_norm=3.1619 disp=14.8715 sampler=0.0495 lr=0.000750
  EMIT ckpt step=4470 reason=displacement on_ladder=True -> step00004470.pt
  EMIT ckpt step=4482 reason=displacement on_ladder=True -> step00004482.pt
  [240/278] loss=0.5435 upd_norm=8.6548 disp=14.9211 sampler=0.0245 lr=0.000750
  EMIT ckpt step=4494 reason=displacement on_ladder=True -> step00004494.pt
  VAL step=4496 (p2=2200) val_loss=0.4987 auc_pr_mean=0.5709
  Phase-2 plateau (2/6) improvement=0.00287 < 0.003
  [260/278] loss=0.5574 upd_norm=6.7486 disp=15.0080 sampler=0.0930 lr=0.000750
  EMIT ckpt step=4506 reason=displacement on_ladder=True -> step00004506.pt
  EMIT ckpt step=4518 reason=displacement on_ladder=True -> step00004518.pt
  EMIT ckpt step=4520 reason=epoch_end on_ladder=True -> step00004520.pt

--- Phase 2, Epoch 13/25 ---
  [0/278] loss=0.5243 upd_norm=2.4167 disp=15.0538 sampler=0.0211 lr=0.000750
  EMIT ckpt step=4532 reason=displacement on_ladder=True -> step00004532.pt
  [20/278] loss=0.5677 upd_norm=9.6630 disp=15.1561 sampler=0.1027 lr=0.000750
  EMIT ckpt step=4544 reason=displacement on_ladder=True -> step00004544.pt
  EMIT ckpt step=4556 reason=displacement on_ladder=True -> step00004556.pt
  [40/278] loss=0.5016 upd_norm=5.9767 disp=15.2569 sampler=0.0416 lr=0.000750
  EMIT ckpt step=4568 reason=displacement on_ladder=True -> step00004568.pt
  EMIT ckpt step=4580 reason=displacement on_ladder=True -> step00004580.pt
  [60/278] loss=0.5041 upd_norm=5.6230 disp=15.3262 sampler=0.0394 lr=0.000750
  EMIT ckpt step=4592 reason=displacement on_ladder=True -> step00004592.pt
  VAL step=4596 (p2=2300) val_loss=0.4993 auc_pr_mean=0.5742
  Phase-2 plateau (3/6) improvement=0.00050 < 0.003
  [80/278] loss=0.5127 upd_norm=4.1733 disp=15.3785 sampler=0.0799 lr=0.000750
  EMIT ckpt step=4604 reason=displacement on_ladder=True -> step00004604.pt
  EMIT ckpt step=4616 reason=displacement on_ladder=True -> step00004616.pt
  [100/278] loss=0.5327 upd_norm=7.4427 disp=15.4632 sampler=0.0734 lr=0.000750
  EMIT ckpt step=4628 reason=displacement on_ladder=True -> step00004628.pt
  EMIT ckpt step=4640 reason=displacement on_ladder=True -> step00004640.pt
  [120/278] loss=0.4998 upd_norm=7.0059 disp=15.5643 sampler=0.0275 lr=0.000750
  EMIT ckpt step=4652 reason=displacement on_ladder=True -> step00004652.pt
  [140/278] loss=0.5560 upd_norm=4.5799 disp=15.7020 sampler=0.0768 lr=0.000750
  EMIT ckpt step=4664 reason=displacement on_ladder=True -> step00004664.pt
  EMIT ckpt step=4676 reason=displacement on_ladder=True -> step00004676.pt
  [160/278] loss=0.5149 upd_norm=1.3150 disp=15.8079 sampler=0.0568 lr=0.000750
  EMIT ckpt step=4688 reason=displacement on_ladder=True -> step00004688.pt
  VAL step=4696 (p2=2400) val_loss=0.4970 auc_pr_mean=0.5725
  Phase-2 plateau (4/6) improvement=0.00232 < 0.003
  EMIT ckpt step=4700 reason=displacement on_ladder=True -> step00004700.pt
  [180/278] loss=0.5272 upd_norm=2.8565 disp=15.8519 sampler=0.0224 lr=0.000750
  EMIT ckpt step=4712 reason=displacement on_ladder=True -> step00004712.pt
  [200/278] loss=0.5119 upd_norm=1.2283 disp=15.9058 sampler=0.0839 lr=0.000750
  EMIT ckpt step=4724 reason=displacement on_ladder=True -> step00004724.pt
  EMIT ckpt step=4736 reason=displacement on_ladder=True -> step00004736.pt
  [220/278] loss=0.5330 upd_norm=5.7051 disp=15.9902 sampler=0.0504 lr=0.000750
  EMIT ckpt step=4748 reason=displacement on_ladder=True -> step00004748.pt
  EMIT ckpt step=4760 reason=displacement on_ladder=True -> step00004760.pt
  [240/278] loss=0.4904 upd_norm=4.0831 disp=16.0901 sampler=0.0262 lr=0.000750
  EMIT ckpt step=4772 reason=displacement on_ladder=True -> step00004772.pt
  [260/278] loss=0.5365 upd_norm=4.3829 disp=16.2533 sampler=0.0669 lr=0.000750
  EMIT ckpt step=4784 reason=displacement on_ladder=True -> step00004784.pt
  EMIT ckpt step=4796 reason=displacement on_ladder=True -> step00004796.pt
  VAL step=4796 (p2=2500) val_loss=0.4969 auc_pr_mean=0.5772
  EMIT ckpt step=4798 reason=epoch_end on_ladder=True -> step00004798.pt

--- Phase 2, Epoch 14/25 ---
  [0/278] loss=0.5267 upd_norm=12.7737 disp=16.2988 sampler=0.0381 lr=0.000750
  EMIT ckpt step=4810 reason=displacement on_ladder=True -> step00004810.pt
  [20/278] loss=0.4906 upd_norm=5.6866 disp=16.4137 sampler=0.1020 lr=0.000750
  EMIT ckpt step=4822 reason=displacement on_ladder=True -> step00004822.pt
  EMIT ckpt step=4834 reason=displacement on_ladder=True -> step00004834.pt
  [40/278] loss=0.5442 upd_norm=5.8088 disp=16.4939 sampler=0.0634 lr=0.000750
  EMIT ckpt step=4846 reason=displacement on_ladder=True -> step00004846.pt
  EMIT ckpt step=4858 reason=displacement on_ladder=True -> step00004858.pt
  [60/278] loss=0.5156 upd_norm=5.0688 disp=16.5891 sampler=0.0202 lr=0.000750
  EMIT ckpt step=4870 reason=displacement on_ladder=True -> step00004870.pt
  [80/278] loss=0.4968 upd_norm=2.8092 disp=16.6375 sampler=0.0721 lr=0.000750
  EMIT ckpt step=4882 reason=displacement on_ladder=True -> step00004882.pt
  EMIT ckpt step=4894 reason=displacement on_ladder=True -> step00004894.pt
  VAL step=4896 (p2=2600) val_loss=0.4955 auc_pr_mean=0.5777
  [100/278] loss=0.5397 upd_norm=3.0977 disp=16.6903 sampler=0.0530 lr=0.000750
  EMIT ckpt step=4906 reason=displacement on_ladder=True -> step00004906.pt
  EMIT ckpt step=4918 reason=displacement on_ladder=True -> step00004918.pt
  [120/278] loss=0.4754 upd_norm=2.0768 disp=16.9130 sampler=0.0223 lr=0.000750
  EMIT ckpt step=4930 reason=displacement on_ladder=True -> step00004930.pt
  [140/278] loss=0.5084 upd_norm=2.2475 disp=16.9673 sampler=0.0660 lr=0.000750
  EMIT ckpt step=4942 reason=displacement on_ladder=True -> step00004942.pt
  EMIT ckpt step=4954 reason=displacement on_ladder=True -> step00004954.pt
  [160/278] loss=0.5188 upd_norm=9.7957 disp=17.0800 sampler=0.0673 lr=0.000750
  EMIT ckpt step=4966 reason=displacement on_ladder=True -> step00004966.pt
  EMIT ckpt step=4978 reason=displacement on_ladder=True -> step00004978.pt
  [180/278] loss=0.5439 upd_norm=3.3689 disp=17.1326 sampler=0.0223 lr=0.000750
  EMIT ckpt step=4990 reason=displacement on_ladder=True -> step00004990.pt
  VAL step=4996 (p2=2700) val_loss=0.5002 auc_pr_mean=0.5729
  Phase-2 plateau (1/6) improvement=-0.00031 < 0.003
  [200/278] loss=0.5321 upd_norm=4.8001 disp=17.1948 sampler=0.0641 lr=0.000750
  EMIT ckpt step=5002 reason=displacement on_ladder=True -> step00005002.pt
  EMIT ckpt step=5014 reason=displacement on_ladder=True -> step00005014.pt
  [220/278] loss=0.5249 upd_norm=2.1002 disp=17.2765 sampler=0.0469 lr=0.000750
  EMIT ckpt step=5026 reason=displacement on_ladder=True -> step00005026.pt
  EMIT ckpt step=5038 reason=displacement on_ladder=True -> step00005038.pt
  [240/278] loss=0.4923 upd_norm=7.2333 disp=17.3538 sampler=0.0343 lr=0.000750
  EMIT ckpt step=5050 reason=displacement on_ladder=True -> step00005050.pt
  [260/278] loss=0.5121 upd_norm=2.4547 disp=17.4314 sampler=0.0594 lr=0.000750
  EMIT ckpt step=5062 reason=displacement on_ladder=True -> step00005062.pt
  EMIT ckpt step=5074 reason=displacement on_ladder=True -> step00005074.pt
  EMIT ckpt step=5076 reason=epoch_end on_ladder=True -> step00005076.pt

--- Phase 2, Epoch 15/25 ---
  [0/278] loss=0.5502 upd_norm=8.3544 disp=17.6047 sampler=0.0425 lr=0.000750
  EMIT ckpt step=5088 reason=displacement on_ladder=True -> step00005088.pt
  VAL step=5096 (p2=2800) val_loss=0.4968 auc_pr_mean=0.5800
  [20/278] loss=0.5181 upd_norm=4.0551 disp=17.6536 sampler=0.0577 lr=0.000750
  EMIT ckpt step=5100 reason=displacement on_ladder=True -> step00005100.pt
  EMIT ckpt step=5112 reason=displacement on_ladder=True -> step00005112.pt
  [40/278] loss=0.5146 upd_norm=3.0747 disp=17.7067 sampler=0.0531 lr=0.000750
  EMIT ckpt step=5124 reason=displacement on_ladder=True -> step00005124.pt
  EMIT ckpt step=5136 reason=displacement on_ladder=True -> step00005136.pt
  [60/278] loss=0.4707 upd_norm=2.7736 disp=17.8163 sampler=0.0212 lr=0.000750
  EMIT ckpt step=5148 reason=displacement on_ladder=True -> step00005148.pt
  [80/278] loss=0.5111 upd_norm=3.0973 disp=17.9288 sampler=0.1044 lr=0.000750
  EMIT ckpt step=5160 reason=displacement on_ladder=True -> step00005160.pt
  EMIT ckpt step=5172 reason=displacement on_ladder=True -> step00005172.pt
  [100/278] loss=0.5711 upd_norm=12.8628 disp=18.0088 sampler=0.0448 lr=0.000750
  EMIT ckpt step=5184 reason=displacement on_ladder=True -> step00005184.pt
  EMIT ckpt step=5196 reason=displacement on_ladder=True -> step00005196.pt
  VAL step=5196 (p2=2900) val_loss=0.4958 auc_pr_mean=0.5810
  Phase-2 plateau (1/6) improvement=0.00079 < 0.003
  [120/278] loss=0.5148 upd_norm=5.7416 disp=18.0507 sampler=0.0214 lr=0.000750
  EMIT ckpt step=5208 reason=displacement on_ladder=True -> step00005208.pt
  [140/278] loss=0.5210 upd_norm=2.3092 disp=18.0949 sampler=0.0627 lr=0.000750
  EMIT ckpt step=5220 reason=displacement on_ladder=True -> step00005220.pt
  EMIT ckpt step=5232 reason=displacement on_ladder=True -> step00005232.pt
  [160/278] loss=0.5433 upd_norm=1.8578 disp=18.1948 sampler=0.0935 lr=0.000750
  EMIT ckpt step=5244 reason=displacement on_ladder=True -> step00005244.pt
  EMIT ckpt step=5256 reason=displacement on_ladder=True -> step00005256.pt
  [180/278] loss=0.5149 upd_norm=8.3488 disp=18.2856 sampler=0.0290 lr=0.000750
  EMIT ckpt step=5268 reason=displacement on_ladder=True -> step00005268.pt
  [200/278] loss=0.5226 upd_norm=3.1891 disp=18.3797 sampler=0.1013 lr=0.000750
  EMIT ckpt step=5280 reason=displacement on_ladder=True -> step00005280.pt
  EMIT ckpt step=5292 reason=displacement on_ladder=True -> step00005292.pt
  VAL step=5296 (p2=3000) val_loss=0.4917 auc_pr_mean=0.5804
  [220/278] loss=0.5153 upd_norm=1.9480 disp=18.4306 sampler=0.0524 lr=0.000750
  EMIT ckpt step=5304 reason=displacement on_ladder=True -> step00005304.pt
  EMIT ckpt step=5316 reason=displacement on_ladder=True -> step00005316.pt
  [240/278] loss=0.5242 upd_norm=2.4619 disp=18.4892 sampler=0.0220 lr=0.000750
  EMIT ckpt step=5328 reason=displacement on_ladder=True -> step00005328.pt
  [260/278] loss=0.5137 upd_norm=5.7685 disp=18.6114 sampler=0.1096 lr=0.000750
  EMIT ckpt step=5340 reason=displacement on_ladder=True -> step00005340.pt
  EMIT ckpt step=5352 reason=displacement on_ladder=True -> step00005352.pt
  EMIT ckpt step=5354 reason=epoch_end on_ladder=True -> step00005354.pt

--- Phase 2, Epoch 16/25 ---
  [0/278] loss=0.5070 upd_norm=3.1747 disp=18.8185 sampler=0.0181 lr=0.000750
  EMIT ckpt step=5366 reason=displacement on_ladder=True -> step00005366.pt
  [20/278] loss=0.5281 upd_norm=1.7520 disp=18.8648 sampler=0.0728 lr=0.000750
  EMIT ckpt step=5378 reason=displacement on_ladder=True -> step00005378.pt
  EMIT ckpt step=5390 reason=displacement on_ladder=True -> step00005390.pt
  [40/278] loss=0.5159 upd_norm=3.6099 disp=18.9655 sampler=0.0835 lr=0.000750
  VAL step=5396 (p2=3100) val_loss=0.4920 auc_pr_mean=0.5826
  EMIT ckpt step=5402 reason=displacement on_ladder=True -> step00005402.pt
  EMIT ckpt step=5414 reason=displacement on_ladder=True -> step00005414.pt
  [60/278] loss=0.5233 upd_norm=8.5482 disp=19.1088 sampler=0.0415 lr=0.000750
  EMIT ckpt step=5426 reason=displacement on_ladder=True -> step00005426.pt
  [80/278] loss=0.5080 upd_norm=3.2782 disp=19.1646 sampler=0.0587 lr=0.000750
  EMIT ckpt step=5438 reason=displacement on_ladder=True -> step00005438.pt
  EMIT ckpt step=5450 reason=displacement on_ladder=True -> step00005450.pt
  [100/278] loss=0.5242 upd_norm=9.3447 disp=19.2627 sampler=0.0636 lr=0.000750
  EMIT ckpt step=5462 reason=displacement on_ladder=True -> step00005462.pt
  EMIT ckpt step=5474 reason=displacement on_ladder=True -> step00005474.pt
  [120/278] loss=0.5360 upd_norm=7.9527 disp=19.3355 sampler=0.0324 lr=0.000750
  EMIT ckpt step=5486 reason=displacement on_ladder=True -> step00005486.pt
  [140/278] loss=0.5219 upd_norm=5.7663 disp=19.4782 sampler=0.1170 lr=0.000750
  VAL step=5496 (p2=3200) val_loss=0.4924 auc_pr_mean=0.5852
  Phase-2 plateau (1/6) improvement=0.00030 < 0.003
  EMIT ckpt step=5498 reason=displacement on_ladder=True -> step00005498.pt
  EMIT ckpt step=5510 reason=displacement on_ladder=True -> step00005510.pt
  [160/278] loss=0.5453 upd_norm=7.4417 disp=19.5593 sampler=0.0557 lr=0.000750
  EMIT ckpt step=5522 reason=displacement on_ladder=True -> step00005522.pt
  EMIT ckpt step=5534 reason=displacement on_ladder=True -> step00005534.pt
  [180/278] loss=0.5448 upd_norm=2.3005 disp=19.5853 sampler=0.0220 lr=0.000750
  EMIT ckpt step=5546 reason=displacement on_ladder=True -> step00005546.pt
  [200/278] loss=0.5397 upd_norm=4.0472 disp=19.6266 sampler=0.0601 lr=0.000750
  EMIT ckpt step=5558 reason=displacement on_ladder=True -> step00005558.pt
  EMIT ckpt step=5570 reason=displacement on_ladder=True -> step00005570.pt
  [220/278] loss=0.5085 upd_norm=3.1238 disp=19.7376 sampler=0.0676 lr=0.000750
  EMIT ckpt step=5582 reason=displacement on_ladder=True -> step00005582.pt
  EMIT ckpt step=5594 reason=displacement on_ladder=True -> step00005594.pt
  [240/278] loss=0.5201 upd_norm=5.1383 disp=19.8411 sampler=0.0483 lr=0.000750
  VAL step=5596 (p2=3300) val_loss=0.4991 auc_pr_mean=0.5883
  Phase-2 plateau (2/6) improvement=0.00075 < 0.003
  EMIT ckpt step=5606 reason=displacement on_ladder=True -> step00005606.pt
  [260/278] loss=0.5022 upd_norm=2.5318 disp=20.0167 sampler=0.1103 lr=0.000750
  EMIT ckpt step=5618 reason=displacement on_ladder=True -> step00005618.pt
  EMIT ckpt step=5630 reason=displacement on_ladder=True -> step00005630.pt
  EMIT ckpt step=5632 reason=epoch_end on_ladder=True -> step00005632.pt

--- Phase 2, Epoch 17/25 ---
  [0/278] loss=0.5478 upd_norm=2.6442 disp=20.1026 sampler=0.0233 lr=0.000750
  EMIT ckpt step=5644 reason=displacement on_ladder=True -> step00005644.pt
  [20/278] loss=0.5399 upd_norm=9.0599 disp=20.1655 sampler=0.0934 lr=0.000750
  EMIT ckpt step=5656 reason=displacement on_ladder=True -> step00005656.pt
  EMIT ckpt step=5668 reason=displacement on_ladder=True -> step00005668.pt
  [40/278] loss=0.5211 upd_norm=3.0043 disp=20.2307 sampler=0.0461 lr=0.000750
  EMIT ckpt step=5680 reason=displacement on_ladder=True -> step00005680.pt
  EMIT ckpt step=5692 reason=displacement on_ladder=True -> step00005692.pt
  [60/278] loss=0.5046 upd_norm=4.5113 disp=20.2998 sampler=0.0395 lr=0.000750
  VAL step=5696 (p2=3400) val_loss=0.4932 auc_pr_mean=0.5888
  EMIT ckpt step=5704 reason=displacement on_ladder=True -> step00005704.pt
  [80/278] loss=0.5264 upd_norm=1.9976 disp=20.3751 sampler=0.0860 lr=0.000750
  EMIT ckpt step=5716 reason=displacement on_ladder=True -> step00005716.pt
  EMIT ckpt step=5728 reason=displacement on_ladder=True -> step00005728.pt
  [100/278] loss=0.4910 upd_norm=1.8035 disp=20.4388 sampler=0.0744 lr=0.000750
  EMIT ckpt step=5740 reason=displacement on_ladder=True -> step00005740.pt
  EMIT ckpt step=5752 reason=displacement on_ladder=True -> step00005752.pt
  [120/278] loss=0.5398 upd_norm=4.3834 disp=20.6180 sampler=0.0215 lr=0.000750
  EMIT ckpt step=5764 reason=displacement on_ladder=True -> step00005764.pt
  [140/278] loss=0.5138 upd_norm=1.6032 disp=20.6836 sampler=0.0684 lr=0.000750
  EMIT ckpt step=5776 reason=displacement on_ladder=True -> step00005776.pt
  EMIT ckpt step=5788 reason=displacement on_ladder=True -> step00005788.pt
  [160/278] loss=0.5293 upd_norm=2.6531 disp=20.7532 sampler=0.0543 lr=0.000750
  VAL step=5796 (p2=3500) val_loss=0.4935 auc_pr_mean=0.5916
  Phase-2 plateau (1/6) improvement=0.00228 < 0.003
  EMIT ckpt step=5800 reason=displacement on_ladder=True -> step00005800.pt
  EMIT ckpt step=5812 reason=displacement on_ladder=True -> step00005812.pt
  [180/278] loss=0.5703 upd_norm=12.2251 disp=20.8292 sampler=0.0400 lr=0.000750
  EMIT ckpt step=5824 reason=displacement on_ladder=True -> step00005824.pt
  [200/278] loss=0.5220 upd_norm=2.4355 disp=20.8865 sampler=0.0856 lr=0.000750
  EMIT ckpt step=5836 reason=displacement on_ladder=True -> step00005836.pt
  EMIT ckpt step=5848 reason=displacement on_ladder=True -> step00005848.pt
  [220/278] loss=0.5529 upd_norm=6.5528 disp=20.9557 sampler=0.0869 lr=0.000750
  EMIT ckpt step=5860 reason=displacement on_ladder=True -> step00005860.pt
  EMIT ckpt step=5872 reason=displacement on_ladder=True -> step00005872.pt
  [240/278] loss=0.5138 upd_norm=10.8339 disp=21.1329 sampler=0.0368 lr=0.000750
  EMIT ckpt step=5884 reason=displacement on_ladder=True -> step00005884.pt
  [260/278] loss=0.5074 upd_norm=5.6530 disp=21.2177 sampler=0.0946 lr=0.000750
  EMIT ckpt step=5896 reason=displacement on_ladder=True -> step00005896.pt
  VAL step=5896 (p2=3600) val_loss=0.4959 auc_pr_mean=0.5916
  EMIT ckpt step=5908 reason=displacement on_ladder=True -> step00005908.pt
  EMIT ckpt step=5910 reason=epoch_end on_ladder=True -> step00005910.pt

--- Phase 2, Epoch 18/25 ---
  [0/278] loss=0.5448 upd_norm=8.5821 disp=21.2940 sampler=0.0368 lr=0.000750
  EMIT ckpt step=5922 reason=displacement on_ladder=True -> step00005922.pt
  [20/278] loss=0.5301 upd_norm=4.3259 disp=21.3607 sampler=0.0598 lr=0.000750
  EMIT ckpt step=5934 reason=displacement on_ladder=True -> step00005934.pt
  EMIT ckpt step=5946 reason=displacement on_ladder=True -> step00005946.pt
  [40/278] loss=0.5045 upd_norm=2.0110 disp=21.4226 sampler=0.0809 lr=0.000750
  EMIT ckpt step=5958 reason=displacement on_ladder=True -> step00005958.pt
  EMIT ckpt step=5970 reason=displacement on_ladder=True -> step00005970.pt
  [60/278] loss=0.4847 upd_norm=2.2516 disp=21.4878 sampler=0.0195 lr=0.000750
  EMIT ckpt step=5982 reason=displacement on_ladder=True -> step00005982.pt
  [80/278] loss=0.4806 upd_norm=7.1091 disp=21.5646 sampler=0.0945 lr=0.000750
  EMIT ckpt step=5994 reason=displacement on_ladder=True -> step00005994.pt
  VAL step=5996 (p2=3700) val_loss=0.4933 auc_pr_mean=0.5897
  Phase-2 plateau (1/6) improvement=-0.00137 < 0.003
  EMIT ckpt step=6006 reason=displacement on_ladder=True -> step00006006.pt
  [100/278] loss=0.5386 upd_norm=8.7853 disp=21.6707 sampler=0.0660 lr=0.000750
  EMIT ckpt step=6018 reason=displacement on_ladder=True -> step00006018.pt
  EMIT ckpt step=6030 reason=displacement on_ladder=True -> step00006030.pt
  [120/278] loss=0.5263 upd_norm=3.2635 disp=21.7116 sampler=0.0286 lr=0.000750
  EMIT ckpt step=6042 reason=displacement on_ladder=True -> step00006042.pt
  [140/278] loss=0.5529 upd_norm=6.7385 disp=21.7772 sampler=0.0848 lr=0.000750
  EMIT ckpt step=6054 reason=displacement on_ladder=True -> step00006054.pt
  EMIT ckpt step=6066 reason=displacement on_ladder=True -> step00006066.pt
  [160/278] loss=0.5347 upd_norm=8.4197 disp=21.8784 sampler=0.0639 lr=0.000750
  EMIT ckpt step=6078 reason=displacement on_ladder=True -> step00006078.pt
  EMIT ckpt step=6090 reason=displacement on_ladder=True -> step00006090.pt
  [180/278] loss=0.4750 upd_norm=4.1975 disp=21.9692 sampler=0.0410 lr=0.000750
  VAL step=6096 (p2=3800) val_loss=0.4909 auc_pr_mean=0.5935
  Phase-2 plateau (2/6) improvement=-0.00023 < 0.003
  EMIT ckpt step=6102 reason=displacement on_ladder=True -> step00006102.pt
  [200/278] loss=0.5250 upd_norm=1.9249 disp=22.0367 sampler=0.0891 lr=0.000750
  EMIT ckpt step=6114 reason=displacement on_ladder=True -> step00006114.pt
  EMIT ckpt step=6126 reason=displacement on_ladder=True -> step00006126.pt
  [220/278] loss=0.4930 upd_norm=3.6068 disp=22.1749 sampler=0.0739 lr=0.000750
  EMIT ckpt step=6138 reason=displacement on_ladder=True -> step00006138.pt
  EMIT ckpt step=6150 reason=displacement on_ladder=True -> step00006150.pt
  [240/278] loss=0.5242 upd_norm=3.0923 disp=22.3415 sampler=0.0333 lr=0.000750
  EMIT ckpt step=6162 reason=displacement on_ladder=True -> step00006162.pt
  [260/278] loss=0.4941 upd_norm=2.9606 disp=22.4363 sampler=0.1128 lr=0.000750
  EMIT ckpt step=6174 reason=displacement on_ladder=True -> step00006174.pt
  EMIT ckpt step=6186 reason=displacement on_ladder=True -> step00006186.pt
  EMIT ckpt step=6188 reason=epoch_end on_ladder=True -> step00006188.pt

--- Phase 2, Epoch 19/25 ---
  [0/278] loss=0.5363 upd_norm=2.9522 disp=22.5162 sampler=0.0199 lr=0.000750
  VAL step=6196 (p2=3900) val_loss=0.4903 auc_pr_mean=0.5958
  EMIT ckpt step=6200 reason=displacement on_ladder=True -> step00006200.pt
  [20/278] loss=0.5195 upd_norm=3.9395 disp=22.5901 sampler=0.1021 lr=0.000750
  EMIT ckpt step=6212 reason=displacement on_ladder=True -> step00006212.pt
  EMIT ckpt step=6224 reason=displacement on_ladder=True -> step00006224.pt
  [40/278] loss=0.5110 upd_norm=5.0404 disp=22.6615 sampler=0.0460 lr=0.000750
  EMIT ckpt step=6236 reason=displacement on_ladder=True -> step00006236.pt
  EMIT ckpt step=6248 reason=displacement on_ladder=True -> step00006248.pt
  [60/278] loss=0.5268 upd_norm=2.2297 disp=22.7297 sampler=0.0209 lr=0.000750
  EMIT ckpt step=6260 reason=displacement on_ladder=True -> step00006260.pt
  [80/278] loss=0.5478 upd_norm=3.6919 disp=22.8095 sampler=0.0829 lr=0.000750
  EMIT ckpt step=6272 reason=displacement on_ladder=True -> step00006272.pt
  EMIT ckpt step=6284 reason=displacement on_ladder=True -> step00006284.pt
  [100/278] loss=0.5179 upd_norm=6.6085 disp=22.9094 sampler=0.0820 lr=0.000750
  EMIT ckpt step=6296 reason=displacement on_ladder=True -> step00006296.pt
  VAL step=6296 (p2=4000) val_loss=0.5042 auc_pr_mean=0.5940
  Phase-2 plateau (1/6) improvement=0.00116 < 0.003
  EMIT ckpt step=6308 reason=displacement on_ladder=True -> step00006308.pt
  [120/278] loss=0.5098 upd_norm=8.1883 disp=22.9637 sampler=0.0275 lr=0.000750
  EMIT ckpt step=6320 reason=displacement on_ladder=True -> step00006320.pt
  [140/278] loss=0.5040 upd_norm=2.1964 disp=23.0619 sampler=0.1105 lr=0.000750
  EMIT ckpt step=6332 reason=displacement on_ladder=True -> step00006332.pt
  EMIT ckpt step=6344 reason=displacement on_ladder=True -> step00006344.pt
  [160/278] loss=0.5029 upd_norm=6.7613 disp=23.1458 sampler=0.0747 lr=0.000750
  EMIT ckpt step=6356 reason=displacement on_ladder=True -> step00006356.pt
  EMIT ckpt step=6368 reason=displacement on_ladder=True -> step00006368.pt
  [180/278] loss=0.4991 upd_norm=6.0871 disp=23.1991 sampler=0.0398 lr=0.000750
  EMIT ckpt step=6380 reason=displacement on_ladder=True -> step00006380.pt
  [200/278] loss=0.5459 upd_norm=3.1083 disp=23.2816 sampler=0.0735 lr=0.000750
  EMIT ckpt step=6392 reason=displacement on_ladder=True -> step00006392.pt
  VAL step=6396 (p2=4100) val_loss=0.4929 auc_pr_mean=0.5970
  EMIT ckpt step=6404 reason=displacement on_ladder=True -> step00006404.pt
  [220/278] loss=0.5199 upd_norm=5.5523 disp=23.3618 sampler=0.0573 lr=0.000750
  EMIT ckpt step=6416 reason=displacement on_ladder=True -> step00006416.pt
  EMIT ckpt step=6428 reason=displacement on_ladder=True -> step00006428.pt
  [240/278] loss=0.5258 upd_norm=3.0850 disp=23.5260 sampler=0.0225 lr=0.000750
  EMIT ckpt step=6440 reason=displacement on_ladder=True -> step00006440.pt
  [260/278] loss=0.5240 upd_norm=2.3095 disp=23.5743 sampler=0.0773 lr=0.000750
  EMIT ckpt step=6452 reason=displacement on_ladder=True -> step00006452.pt
  EMIT ckpt step=6464 reason=displacement on_ladder=True -> step00006464.pt
  EMIT ckpt step=6466 reason=epoch_end on_ladder=True -> step00006466.pt

--- Phase 2, Epoch 20/25 ---
  [0/278] loss=0.5300 upd_norm=6.8663 disp=23.6574 sampler=0.0422 lr=0.000750
  EMIT ckpt step=6478 reason=displacement on_ladder=True -> step00006478.pt
  [20/278] loss=0.4950 upd_norm=1.9648 disp=23.7203 sampler=0.0925 lr=0.000750
  EMIT ckpt step=6490 reason=displacement on_ladder=True -> step00006490.pt
  VAL step=6496 (p2=4200) val_loss=0.4882 auc_pr_mean=0.5994
  Phase-2 plateau (1/6) improvement=0.00009 < 0.003
  EMIT ckpt step=6502 reason=displacement on_ladder=True -> step00006502.pt
  [40/278] loss=0.5396 upd_norm=6.1272 disp=23.8672 sampler=0.1179 lr=0.000750
  EMIT ckpt step=6514 reason=displacement on_ladder=True -> step00006514.pt
  EMIT ckpt step=6526 reason=displacement on_ladder=True -> step00006526.pt
  [60/278] loss=0.5390 upd_norm=2.0933 disp=24.0323 sampler=0.0221 lr=0.000750
  EMIT ckpt step=6538 reason=displacement on_ladder=True -> step00006538.pt
  [80/278] loss=0.5165 upd_norm=4.9264 disp=24.1123 sampler=0.0977 lr=0.000750
  EMIT ckpt step=6550 reason=displacement on_ladder=True -> step00006550.pt
  EMIT ckpt step=6562 reason=displacement on_ladder=True -> step00006562.pt
  [100/278] loss=0.5147 upd_norm=4.7528 disp=24.2031 sampler=0.0673 lr=0.000750
  EMIT ckpt step=6574 reason=displacement on_ladder=True -> step00006574.pt
  EMIT ckpt step=6586 reason=displacement on_ladder=True -> step00006586.pt
  [120/278] loss=0.5465 upd_norm=4.8024 disp=24.3148 sampler=0.0327 lr=0.000750
  VAL step=6596 (p2=4300) val_loss=0.4871 auc_pr_mean=0.6011
  EMIT ckpt step=6598 reason=displacement on_ladder=True -> step00006598.pt
  [140/278] loss=0.5042 upd_norm=3.5669 disp=24.5332 sampler=0.1124 lr=0.000750
  EMIT ckpt step=6610 reason=displacement on_ladder=True -> step00006610.pt
  EMIT ckpt step=6622 reason=displacement on_ladder=True -> step00006622.pt
  [160/278] loss=0.5223 upd_norm=2.1253 disp=24.5778 sampler=0.0525 lr=0.000750
  EMIT ckpt step=6634 reason=displacement on_ladder=True -> step00006634.pt
  EMIT ckpt step=6646 reason=displacement on_ladder=True -> step00006646.pt
  [180/278] loss=0.4863 upd_norm=3.7756 disp=24.6788 sampler=0.0395 lr=0.000750
  EMIT ckpt step=6658 reason=displacement on_ladder=True -> step00006658.pt
  [200/278] loss=0.5533 upd_norm=5.2725 disp=24.8085 sampler=0.1084 lr=0.000750
  EMIT ckpt step=6670 reason=displacement on_ladder=True -> step00006670.pt
  EMIT ckpt step=6682 reason=displacement on_ladder=True -> step00006682.pt
  [220/278] loss=0.5201 upd_norm=4.9997 disp=24.9709 sampler=0.1117 lr=0.000750
  EMIT ckpt step=6694 reason=displacement on_ladder=True -> step00006694.pt
  VAL step=6696 (p2=4400) val_loss=0.4887 auc_pr_mean=0.6016
  EMIT ckpt step=6706 reason=displacement on_ladder=True -> step00006706.pt
  [240/278] loss=0.5521 upd_norm=3.3723 disp=25.1010 sampler=0.0218 lr=0.000750
  EMIT ckpt step=6718 reason=displacement on_ladder=True -> step00006718.pt
  [260/278] loss=0.5571 upd_norm=3.5328 disp=25.1464 sampler=0.0741 lr=0.000750
  EMIT ckpt step=6730 reason=displacement on_ladder=True -> step00006730.pt
  EMIT ckpt step=6742 reason=displacement on_ladder=True -> step00006742.pt
  EMIT ckpt step=6744 reason=epoch_end on_ladder=True -> step00006744.pt

--- Phase 2, Epoch 21/25 ---
  [0/278] loss=0.5409 upd_norm=8.2093 disp=25.2799 sampler=0.0603 lr=0.000750
  EMIT ckpt step=6756 reason=displacement on_ladder=True -> step00006756.pt
  [20/278] loss=0.4991 upd_norm=2.8964 disp=25.3603 sampler=0.0933 lr=0.000750
  EMIT ckpt step=6768 reason=displacement on_ladder=True -> step00006768.pt
  EMIT ckpt step=6780 reason=displacement on_ladder=True -> step00006780.pt
  [40/278] loss=0.5055 upd_norm=6.2211 disp=25.4840 sampler=0.0903 lr=0.000750
  EMIT ckpt step=6792 reason=displacement on_ladder=True -> step00006792.pt
  VAL step=6796 (p2=4500) val_loss=0.4879 auc_pr_mean=0.6023
  EMIT ckpt step=6804 reason=displacement on_ladder=True -> step00006804.pt
  [60/278] loss=0.5231 upd_norm=2.3006 disp=25.5743 sampler=0.0256 lr=0.000750
  EMIT ckpt step=6816 reason=displacement on_ladder=True -> step00006816.pt
  [80/278] loss=0.4807 upd_norm=4.8797 disp=25.6852 sampler=0.1233 lr=0.000750
  EMIT ckpt step=6828 reason=displacement on_ladder=True -> step00006828.pt
  EMIT ckpt step=6840 reason=displacement on_ladder=True -> step00006840.pt
  [100/278] loss=0.5247 upd_norm=2.8269 disp=25.7631 sampler=0.0561 lr=0.000750
  EMIT ckpt step=6852 reason=displacement on_ladder=True -> step00006852.pt
  EMIT ckpt step=6864 reason=displacement on_ladder=True -> step00006864.pt
  [120/278] loss=0.5128 upd_norm=1.7649 disp=25.9074 sampler=0.0253 lr=0.000750
  EMIT ckpt step=6876 reason=displacement on_ladder=True -> step00006876.pt
  [140/278] loss=0.5227 upd_norm=3.3877 disp=25.9612 sampler=0.0873 lr=0.000750
  EMIT ckpt step=6888 reason=displacement on_ladder=True -> step00006888.pt
  VAL step=6896 (p2=4600) val_loss=0.4856 auc_pr_mean=0.6028
  Phase-2 plateau (1/6) improvement=-0.00014 < 0.003
  EMIT ckpt step=6900 reason=displacement on_ladder=True -> step00006900.pt
  [160/278] loss=0.4890 upd_norm=3.6203 disp=26.0867 sampler=0.0902 lr=0.000750
  EMIT ckpt step=6912 reason=displacement on_ladder=True -> step00006912.pt
  EMIT ckpt step=6924 reason=displacement on_ladder=True -> step00006924.pt
  [180/278] loss=0.4873 upd_norm=3.9629 disp=26.2216 sampler=0.0288 lr=0.000750
  EMIT ckpt step=6936 reason=displacement on_ladder=True -> step00006936.pt
  [200/278] loss=0.5305 upd_norm=5.3107 disp=26.2903 sampler=0.0926 lr=0.000750
  EMIT ckpt step=6948 reason=displacement on_ladder=True -> step00006948.pt
  EMIT ckpt step=6960 reason=displacement on_ladder=True -> step00006960.pt
  [220/278] loss=0.4979 upd_norm=4.3762 disp=26.3169 sampler=0.0443 lr=0.000750
  EMIT ckpt step=6972 reason=displacement on_ladder=True -> step00006972.pt
  EMIT ckpt step=6984 reason=displacement on_ladder=True -> step00006984.pt
  [240/278] loss=0.5011 upd_norm=4.1959 disp=26.3618 sampler=0.0313 lr=0.000750
  EMIT ckpt step=6996 reason=displacement on_ladder=True -> step00006996.pt
  VAL step=6996 (p2=4700) val_loss=0.4884 auc_pr_mean=0.6075
  Phase-2 plateau (2/6) improvement=0.00286 < 0.003
  [260/278] loss=0.5110 upd_norm=4.9498 disp=26.4987 sampler=0.0804 lr=0.000750
  EMIT ckpt step=7008 reason=displacement on_ladder=True -> step00007008.pt
  EMIT ckpt step=7020 reason=displacement on_ladder=True -> step00007020.pt
  EMIT ckpt step=7022 reason=epoch_end on_ladder=True -> step00007022.pt

--- Phase 2, Epoch 22/25 ---
  [0/278] loss=0.5091 upd_norm=6.2569 disp=26.5771 sampler=0.0390 lr=0.000750
  EMIT ckpt step=7034 reason=displacement on_ladder=True -> step00007034.pt
  [20/278] loss=0.5334 upd_norm=6.3646 disp=26.6684 sampler=0.0646 lr=0.000750
  EMIT ckpt step=7046 reason=displacement on_ladder=True -> step00007046.pt
  EMIT ckpt step=7058 reason=displacement on_ladder=True -> step00007058.pt
  [40/278] loss=0.5104 upd_norm=9.4157 disp=26.7256 sampler=0.0788 lr=0.000750
  EMIT ckpt step=7070 reason=displacement on_ladder=True -> step00007070.pt
  EMIT ckpt step=7082 reason=displacement on_ladder=True -> step00007082.pt
  [60/278] loss=0.4879 upd_norm=4.0555 disp=26.8336 sampler=0.0302 lr=0.000750
  EMIT ckpt step=7094 reason=displacement on_ladder=True -> step00007094.pt
  VAL step=7096 (p2=4800) val_loss=0.4864 auc_pr_mean=0.6069
  Phase-2 plateau (3/6) improvement=-0.00183 < 0.003
  [80/278] loss=0.5376 upd_norm=2.3897 disp=26.9347 sampler=0.0622 lr=0.000750
  EMIT ckpt step=7106 reason=displacement on_ladder=True -> step00007106.pt
  EMIT ckpt step=7118 reason=displacement on_ladder=True -> step00007118.pt
  [100/278] loss=0.5020 upd_norm=5.4869 disp=27.0128 sampler=0.0737 lr=0.000750
  EMIT ckpt step=7130 reason=displacement on_ladder=True -> step00007130.pt
  EMIT ckpt step=7142 reason=displacement on_ladder=True -> step00007142.pt
  [120/278] loss=0.5452 upd_norm=3.2907 disp=27.1153 sampler=0.0271 lr=0.000750
  EMIT ckpt step=7154 reason=displacement on_ladder=True -> step00007154.pt
  [140/278] loss=0.5052 upd_norm=4.1944 disp=27.1693 sampler=0.0867 lr=0.000750
  EMIT ckpt step=7166 reason=displacement on_ladder=True -> step00007166.pt
  EMIT ckpt step=7178 reason=displacement on_ladder=True -> step00007178.pt
  [160/278] loss=0.5222 upd_norm=2.2972 disp=27.2821 sampler=0.0905 lr=0.000750
  EMIT ckpt step=7190 reason=displacement on_ladder=True -> step00007190.pt
  VAL step=7196 (p2=4900) val_loss=0.4878 auc_pr_mean=0.6082
  EMIT ckpt step=7202 reason=displacement on_ladder=True -> step00007202.pt
  [180/278] loss=0.5079 upd_norm=5.9348 disp=27.3942 sampler=0.0420 lr=0.000750
  EMIT ckpt step=7214 reason=displacement on_ladder=True -> step00007214.pt
  [200/278] loss=0.4709 upd_norm=3.4550 disp=27.5347 sampler=0.1377 lr=0.000750
  EMIT ckpt step=7226 reason=displacement on_ladder=True -> step00007226.pt
  EMIT ckpt step=7238 reason=displacement on_ladder=True -> step00007238.pt
  [220/278] loss=0.4829 upd_norm=8.0744 disp=27.6196 sampler=0.0839 lr=0.000750
  EMIT ckpt step=7250 reason=displacement on_ladder=True -> step00007250.pt
  EMIT ckpt step=7262 reason=displacement on_ladder=True -> step00007262.pt
  [240/278] loss=0.5134 upd_norm=2.6874 disp=27.8600 sampler=0.0308 lr=0.000750
  EMIT ckpt step=7274 reason=displacement on_ladder=True -> step00007274.pt
  [260/278] loss=0.5274 upd_norm=3.8336 disp=27.9549 sampler=0.1054 lr=0.000750
  EMIT ckpt step=7286 reason=displacement on_ladder=True -> step00007286.pt
  VAL step=7296 (p2=5000) val_loss=0.4841 auc_pr_mean=0.6083
  Phase-2 plateau (1/6) improvement=0.00173 < 0.003
  EMIT ckpt step=7298 reason=displacement on_ladder=True -> step00007298.pt
  EMIT ckpt step=7300 reason=epoch_end on_ladder=True -> step00007300.pt

--- Phase 2, Epoch 23/25 ---
  [0/278] loss=0.5234 upd_norm=10.2321 disp=28.0282 sampler=0.0532 lr=0.000750
  EMIT ckpt step=7312 reason=displacement on_ladder=True -> step00007312.pt
  [20/278] loss=0.5073 upd_norm=7.0836 disp=28.0959 sampler=0.0922 lr=0.000750
  EMIT ckpt step=7324 reason=displacement on_ladder=True -> step00007324.pt
  EMIT ckpt step=7336 reason=displacement on_ladder=True -> step00007336.pt
  [40/278] loss=0.5134 upd_norm=4.0371 disp=28.1683 sampler=0.0836 lr=0.000750
  EMIT ckpt step=7348 reason=displacement on_ladder=True -> step00007348.pt
  EMIT ckpt step=7360 reason=displacement on_ladder=True -> step00007360.pt
  [60/278] loss=0.4946 upd_norm=2.4701 disp=28.3180 sampler=0.0257 lr=0.000750
  EMIT ckpt step=7372 reason=displacement on_ladder=True -> step00007372.pt
  [80/278] loss=0.5225 upd_norm=2.2426 disp=28.3811 sampler=0.0618 lr=0.000750
  EMIT ckpt step=7384 reason=displacement on_ladder=True -> step00007384.pt
  EMIT ckpt step=7396 reason=displacement on_ladder=True -> step00007396.pt
  VAL step=7396 (p2=5100) val_loss=0.4859 auc_pr_mean=0.6068
  Phase-2 plateau (2/6) improvement=0.00100 < 0.003
  [100/278] loss=0.5176 upd_norm=6.2942 disp=28.4527 sampler=0.0811 lr=0.000750
  EMIT ckpt step=7408 reason=displacement on_ladder=True -> step00007408.pt
  EMIT ckpt step=7420 reason=displacement on_ladder=True -> step00007420.pt
  [120/278] loss=0.4940 upd_norm=3.9707 disp=28.5935 sampler=0.0318 lr=0.000750
  EMIT ckpt step=7432 reason=displacement on_ladder=True -> step00007432.pt
  [140/278] loss=0.5104 upd_norm=2.6784 disp=28.6685 sampler=0.0867 lr=0.000750
  EMIT ckpt step=7444 reason=displacement on_ladder=True -> step00007444.pt
  EMIT ckpt step=7456 reason=displacement on_ladder=True -> step00007456.pt
  [160/278] loss=0.4872 upd_norm=2.8342 disp=28.7832 sampler=0.0597 lr=0.000750
  EMIT ckpt step=7468 reason=displacement on_ladder=True -> step00007468.pt
  EMIT ckpt step=7480 reason=displacement on_ladder=True -> step00007480.pt
  [180/278] loss=0.5129 upd_norm=3.0449 disp=28.8435 sampler=0.0254 lr=0.000750
  EMIT ckpt step=7492 reason=displacement on_ladder=True -> step00007492.pt
  VAL step=7496 (p2=5200) val_loss=0.4895 auc_pr_mean=0.6099
  [200/278] loss=0.4957 upd_norm=6.5182 disp=28.9300 sampler=0.0978 lr=0.000750
  EMIT ckpt step=7504 reason=displacement on_ladder=True -> step00007504.pt
  EMIT ckpt step=7516 reason=displacement on_ladder=True -> step00007516.pt
  [220/278] loss=0.5141 upd_norm=7.1735 disp=29.0359 sampler=0.0882 lr=0.000750
  EMIT ckpt step=7528 reason=displacement on_ladder=True -> step00007528.pt
  EMIT ckpt step=7540 reason=displacement on_ladder=True -> step00007540.pt
  [240/278] loss=0.5177 upd_norm=3.1687 disp=29.1209 sampler=0.0404 lr=0.000750
  EMIT ckpt step=7552 reason=displacement on_ladder=True -> step00007552.pt
  [260/278] loss=0.4840 upd_norm=3.1163 disp=29.2559 sampler=0.1058 lr=0.000750
  EMIT ckpt step=7564 reason=displacement on_ladder=True -> step00007564.pt
  EMIT ckpt step=7576 reason=displacement on_ladder=True -> step00007576.pt
  EMIT ckpt step=7578 reason=epoch_end on_ladder=True -> step00007578.pt

--- Phase 2, Epoch 24/25 ---
  [0/278] loss=0.4931 upd_norm=4.3865 disp=29.3197 sampler=0.0314 lr=0.000750
  EMIT ckpt step=7590 reason=displacement on_ladder=True -> step00007590.pt
  VAL step=7596 (p2=5300) val_loss=0.4821 auc_pr_mean=0.6121
  Phase-2 plateau (1/6) improvement=0.00078 < 0.003
  [20/278] loss=0.5308 upd_norm=3.3128 disp=29.4455 sampler=0.1163 lr=0.000750
  EMIT ckpt step=7602 reason=displacement on_ladder=True -> step00007602.pt
  EMIT ckpt step=7614 reason=displacement on_ladder=True -> step00007614.pt
  [40/278] loss=0.4952 upd_norm=3.9125 disp=29.5753 sampler=0.0791 lr=0.000750
  EMIT ckpt step=7626 reason=displacement on_ladder=True -> step00007626.pt
  EMIT ckpt step=7638 reason=displacement on_ladder=True -> step00007638.pt
  [60/278] loss=0.5248 upd_norm=7.1070 disp=29.6705 sampler=0.0539 lr=0.000750
  EMIT ckpt step=7650 reason=displacement on_ladder=True -> step00007650.pt
  [80/278] loss=0.5332 upd_norm=7.2058 disp=29.7962 sampler=0.1214 lr=0.000750
  EMIT ckpt step=7662 reason=displacement on_ladder=True -> step00007662.pt
  EMIT ckpt step=7674 reason=displacement on_ladder=True -> step00007674.pt
  [100/278] loss=0.4925 upd_norm=2.9853 disp=29.9146 sampler=0.0512 lr=0.000750
  EMIT ckpt step=7686 reason=displacement on_ladder=True -> step00007686.pt
  VAL step=7696 (p2=5400) val_loss=0.4830 auc_pr_mean=0.6128
  EMIT ckpt step=7698 reason=displacement on_ladder=True -> step00007698.pt
  [120/278] loss=0.4917 upd_norm=8.6459 disp=30.0470 sampler=0.0516 lr=0.000750
  EMIT ckpt step=7710 reason=displacement on_ladder=True -> step00007710.pt
  [140/278] loss=0.5001 upd_norm=2.8317 disp=30.0916 sampler=0.0757 lr=0.000750
  EMIT ckpt step=7722 reason=displacement on_ladder=True -> step00007722.pt
  EMIT ckpt step=7734 reason=displacement on_ladder=True -> step00007734.pt
  [160/278] loss=0.5410 upd_norm=4.4648 disp=30.2074 sampler=0.0802 lr=0.000750
  EMIT ckpt step=7746 reason=displacement on_ladder=True -> step00007746.pt
  EMIT ckpt step=7758 reason=displacement on_ladder=True -> step00007758.pt
  [180/278] loss=0.5010 upd_norm=8.4643 disp=30.3059 sampler=0.0454 lr=0.000750
  EMIT ckpt step=7770 reason=displacement on_ladder=True -> step00007770.pt
  [200/278] loss=0.5575 upd_norm=10.3955 disp=30.3615 sampler=0.0894 lr=0.000750
  EMIT ckpt step=7782 reason=displacement on_ladder=True -> step00007782.pt
  EMIT ckpt step=7794 reason=displacement on_ladder=True -> step00007794.pt
  VAL step=7796 (p2=5500) val_loss=0.4838 auc_pr_mean=0.6117
  [220/278] loss=0.5029 upd_norm=3.4746 disp=30.4855 sampler=0.1016 lr=0.000750
  EMIT ckpt step=7806 reason=displacement on_ladder=True -> step00007806.pt
  EMIT ckpt step=7818 reason=displacement on_ladder=True -> step00007818.pt
  [240/278] loss=0.5296 upd_norm=2.8779 disp=30.5438 sampler=0.0293 lr=0.000750
  EMIT ckpt step=7830 reason=displacement on_ladder=True -> step00007830.pt
  [260/278] loss=0.5035 upd_norm=2.8820 disp=30.6185 sampler=0.0976 lr=0.000750
  EMIT ckpt step=7842 reason=displacement on_ladder=True -> step00007842.pt
  EMIT ckpt step=7854 reason=displacement on_ladder=True -> step00007854.pt
  EMIT ckpt step=7856 reason=epoch_end on_ladder=True -> step00007856.pt

TRAINING COMPLETE: run_id=naive__stable_evo__s43 final_step=7856 elapsed=929.4 min
Done: Sat Jun 27 10:45:08 AM EDT 2026
