Tue Jun 16 03:32:19 PM EDT 2026
host=c0603a-s14.ufhpc
pwd=/blue/guralnick/share/r.dinnage/Projects/phenovision
=== preadapt collector worker 0 ===
run_dir=xAI/output/_redesign_smoke/mae__stable_evo__s42 variant=stable_evo seed=42
watch_dir=xAI/output/_redesign_smoke/mae__stable_evo__s42/checkpoints
sentinel=xAI/output/_redesign_smoke/mae__stable_evo__s42/RUN_COMPLETE
out_store=xAI/output/_redesign_smoke/_extract_store
val_csv=data/inat/val_v1.1.0.csv
poll=15s heavy_every=3 retention_latest_keep=2 keep_full_latest=2
train_jid=34854092
[collector w0] --once drained 0 checkpoint(s); exiting.
[collector w0] --once drained 0 checkpoint(s); exiting.
[collector w0] --once drained 0 checkpoint(s); exiting.
[collector w0] --once drained 0 checkpoint(s); exiting.
[collector w0] --once drained 0 checkpoint(s); exiting.
[collector w0] --once drained 0 checkpoint(s); exiting.
[collector w0] --once drained 0 checkpoint(s); exiting.
[collector w0] --once drained 0 checkpoint(s); exiting.
[collector w0] --once drained 0 checkpoint(s); exiting.
[extract] step=40 SKIP heavy block block_circuits (ordinal=8 basis=step_fallback heavy_every=3)
[extract] step=40 SKIP heavy block block_interp (ordinal=8 basis=step_fallback heavy_every=3)
[extract] step=40 SKIP heavy block block_probes (ordinal=8 basis=step_fallback heavy_every=3)
[extract] step=40 heavy=FALSE total=27.16s | block_optim=0.00 block_curvature=5.80 block_weights=11.31 block_trajectory=0.00 block_fitness=6.29
[collector w0] processed run_id=mae__stable_evo__s42 step=0 heavy=False blocks_ok=5 blocks_err=0 t=27.157s -> KEPT(->kept/,FULL anchor)
[collector w0] --once drained 1 checkpoint(s); exiting.
[cw0] RUN_COMPLETE present; performing FINAL drain...
[cw0] final drain found nothing new and queue depth=0 -> run collected. Exiting.
Done: Tue Jun 16 03:36:10 PM EDT 2026
