Tue Jun 16 04:29:16 PM EDT 2026
host=c1105a-s18.ufhpc
pwd=/blue/guralnick/share/r.dinnage/Projects/phenovision
=== preadapt collector worker 0 ===
run_dir=xAI/output/_cadence_tune/mae__stable_evo__s42 variant=stable_evo seed=42
watch_dir=xAI/output/_cadence_tune/mae__stable_evo__s42/checkpoints
sentinel=xAI/output/_cadence_tune/mae__stable_evo__s42/RUN_COMPLETE
out_store=xAI/output/_cadence_tune/_extract_store
val_csv=data/inat/val_v1.1.0.csv
poll=15s heavy_every=3 retention_latest_keep=2 keep_full_latest=2
train_jid=34861892
[cw0] WARNING: a --once drain pass returned non-zero; retrying next cycle.
[cw0] WARNING: a --once drain pass returned non-zero; retrying next cycle.
[cw0] WARNING: a --once drain pass returned non-zero; retrying next cycle.
[cw0] WARNING: a --once drain pass returned non-zero; retrying next cycle.
[cw0] WARNING: a --once drain pass returned non-zero; retrying next cycle.
[cw0] WARNING: a --once drain pass returned non-zero; retrying next cycle.
[cw0] WARNING: a --once drain pass returned non-zero; retrying next cycle.
[cw0] WARNING: a --once drain pass returned non-zero; retrying next cycle.
[cw0] WARNING: a --once drain pass returned non-zero; retrying next cycle.
[cw0] WARNING: a --once drain pass returned non-zero; retrying next cycle.
[cw0] WARNING: a --once drain pass returned non-zero; retrying next cycle.
[cw0] WARNING: a --once drain pass returned non-zero; retrying next cycle.
[cw0] WARNING: a --once drain pass returned non-zero; retrying next cycle.
[cw0] WARNING: a --once drain pass returned non-zero; retrying next cycle.
[cw0] WARNING: a --once drain pass returned non-zero; retrying next cycle.
[cw0] WARNING: a --once drain pass returned non-zero; retrying next cycle.
[cw0] WARNING: a --once drain pass returned non-zero; retrying next cycle.
[cw0] WARNING: a --once drain pass returned non-zero; retrying next cycle.
[cw0] WARNING: a --once drain pass returned non-zero; retrying next cycle.
[cw0] WARNING: a --once drain pass returned non-zero; retrying next cycle.
[cw0] WARNING: a --once drain pass returned non-zero; retrying next cycle.
[cw0] WARNING: a --once drain pass returned non-zero; retrying next cycle.
[cw0] WARNING: a --once drain pass returned non-zero; retrying next cycle.
[cw0] WARNING: a --once drain pass returned non-zero; retrying next cycle.
[cw0] WARNING: a --once drain pass returned non-zero; retrying next cycle.
[cw0] WARNING: a --once drain pass returned non-zero; retrying next cycle.
[cw0] WARNING: a --once drain pass returned non-zero; retrying next cycle.
[cw0] WARNING: a --once drain pass returned non-zero; retrying next cycle.
[cw0] WARNING: a --once drain pass returned non-zero; retrying next cycle.
[cw0] WARNING: a --once drain pass returned non-zero; retrying next cycle.
[cw0] WARNING: a --once drain pass returned non-zero; retrying next cycle.
[cw0] WARNING: a --once drain pass returned non-zero; retrying next cycle.
[cw0] WARNING: a --once drain pass returned non-zero; retrying next cycle.
[cw0] WARNING: a --once drain pass returned non-zero; retrying next cycle.
[cw0] WARNING: a --once drain pass returned non-zero; retrying next cycle.
[cw0] WARNING: a --once drain pass returned non-zero; retrying next cycle.
[cw0] WARNING: a --once drain pass returned non-zero; retrying next cycle.
[cw0] WARNING: a --once drain pass returned non-zero; retrying next cycle.
[cw0] WARNING: a --once drain pass returned non-zero; retrying next cycle.
[cw0] WARNING: a --once drain pass returned non-zero; retrying next cycle.
[cw0] WARNING: a --once drain pass returned non-zero; retrying next cycle.
[cw0] WARNING: a --once drain pass returned non-zero; retrying next cycle.
[cw0] WARNING: a --once drain pass returned non-zero; retrying next cycle.
[cw0] WARNING: a --once drain pass returned non-zero; retrying next cycle.
[cw0] WARNING: a --once drain pass returned non-zero; retrying next cycle.
[cw0] WARNING: a --once drain pass returned non-zero; retrying next cycle.
[cw0] WARNING: a --once drain pass returned non-zero; retrying next cycle.
[cw0] WARNING: a --once drain pass returned non-zero; retrying next cycle.
[cw0] WARNING: a --once drain pass returned non-zero; retrying next cycle.
[cw0] WARNING: a --once drain pass returned non-zero; retrying next cycle.
[cw0] WARNING: a --once drain pass returned non-zero; retrying next cycle.
[cw0] WARNING: a --once drain pass returned non-zero; retrying next cycle.
[cw0] WARNING: a --once drain pass returned non-zero; retrying next cycle.
[cw0] WARNING: a --once drain pass returned non-zero; retrying next cycle.
[cw0] WARNING: a --once drain pass returned non-zero; retrying next cycle.
[cw0] WARNING: a --once drain pass returned non-zero; retrying next cycle.
[cw0] WARNING: a --once drain pass returned non-zero; retrying next cycle.
[cw0] WARNING: a --once drain pass returned non-zero; retrying next cycle.
[cw0] WARNING: a --once drain pass returned non-zero; retrying next cycle.
[cw0] WARNING: a --once drain pass returned non-zero; retrying next cycle.
[cw0] WARNING: a --once drain pass returned non-zero; retrying next cycle.
[cw0] WARNING: a --once drain pass returned non-zero; retrying next cycle.
[cw0] WARNING: a --once drain pass returned non-zero; retrying next cycle.
[cw0] WARNING: a --once drain pass returned non-zero; retrying next cycle.
[cw0] WARNING: a --once drain pass returned non-zero; retrying next cycle.
[cw0] WARNING: a --once drain pass returned non-zero; retrying next cycle.
[cw0] WARNING: a --once drain pass returned non-zero; retrying next cycle.
[cw0] WARNING: a --once drain pass returned non-zero; retrying next cycle.
[cw0] WARNING: a --once drain pass returned non-zero; retrying next cycle.
[cw0] WARNING: a --once drain pass returned non-zero; retrying next cycle.
[cw0] WARNING: a --once drain pass returned non-zero; retrying next cycle.
[cw0] WARNING: a --once drain pass returned non-zero; retrying next cycle.
[cw0] WARNING: a --once drain pass returned non-zero; retrying next cycle.
[cw0] WARNING: a --once drain pass returned non-zero; retrying next cycle.
[cw0] WARNING: a --once drain pass returned non-zero; retrying next cycle.
[cw0] WARNING: a --once drain pass returned non-zero; retrying next cycle.
[cw0] WARNING: a --once drain pass returned non-zero; retrying next cycle.
[cw0] WARNING: a --once drain pass returned non-zero; retrying next cycle.
[cw0] WARNING: a --once drain pass returned non-zero; retrying next cycle.
[cw0] WARNING: a --once drain pass returned non-zero; retrying next cycle.
[cw0] WARNING: a --once drain pass returned non-zero; retrying next cycle.
[cw0] WARNING: a --once drain pass returned non-zero; retrying next cycle.
[cw0] WARNING: a --once drain pass returned non-zero; retrying next cycle.
[cw0] WARNING: a --once drain pass returned non-zero; retrying next cycle.
[cw0] WARNING: a --once drain pass returned non-zero; retrying next cycle.
[cw0] WARNING: a --once drain pass returned non-zero; retrying next cycle.
[cw0] WARNING: a --once drain pass returned non-zero; retrying next cycle.
[cw0] WARNING: a --once drain pass returned non-zero; retrying next cycle.
[cw0] WARNING: a --once drain pass returned non-zero; retrying next cycle.
[cw0] WARNING: a --once drain pass returned non-zero; retrying next cycle.
[cw0] WARNING: a --once drain pass returned non-zero; retrying next cycle.
[cw0] WARNING: a --once drain pass returned non-zero; retrying next cycle.
[cw0] WARNING: a --once drain pass returned non-zero; retrying next cycle.
[cw0] WARNING: a --once drain pass returned non-zero; retrying next cycle.
[cw0] WARNING: a --once drain pass returned non-zero; retrying next cycle.
[cw0] WARNING: a --once drain pass returned non-zero; retrying next cycle.
[cw0] WARNING: a --once drain pass returned non-zero; retrying next cycle.
[cw0] WARNING: a --once drain pass returned non-zero; retrying next cycle.
[cw0] WARNING: a --once drain pass returned non-zero; retrying next cycle.
[cw0] WARNING: a --once drain pass returned non-zero; retrying next cycle.
[cw0] WARNING: a --once drain pass returned non-zero; retrying next cycle.
[cw0] WARNING: a --once drain pass returned non-zero; retrying next cycle.
[cw0] WARNING: a --once drain pass returned non-zero; retrying next cycle.
[cw0] WARNING: a --once drain pass returned non-zero; retrying next cycle.
[cw0] WARNING: a --once drain pass returned non-zero; retrying next cycle.
[cw0] WARNING: a --once drain pass returned non-zero; retrying next cycle.
[cw0] WARNING: a --once drain pass returned non-zero; retrying next cycle.
[cw0] WARNING: a --once drain pass returned non-zero; retrying next cycle.
[cw0] WARNING: a --once drain pass returned non-zero; retrying next cycle.
[cw0] WARNING: a --once drain pass returned non-zero; retrying next cycle.
[cw0] WARNING: a --once drain pass returned non-zero; retrying next cycle.
[cw0] WARNING: a --once drain pass returned non-zero; retrying next cycle.
[cw0] WARNING: a --once drain pass returned non-zero; retrying next cycle.
[cw0] WARNING: a --once drain pass returned non-zero; retrying next cycle.
[cw0] WARNING: a --once drain pass returned non-zero; retrying next cycle.
[cw0] WARNING: a --once drain pass returned non-zero; retrying next cycle.
[cw0] WARNING: a --once drain pass returned non-zero; retrying next cycle.
[cw0] WARNING: a --once drain pass returned non-zero; retrying next cycle.
[cw0] WARNING: a --once drain pass returned non-zero; retrying next cycle.
[cw0] WARNING: a --once drain pass returned non-zero; retrying next cycle.
[cw0] WARNING: a --once drain pass returned non-zero; retrying next cycle.
[cw0] WARNING: a --once drain pass returned non-zero; retrying next cycle.
[cw0] WARNING: a --once drain pass returned non-zero; retrying next cycle.
[cw0] WARNING: a --once drain pass returned non-zero; retrying next cycle.
[cw0] WARNING: a --once drain pass returned non-zero; retrying next cycle.
[cw0] WARNING: a --once drain pass returned non-zero; retrying next cycle.
[cw0] WARNING: a --once drain pass returned non-zero; retrying next cycle.
[cw0] WARNING: a --once drain pass returned non-zero; retrying next cycle.
[cw0] WARNING: a --once drain pass returned non-zero; retrying next cycle.
[cw0] WARNING: a --once drain pass returned non-zero; retrying next cycle.
[cw0] WARNING: a --once drain pass returned non-zero; retrying next cycle.
[cw0] WARNING: a --once drain pass returned non-zero; retrying next cycle.
