Mon Mar 16 09:50:10 PM EDT 2026
c0904a-s5.ufhpc
/blue/guralnick/share/r.dinnage/Projects/phenovision
Running xAI MAE training...
============================================================
xAI Training: Pretraining as Preadaptation
============================================================
  Pretrained model: mae
  Epochs: 15
  Batch size: 768
  Val every: 100 batches
  Output: xAI/output/mae_run

Device: cuda:0
Loading data...
  [TEST MODE] Limited training to 214000 samples
  Training images: 214000
  Validation subset: 10000
  Representation subset: 1000
Initializing model: mae
  Total parameters: 303,303,682
  CKPT: xAI/output/mae_run/checkpoints/epoch0_init.pt

============================================================
PHASE 1: Frozen Backbone (Equalization)
============================================================
  Trainable parameters: 2,050 (head only)

--- Phase 1, Epoch 0 ---
  Epoch 0 [0/278] loss=0.6931 lr=0.001000
  Epoch 0 [20/278] loss=0.5769 lr=0.001000
  Epoch 0 [40/278] loss=0.5686 lr=0.001000
  Epoch 0 [60/278] loss=0.5634 lr=0.001000
  Epoch 0 [80/278] loss=0.5466 lr=0.000999
  VAL step=100 val_loss=0.5345 auc_roc_mean=0.7471
  Epoch 0 [100/278] loss=0.5399 lr=0.000999
  Epoch 0 [120/278] loss=0.5322 lr=0.000998
  Epoch 0 [140/278] loss=0.5313 lr=0.000997
  Epoch 0 [160/278] loss=0.5039 lr=0.000997
  Epoch 0 [180/278] loss=0.5195 lr=0.000996
  VAL step=200 val_loss=0.5063 auc_roc_mean=0.7687
  Epoch 0 [200/278] loss=0.5205 lr=0.000995
  Epoch 0 [220/278] loss=0.5137 lr=0.000994
  Epoch 0 [240/278] loss=0.5219 lr=0.000993
  Epoch 0 [260/278] loss=0.4982 lr=0.000991
  CKPT: xAI/output/mae_run/checkpoints/phase1_epoch0.pt

--- Phase 1, Epoch 1 ---
  Epoch 1 [0/278] loss=0.5195 lr=0.000990
  Epoch 1 [20/278] loss=0.4789 lr=0.000989
  VAL step=300 val_loss=0.4865 auc_roc_mean=0.7800
  Epoch 1 [40/278] loss=0.5033 lr=0.000987
  Epoch 1 [60/278] loss=0.5003 lr=0.000985
  Epoch 1 [80/278] loss=0.4902 lr=0.000984
  Epoch 1 [100/278] loss=0.5036 lr=0.000982
  Epoch 1 [120/278] loss=0.5018 lr=0.000980
  VAL step=400 val_loss=0.4722 auc_roc_mean=0.7867
  Epoch 1 [140/278] loss=0.4741 lr=0.000978
  Epoch 1 [160/278] loss=0.5061 lr=0.000976
  Epoch 1 [180/278] loss=0.4953 lr=0.000973
  Epoch 1 [200/278] loss=0.5099 lr=0.000971
  Epoch 1 [220/278] loss=0.5083 lr=0.000969
  VAL step=500 val_loss=0.4614 auc_roc_mean=0.7926
  Epoch 1 [240/278] loss=0.4970 lr=0.000966
  Epoch 1 [260/278] loss=0.4920 lr=0.000964
  CKPT: xAI/output/mae_run/checkpoints/phase1_epoch1.pt

--- Phase 1, Epoch 2 ---
  Epoch 2 [0/278] loss=0.4958 lr=0.000961
  Epoch 2 [20/278] loss=0.4822 lr=0.000958
  Epoch 2 [40/278] loss=0.4921 lr=0.000955
  VAL step=600 val_loss=0.4527 auc_roc_mean=0.7969
  Epoch 2 [60/278] loss=0.4694 lr=0.000952
  Epoch 2 [80/278] loss=0.5171 lr=0.000949
  Epoch 2 [100/278] loss=0.5040 lr=0.000946
  Epoch 2 [120/278] loss=0.4681 lr=0.000943
  Epoch 2 [140/278] loss=0.4980 lr=0.000940
  VAL step=700 val_loss=0.4471 auc_roc_mean=0.8000
  Epoch 2 [160/278] loss=0.4836 lr=0.000936
  Epoch 2 [180/278] loss=0.4782 lr=0.000933
  Epoch 2 [200/278] loss=0.4925 lr=0.000929
  Epoch 2 [220/278] loss=0.4612 lr=0.000925
  Epoch 2 [240/278] loss=0.4806 lr=0.000921
  VAL step=800 val_loss=0.4408 auc_roc_mean=0.8026
  Epoch 2 [260/278] loss=0.4821 lr=0.000918
  CKPT: xAI/output/mae_run/checkpoints/phase1_epoch2.pt

--- Phase 1, Epoch 3 ---
  Epoch 3 [0/278] loss=0.4811 lr=0.000914
  Epoch 3 [20/278] loss=0.4752 lr=0.000910
  Epoch 3 [40/278] loss=0.4794 lr=0.000906
  Epoch 3 [60/278] loss=0.5000 lr=0.000902
  VAL step=900 val_loss=0.4363 auc_roc_mean=0.8045
  Epoch 3 [80/278] loss=0.4713 lr=0.000897
  Epoch 3 [100/278] loss=0.4745 lr=0.000893
  Epoch 3 [120/278] loss=0.5018 lr=0.000889
  Epoch 3 [140/278] loss=0.4908 lr=0.000884
  Epoch 3 [160/278] loss=0.4531 lr=0.000880
  VAL step=1000 val_loss=0.4335 auc_roc_mean=0.8064
  Epoch 3 [180/278] loss=0.4712 lr=0.000875
  Epoch 3 [200/278] loss=0.4801 lr=0.000870
  Epoch 3 [220/278] loss=0.4590 lr=0.000865
  Epoch 3 [240/278] loss=0.4574 lr=0.000861
  Epoch 3 [260/278] loss=0.4896 lr=0.000856
  VAL step=1100 val_loss=0.4294 auc_roc_mean=0.8083
  CKPT: xAI/output/mae_run/checkpoints/phase1_epoch3.pt

--- Phase 1, Epoch 4 ---
  Epoch 4 [0/278] loss=0.4725 lr=0.000851
  Epoch 4 [20/278] loss=0.4757 lr=0.000846
  Epoch 4 [40/278] loss=0.4726 lr=0.000841
  Epoch 4 [60/278] loss=0.4697 lr=0.000836
  Epoch 4 [80/278] loss=0.4670 lr=0.000830
  VAL step=1200 val_loss=0.4269 auc_roc_mean=0.8100
  Epoch 4 [100/278] loss=0.4785 lr=0.000825
  Epoch 4 [120/278] loss=0.4759 lr=0.000820
  Epoch 4 [140/278] loss=0.4481 lr=0.000814
  Epoch 4 [160/278] loss=0.4553 lr=0.000809
  Epoch 4 [180/278] loss=0.4515 lr=0.000803
  VAL step=1300 val_loss=0.4242 auc_roc_mean=0.8112
  Epoch 4 [200/278] loss=0.4613 lr=0.000797
  Epoch 4 [220/278] loss=0.4649 lr=0.000792
  Epoch 4 [240/278] loss=0.4713 lr=0.000786
  Epoch 4 [260/278] loss=0.4786 lr=0.000780
  CKPT: xAI/output/mae_run/checkpoints/phase1_epoch4.pt

--- Phase 1, Epoch 5 ---
  Epoch 5 [0/278] loss=0.4585 lr=0.000775
  VAL step=1400 val_loss=0.4223 auc_roc_mean=0.8126
  Epoch 5 [20/278] loss=0.4754 lr=0.000769
  Epoch 5 [40/278] loss=0.4630 lr=0.000763
  Epoch 5 [60/278] loss=0.4565 lr=0.000757
  Epoch 5 [80/278] loss=0.4629 lr=0.000751
  Epoch 5 [100/278] loss=0.4564 lr=0.000745
  VAL step=1500 val_loss=0.4206 auc_roc_mean=0.8137
  Epoch 5 [120/278] loss=0.4505 lr=0.000739
  Epoch 5 [140/278] loss=0.4764 lr=0.000733
  Epoch 5 [160/278] loss=0.4659 lr=0.000727
  Epoch 5 [180/278] loss=0.4688 lr=0.000720
  Epoch 5 [200/278] loss=0.4658 lr=0.000714
  VAL step=1600 val_loss=0.4197 auc_roc_mean=0.8148
  Epoch 5 [220/278] loss=0.5045 lr=0.000708
  Epoch 5 [240/278] loss=0.4805 lr=0.000701
  Epoch 5 [260/278] loss=0.4739 lr=0.000695
  CKPT: xAI/output/mae_run/checkpoints/phase1_epoch5.pt

--- Phase 1, Epoch 6 ---
  Epoch 6 [0/278] loss=0.4510 lr=0.000689
  Epoch 6 [20/278] loss=0.4917 lr=0.000683
  VAL step=1700 val_loss=0.4173 auc_roc_mean=0.8159
  Epoch 6 [40/278] loss=0.4617 lr=0.000676
  Epoch 6 [60/278] loss=0.4272 lr=0.000670
  Epoch 6 [80/278] loss=0.4417 lr=0.000663
  Epoch 6 [100/278] loss=0.4778 lr=0.000656
  Epoch 6 [120/278] loss=0.4824 lr=0.000650
  VAL step=1800 val_loss=0.4160 auc_roc_mean=0.8170
  Epoch 6 [140/278] loss=0.4677 lr=0.000643
  Epoch 6 [160/278] loss=0.4806 lr=0.000637
  Epoch 6 [180/278] loss=0.4581 lr=0.000630
  Epoch 6 [200/278] loss=0.4552 lr=0.000623
  Epoch 6 [220/278] loss=0.4559 lr=0.000617
  VAL step=1900 val_loss=0.4151 auc_roc_mean=0.8174
  Plateau (1/2) auc_roc improvement=0.0015
  Epoch 6 [240/278] loss=0.4557 lr=0.000610
  Epoch 6 [260/278] loss=0.4772 lr=0.000603
  CKPT: xAI/output/mae_run/checkpoints/phase1_epoch6.pt

--- Phase 1, Epoch 7 ---
  Epoch 7 [0/278] loss=0.4529 lr=0.000597
  Epoch 7 [20/278] loss=0.4514 lr=0.000590
  Epoch 7 [40/278] loss=0.5112 lr=0.000584
  VAL step=2000 val_loss=0.4140 auc_roc_mean=0.8182
  Plateau (2/2) auc_roc improvement=0.0012
  CKPT: xAI/output/mae_run/checkpoints/phase1_epoch7.pt

*** Phase 1 converged at epoch 7, step 2000 ***
  CKPT: xAI/output/mae_run/checkpoints/phase1_final.pt

PHASE_TRANSITION: step=2000 epoch=7 val_loss=0.4140 auc_roc_mean=0.8182

Phase 1 took 138.9 minutes

============================================================
PHASE 2: Full Model Unfrozen (Evolution)
============================================================
  Rebuilding train loader: batch_size 768 -> 384 for Phase 2
  All parameters unfrozen: 303,303,682 trainable
  CKPT: xAI/output/mae_run/checkpoints/phase2_start.pt

--- Phase 2, Epoch 8 (P2 epoch 0) ---
  [0/557] loss=0.4472 grad=1.0372 g_head=0.2653 g_last=0.2578 g_first=0.3267 lr=0.000000
  VAL step=2020 (p2_batch=20, freq=20) val_loss=0.4319 auc_roc_mean=0.8344
  [20/557] loss=0.5395 grad=4.0543 g_head=1.1821 g_last=2.5444 g_first=0.6505 lr=0.000000
  VAL step=2040 (p2_batch=40, freq=20) val_loss=0.3620 auc_roc_mean=0.8626
  [40/557] loss=0.4024 grad=2.0222 g_head=0.5360 g_last=1.1603 g_first=0.3797 lr=0.000000
  REPR: xAI/output/mae_run/representations/features_step002050.pt shape=(1000, 1024)
  VAL step=2060 (p2_batch=60, freq=20) val_loss=0.3201 auc_roc_mean=0.8807
  [60/557] loss=0.4515 grad=1.0633 g_head=0.1776 g_last=0.2468 g_first=0.2686 lr=0.000000
  VAL step=2080 (p2_batch=80, freq=20) val_loss=0.3047 auc_roc_mean=0.8879
  [80/557] loss=0.3958 grad=1.3439 g_head=0.3081 g_last=0.5694 g_first=0.2919 lr=0.000000
  VAL step=2100 (p2_batch=100, freq=20) val_loss=0.3065 auc_roc_mean=0.8917
  REPR: xAI/output/mae_run/representations/features_step002100.pt shape=(1000, 1024)
  [100/557] loss=0.3530 grad=2.6868 g_head=0.6780 g_last=1.5330 g_first=0.4727 lr=0.000000
  VAL step=2120 (p2_batch=120, freq=20) val_loss=0.2923 auc_roc_mean=0.8947
  [120/557] loss=0.3920 grad=1.5709 g_head=0.2527 g_last=0.5956 g_first=0.3485 lr=0.000000
  VAL step=2140 (p2_batch=140, freq=20) val_loss=0.2975 auc_roc_mean=0.8989
  [140/557] loss=0.3687 grad=1.9266 g_head=0.3950 g_last=0.9036 g_first=0.4189 lr=0.000000
  REPR: xAI/output/mae_run/representations/features_step002150.pt shape=(1000, 1024)
  VAL step=2160 (p2_batch=160, freq=20) val_loss=0.2800 auc_roc_mean=0.9023
  [160/557] loss=0.3731 grad=1.4634 g_head=0.3292 g_last=0.4582 g_first=0.4132 lr=0.000000
  VAL step=2180 (p2_batch=180, freq=20) val_loss=0.2783 auc_roc_mean=0.9046
  [180/557] loss=0.3843 grad=2.1227 g_head=0.4892 g_last=0.9426 g_first=0.4214 lr=0.000000
  VAL step=2200 (p2_batch=200, freq=20) val_loss=0.2757 auc_roc_mean=0.9063
  REPR: xAI/output/mae_run/representations/features_step002200.pt shape=(1000, 1024)
  [200/557] loss=0.3759 grad=1.2917 g_head=0.2398 g_last=0.2500 g_first=0.3216 lr=0.000000
  VAL step=2220 (p2_batch=220, freq=20) val_loss=0.2714 auc_roc_mean=0.9079
  [220/557] loss=0.3206 grad=1.3392 g_head=0.2491 g_last=0.2692 g_first=0.3249 lr=0.000000
  VAL step=2240 (p2_batch=240, freq=20) val_loss=0.2675 auc_roc_mean=0.9118
  CKPT: xAI/output/mae_run/checkpoints/phase2_step002240.pt
  [240/557] loss=0.3589 grad=1.2796 g_head=0.2624 g_last=0.3433 g_first=0.3331 lr=0.000000
  REPR: xAI/output/mae_run/representations/features_step002250.pt shape=(1000, 1024)
  VAL step=2260 (p2_batch=260, freq=20) val_loss=0.2731 auc_roc_mean=0.9115
  [260/557] loss=0.3558 grad=1.6773 g_head=0.3195 g_last=0.6914 g_first=0.3915 lr=0.000000
  VAL step=2280 (p2_batch=280, freq=20) val_loss=0.2688 auc_roc_mean=0.9134
  [280/557] loss=0.3865 grad=1.8689 g_head=0.3300 g_last=0.7652 g_first=0.4316 lr=0.000000
  VAL step=2300 (p2_batch=300, freq=20) val_loss=0.2659 auc_roc_mean=0.9153
  REPR: xAI/output/mae_run/representations/features_step002300.pt shape=(1000, 1024)
  [300/557] loss=0.3616 grad=1.3888 g_head=0.1522 g_last=0.3279 g_first=0.4370 lr=0.000000
  VAL step=2320 (p2_batch=320, freq=20) val_loss=0.2625 auc_roc_mean=0.9158
  [320/557] loss=0.3200 grad=1.1350 g_head=0.1378 g_last=0.2867 g_first=0.2825 lr=0.000000
  VAL step=2340 (p2_batch=340, freq=20) val_loss=0.2606 auc_roc_mean=0.9168
  [340/557] loss=0.3675 grad=1.8474 g_head=0.2557 g_last=0.5921 g_first=0.4066 lr=0.000000
  REPR: xAI/output/mae_run/representations/features_step002350.pt shape=(1000, 1024)
  VAL step=2360 (p2_batch=360, freq=20) val_loss=0.2596 auc_roc_mean=0.9167
  [360/557] loss=0.3211 grad=1.5697 g_head=0.2699 g_last=0.6249 g_first=0.3283 lr=0.000000
  VAL step=2380 (p2_batch=380, freq=20) val_loss=0.2562 auc_roc_mean=0.9189
  [380/557] loss=0.3538 grad=1.3396 g_head=0.1188 g_last=0.2178 g_first=0.3231 lr=0.000000
  VAL step=2400 (p2_batch=400, freq=20) val_loss=0.2533 auc_roc_mean=0.9196
  REPR: xAI/output/mae_run/representations/features_step002400.pt shape=(1000, 1024)
  [400/557] loss=0.3399 grad=1.1450 g_head=0.1691 g_last=0.2975 g_first=0.2713 lr=0.000000
  VAL step=2420 (p2_batch=420, freq=20) val_loss=0.2633 auc_roc_mean=0.9194
  [420/557] loss=0.3346 grad=1.7851 g_head=0.3843 g_last=0.8346 g_first=0.3471 lr=0.000000
  VAL step=2440 (p2_batch=440, freq=20) val_loss=0.2551 auc_roc_mean=0.9190
  [440/557] loss=0.3226 grad=1.3475 g_head=0.0862 g_last=0.1851 g_first=0.3497 lr=0.000000
  REPR: xAI/output/mae_run/representations/features_step002450.pt shape=(1000, 1024)
  VAL step=2460 (p2_batch=460, freq=20) val_loss=0.2609 auc_roc_mean=0.9192
  [460/557] loss=0.3641 grad=1.5997 g_head=0.3238 g_last=0.4591 g_first=0.3949 lr=0.000000
  VAL step=2480 (p2_batch=480, freq=20) val_loss=0.2531 auc_roc_mean=0.9213
  CKPT: xAI/output/mae_run/checkpoints/phase2_step002480.pt
  [480/557] loss=0.3208 grad=1.4349 g_head=0.4380 g_last=0.5233 g_first=0.3163 lr=0.000000
  VAL step=2500 (p2_batch=500, freq=20) val_loss=0.2511 auc_roc_mean=0.9223
  REPR: xAI/output/mae_run/representations/features_step002500.pt shape=(1000, 1024)
  [500/557] loss=0.3480 grad=1.3560 g_head=0.1234 g_last=0.2546 g_first=0.3827 lr=0.000000
  [520/557] loss=0.3075 grad=1.0842 g_head=0.0800 g_last=0.1576 g_first=0.2745 lr=0.000000
  [540/557] loss=0.3356 grad=2.1721 g_head=0.5228 g_last=1.1826 g_first=0.3797 lr=0.000000
  VAL step=2550 (p2_batch=550, freq=50) val_loss=0.2518 auc_roc_mean=0.9223
  CKPT: xAI/output/mae_run/checkpoints/phase2_epoch8.pt

--- Phase 2, Epoch 9 (P2 epoch 1) ---
  [0/557] loss=0.2857 grad=1.5918 g_head=0.3258 g_last=0.6179 g_first=0.3509 lr=0.000000
  [20/557] loss=0.3222 grad=1.0986 g_head=0.1235 g_last=0.2849 g_first=0.2582 lr=0.000000
  [40/557] loss=0.2747 grad=1.4542 g_head=0.2114 g_last=0.4238 g_first=0.3051 lr=0.000000
  VAL step=2600 (p2_batch=600, freq=50) val_loss=0.2465 auc_roc_mean=0.9257
  REPR: xAI/output/mae_run/representations/features_step002600.pt shape=(1000, 1024)
  [60/557] loss=0.3350 grad=1.4371 g_head=0.1844 g_last=0.4394 g_first=0.3341 lr=0.000000
  [80/557] loss=0.3149 grad=1.7114 g_head=0.3985 g_last=0.6335 g_first=0.3368 lr=0.000000
  VAL step=2650 (p2_batch=650, freq=50) val_loss=0.2478 auc_roc_mean=0.9273
  [100/557] loss=0.3701 grad=2.6734 g_head=0.5859 g_last=1.3267 g_first=0.4799 lr=0.000000
  [120/557] loss=0.2642 grad=1.2222 g_head=0.2292 g_last=0.5167 g_first=0.2609 lr=0.000000
  [140/557] loss=0.2807 grad=1.1274 g_head=0.0435 g_last=0.0782 g_first=0.3152 lr=0.000000
  VAL step=2700 (p2_batch=700, freq=50) val_loss=0.2389 auc_roc_mean=0.9306
  REPR: xAI/output/mae_run/representations/features_step002700.pt shape=(1000, 1024)
  [160/557] loss=0.3187 grad=1.3367 g_head=0.1645 g_last=0.2123 g_first=0.3392 lr=0.000000
  [180/557] loss=0.2825 grad=1.3861 g_head=0.2017 g_last=0.4058 g_first=0.3566 lr=0.000000
  VAL step=2750 (p2_batch=750, freq=50) val_loss=0.2405 auc_roc_mean=0.9315
  [200/557] loss=0.3008 grad=1.6144 g_head=0.2556 g_last=0.5544 g_first=0.3632 lr=0.000000
  [220/557] loss=0.3283 grad=1.2642 g_head=0.0278 g_last=0.0906 g_first=0.3261 lr=0.000000
  CKPT: xAI/output/mae_run/checkpoints/phase2_step002797.pt
  [240/557] loss=0.3020 grad=1.4923 g_head=0.3767 g_last=0.5671 g_first=0.3121 lr=0.000000
  VAL step=2800 (p2_batch=800, freq=50) val_loss=0.2351 auc_roc_mean=0.9329
  REPR: xAI/output/mae_run/representations/features_step002800.pt shape=(1000, 1024)
  [260/557] loss=0.3129 grad=1.5401 g_head=0.3078 g_last=0.6896 g_first=0.3588 lr=0.000000
  [280/557] loss=0.3598 grad=1.5269 g_head=0.3404 g_last=0.5905 g_first=0.3275 lr=0.000000
  VAL step=2850 (p2_batch=850, freq=50) val_loss=0.2439 auc_roc_mean=0.9317
  [300/557] loss=0.3409 grad=1.5997 g_head=0.2276 g_last=0.4713 g_first=0.3764 lr=0.000000
  [320/557] loss=0.3822 grad=2.3329 g_head=0.6005 g_last=1.4099 g_first=0.3893 lr=0.000000
  [340/557] loss=0.3261 grad=1.2321 g_head=0.1043 g_last=0.1358 g_first=0.3195 lr=0.000000
  VAL step=2900 (p2_batch=900, freq=50) val_loss=0.2326 auc_roc_mean=0.9321
  REPR: xAI/output/mae_run/representations/features_step002900.pt shape=(1000, 1024)
  [360/557] loss=0.3039 grad=1.5570 g_head=0.2410 g_last=0.5764 g_first=0.3599 lr=0.000000
  [380/557] loss=0.3102 grad=1.4180 g_head=0.2940 g_last=0.3532 g_first=0.3583 lr=0.000000
  VAL step=2950 (p2_batch=950, freq=50) val_loss=0.2318 auc_roc_mean=0.9344
  [400/557] loss=0.3116 grad=1.3559 g_head=0.1295 g_last=0.2437 g_first=0.4144 lr=0.000000
  [420/557] loss=0.3332 grad=1.9227 g_head=0.3839 g_last=0.9141 g_first=0.3981 lr=0.000000
  [440/557] loss=0.3182 grad=1.4543 g_head=0.1669 g_last=0.2009 g_first=0.5077 lr=0.000000
  VAL step=3000 (p2_batch=1000, freq=50) val_loss=0.2301 auc_roc_mean=0.9346
  REPR: xAI/output/mae_run/representations/features_step003000.pt shape=(1000, 1024)
  [460/557] loss=0.3046 grad=1.3907 g_head=0.0715 g_last=0.1796 g_first=0.3429 lr=0.000000
  CKPT: xAI/output/mae_run/checkpoints/phase2_step003037.pt
  [480/557] loss=0.3463 grad=1.6410 g_head=0.0543 g_last=0.1491 g_first=0.4750 lr=0.000000
  [500/557] loss=0.2861 grad=1.2265 g_head=0.1740 g_last=0.3417 g_first=0.3112 lr=0.000000
  [520/557] loss=0.2906 grad=1.2937 g_head=0.1112 g_last=0.2146 g_first=0.3204 lr=0.000000
  [540/557] loss=0.2979 grad=1.3498 g_head=0.0442 g_last=0.1259 g_first=0.3421 lr=0.000000
  VAL step=3100 (p2_batch=1100, freq=100) val_loss=0.2305 auc_roc_mean=0.9358
  CKPT: xAI/output/mae_run/checkpoints/phase2_epoch9.pt

--- Phase 2, Epoch 10 (P2 epoch 2) ---
  [0/557] loss=0.3228 grad=1.5516 g_head=0.1083 g_last=0.1494 g_first=0.6794 lr=0.000000
  [20/557] loss=0.3049 grad=1.2900 g_head=0.1723 g_last=0.3393 g_first=0.2870 lr=0.000000
  [40/557] loss=0.3343 grad=1.4232 g_head=0.1701 g_last=0.3707 g_first=0.3596 lr=0.000000
  [60/557] loss=0.3099 grad=1.5037 g_head=0.2812 g_last=0.5895 g_first=0.3343 lr=0.000000
  [80/557] loss=0.3114 grad=1.2271 g_head=0.1815 g_last=0.2008 g_first=0.3198 lr=0.000000
  VAL step=3200 (p2_batch=1200, freq=100) val_loss=0.2302 auc_roc_mean=0.9379
  [100/557] loss=0.3043 grad=1.9808 g_head=0.0780 g_last=0.1785 g_first=0.4355 lr=0.000000
  [120/557] loss=0.3663 grad=2.0495 g_head=0.4790 g_last=1.1454 g_first=0.3733 lr=0.000000
  [140/557] loss=0.2714 grad=1.9745 g_head=0.5660 g_last=1.1533 g_first=0.3216 lr=0.000000
  [160/557] loss=0.2731 grad=1.2175 g_head=0.0887 g_last=0.2002 g_first=0.3099 lr=0.000000
  [180/557] loss=0.2787 grad=1.2282 g_head=0.0886 g_last=0.1522 g_first=0.3081 lr=0.000000
  VAL step=3300 (p2_batch=1300, freq=100) val_loss=0.2260 auc_roc_mean=0.9381
  [200/557] loss=0.3467 grad=2.2382 g_head=0.5171 g_last=1.2189 g_first=0.4308 lr=0.000000
  [220/557] loss=0.3317 grad=1.5291 g_head=0.1376 g_last=0.3547 g_first=0.4111 lr=0.000000
  CKPT: xAI/output/mae_run/checkpoints/phase2_step003354.pt
  [240/557] loss=0.3598 grad=1.8495 g_head=0.2913 g_last=0.6219 g_first=0.4148 lr=0.000000
  [260/557] loss=0.3171 grad=1.5332 g_head=0.3079 g_last=0.7101 g_first=0.3307 lr=0.000000
  [280/557] loss=0.3120 grad=1.3017 g_head=0.1560 g_last=0.3727 g_first=0.2776 lr=0.000000
  VAL step=3400 (p2_batch=1400, freq=100) val_loss=0.2438 auc_roc_mean=0.9379
  [300/557] loss=0.3099 grad=2.0103 g_head=0.4759 g_last=1.0870 g_first=0.3878 lr=0.000000
  [320/557] loss=0.2674 grad=1.2754 g_head=0.2816 g_last=0.4846 g_first=0.3021 lr=0.000000
  [340/557] loss=0.3110 grad=1.2885 g_head=0.1772 g_last=0.1946 g_first=0.3196 lr=0.000000
  [360/557] loss=0.3080 grad=2.0010 g_head=0.3661 g_last=0.8124 g_first=0.3531 lr=0.000000
  [380/557] loss=0.3410 grad=2.6940 g_head=0.7502 g_last=1.6867 g_first=0.4179 lr=0.000000
  VAL step=3500 (p2_batch=1500, freq=100) val_loss=0.2234 auc_roc_mean=0.9405
  REPR: xAI/output/mae_run/representations/features_step003500.pt shape=(1000, 1024)
  [400/557] loss=0.3151 grad=1.6401 g_head=0.1296 g_last=0.1727 g_first=0.4406 lr=0.000000
  [420/557] loss=0.2984 grad=1.9193 g_head=0.3048 g_last=0.5984 g_first=0.4400 lr=0.000000
  [440/557] loss=0.2705 grad=1.2560 g_head=0.2056 g_last=0.2672 g_first=0.3171 lr=0.000000
  [460/557] loss=0.2872 grad=1.2931 g_head=0.2151 g_last=0.2383 g_first=0.3092 lr=0.000000
  CKPT: xAI/output/mae_run/checkpoints/phase2_step003594.pt
  [480/557] loss=0.3493 grad=1.5614 g_head=0.2494 g_last=0.5979 g_first=0.4556 lr=0.000000
  VAL step=3600 (p2_batch=1600, freq=100) val_loss=0.2222 auc_roc_mean=0.9411
  [500/557] loss=0.3416 grad=1.8106 g_head=0.2960 g_last=0.6630 g_first=0.3932 lr=0.000000
  [520/557] loss=0.2699 grad=1.2501 g_head=0.0781 g_last=0.1254 g_first=0.3066 lr=0.000000
  [540/557] loss=0.3014 grad=1.4433 g_head=0.2245 g_last=0.3743 g_first=0.3473 lr=0.000000
  CKPT: xAI/output/mae_run/checkpoints/phase2_epoch10.pt

--- Phase 2, Epoch 11 (P2 epoch 3) ---
  [0/557] loss=0.3267 grad=1.5042 g_head=0.1276 g_last=0.2840 g_first=0.3671 lr=0.000000
  [20/557] loss=0.3521 grad=1.7404 g_head=0.3875 g_last=0.8036 g_first=0.3513 lr=0.000000
  VAL step=3700 (p2_batch=1700, freq=100) val_loss=0.2233 auc_roc_mean=0.9407
  [40/557] loss=0.2981 grad=1.6035 g_head=0.3030 g_last=0.6826 g_first=0.3805 lr=0.000000
  [60/557] loss=0.3200 grad=1.1927 g_head=0.0709 g_last=0.1107 g_first=0.3082 lr=0.000000
  [80/557] loss=0.2954 grad=1.2928 g_head=0.2010 g_last=0.3614 g_first=0.3232 lr=0.000000
  [100/557] loss=0.3417 grad=1.6051 g_head=0.2190 g_last=0.4916 g_first=0.3752 lr=0.000000
  [120/557] loss=0.2732 grad=1.6313 g_head=0.2896 g_last=0.6654 g_first=0.3654 lr=0.000000
  VAL step=3800 (p2_batch=1800, freq=100) val_loss=0.2226 auc_roc_mean=0.9398
  [140/557] loss=0.2767 grad=1.4761 g_head=0.1415 g_last=0.3300 g_first=0.3481 lr=0.000000
  [160/557] loss=0.3044 grad=1.4994 g_head=0.1093 g_last=0.2844 g_first=0.3805 lr=0.000000
  [180/557] loss=0.2438 grad=1.2546 g_head=0.1137 g_last=0.2392 g_first=0.3023 lr=0.000000
  [200/557] loss=0.2942 grad=1.4451 g_head=0.2430 g_last=0.5790 g_first=0.3225 lr=0.000000
  [220/557] loss=0.2726 grad=1.2951 g_head=0.1640 g_last=0.3643 g_first=0.3152 lr=0.000000
  VAL step=3900 (p2_batch=1900, freq=100) val_loss=0.2236 auc_roc_mean=0.9407
  CKPT: xAI/output/mae_run/checkpoints/phase2_step003911.pt
  [240/557] loss=0.3163 grad=1.5550 g_head=0.2216 g_last=0.5188 g_first=0.3579 lr=0.000000
  [260/557] loss=0.3305 grad=1.4070 g_head=0.1304 g_last=0.1632 g_first=0.3431 lr=0.000000
  [280/557] loss=0.2797 grad=1.2634 g_head=0.2085 g_last=0.3857 g_first=0.2861 lr=0.000000
  [300/557] loss=0.3239 grad=1.8904 g_head=0.4174 g_last=0.9799 g_first=0.3372 lr=0.000000
  [320/557] loss=0.2754 grad=1.3009 g_head=0.1521 g_last=0.2974 g_first=0.3099 lr=0.000000
  VAL step=4000 (p2_batch=2000, freq=100) val_loss=0.2224 auc_roc_mean=0.9417
  REPR: xAI/output/mae_run/representations/features_step004000.pt shape=(1000, 1024)
  [340/557] loss=0.2693 grad=1.3711 g_head=0.0985 g_last=0.2194 g_first=0.3302 lr=0.000000
  [360/557] loss=0.2956 grad=1.8137 g_head=0.4362 g_last=1.0023 g_first=0.3335 lr=0.000000
  [380/557] loss=0.2663 grad=1.5680 g_head=0.1977 g_last=0.4759 g_first=0.3739 lr=0.000000
  [400/557] loss=0.3078 grad=1.3431 g_head=0.2388 g_last=0.3144 g_first=0.3217 lr=0.000000
  [420/557] loss=0.3018 grad=2.2331 g_head=0.4955 g_last=1.1471 g_first=0.4193 lr=0.000000
  VAL step=4100 (p2_batch=2100, freq=100) val_loss=0.2165 auc_roc_mean=0.9440
  [440/557] loss=0.3107 grad=1.1094 g_head=0.1072 g_last=0.2354 g_first=0.2820 lr=0.000000
  [460/557] loss=0.3041 grad=1.2968 g_head=0.3462 g_last=0.4031 g_first=0.2742 lr=0.000000
  CKPT: xAI/output/mae_run/checkpoints/phase2_step004151.pt
  [480/557] loss=0.3235 grad=1.6337 g_head=0.1839 g_last=0.2099 g_first=0.3618 lr=0.000000
  [500/557] loss=0.2800 grad=1.4746 g_head=0.1582 g_last=0.1817 g_first=0.3742 lr=0.000000
  [520/557] loss=0.2543 grad=1.7470 g_head=0.3609 g_last=0.8477 g_first=0.3418 lr=0.000000
  VAL step=4200 (p2_batch=2200, freq=100) val_loss=0.2159 auc_roc_mean=0.9437
  [540/557] loss=0.2837 grad=1.4576 g_head=0.1679 g_last=0.4073 g_first=0.4399 lr=0.000000
  CKPT: xAI/output/mae_run/checkpoints/phase2_epoch11.pt

--- Phase 2, Epoch 12 (P2 epoch 4) ---
  [0/557] loss=0.2754 grad=1.2673 g_head=0.0375 g_last=0.0817 g_first=0.3429 lr=0.000000
  [20/557] loss=0.3168 grad=1.7687 g_head=0.3084 g_last=0.7431 g_first=0.4350 lr=0.000000
  [40/557] loss=0.2780 grad=1.6334 g_head=0.2251 g_last=0.2869 g_first=0.4153 lr=0.000000
  [60/557] loss=0.3157 grad=1.4808 g_head=0.1675 g_last=0.3884 g_first=0.3205 lr=0.000000
  VAL step=4300 (p2_batch=2300, freq=100) val_loss=0.2171 auc_roc_mean=0.9454
  [80/557] loss=0.2892 grad=1.3953 g_head=0.0708 g_last=0.1284 g_first=0.3544 lr=0.000000
  [100/557] loss=0.2829 grad=1.6081 g_head=0.2814 g_last=0.3780 g_first=0.4665 lr=0.000000
  [120/557] loss=0.2437 grad=1.2206 g_head=0.2338 g_last=0.4467 g_first=0.2782 lr=0.000000
  [140/557] loss=0.2840 grad=1.3512 g_head=0.1095 g_last=0.1437 g_first=0.3049 lr=0.000000
  [160/557] loss=0.2831 grad=1.3941 g_head=0.1775 g_last=0.3797 g_first=0.3492 lr=0.000000
  VAL step=4400 (p2_batch=2400, freq=100) val_loss=0.2159 auc_roc_mean=0.9453
  [180/557] loss=0.2819 grad=1.2758 g_head=0.0714 g_last=0.1123 g_first=0.3693 lr=0.000000
  [200/557] loss=0.2639 grad=1.4766 g_head=0.1436 g_last=0.2207 g_first=0.3533 lr=0.000000
  [220/557] loss=0.2646 grad=1.2865 g_head=0.2422 g_last=0.4313 g_first=0.3474 lr=0.000000
  CKPT: xAI/output/mae_run/checkpoints/phase2_step004468.pt
  [240/557] loss=0.3012 grad=1.6461 g_head=0.1993 g_last=0.4287 g_first=0.3775 lr=0.000000
  [260/557] loss=0.2633 grad=1.7733 g_head=0.2930 g_last=0.7138 g_first=0.3550 lr=0.000000
  VAL step=4500 (p2_batch=2500, freq=100) val_loss=0.2151 auc_roc_mean=0.9454
  REPR: xAI/output/mae_run/representations/features_step004500.pt shape=(1000, 1024)
  [280/557] loss=0.2914 grad=1.6021 g_head=0.2840 g_last=0.6535 g_first=0.4031 lr=0.000000
  [300/557] loss=0.2982 grad=1.5102 g_head=0.1969 g_last=0.4655 g_first=0.3218 lr=0.000000
  [320/557] loss=0.3159 grad=1.5086 g_head=0.2000 g_last=0.4748 g_first=0.4475 lr=0.000000
  [340/557] loss=0.2797 grad=1.9964 g_head=0.4106 g_last=0.9720 g_first=0.4908 lr=0.000000
  [360/557] loss=0.3166 grad=1.3237 g_head=0.2305 g_last=0.2497 g_first=0.3391 lr=0.000000
  VAL step=4600 (p2_batch=2600, freq=100) val_loss=0.2132 auc_roc_mean=0.9462
  [380/557] loss=0.2909 grad=1.2773 g_head=0.0720 g_last=0.1647 g_first=0.3144 lr=0.000000
  [400/557] loss=0.2546 grad=1.4469 g_head=0.0417 g_last=0.0965 g_first=0.3931 lr=0.000000
  [420/557] loss=0.2855 grad=1.5339 g_head=0.1952 g_last=0.4619 g_first=0.3455 lr=0.000000
  [440/557] loss=0.2690 grad=1.1862 g_head=0.1059 g_last=0.1685 g_first=0.3191 lr=0.000000
  [460/557] loss=0.2573 grad=1.3103 g_head=0.0348 g_last=0.0909 g_first=0.3328 lr=0.000000
  VAL step=4700 (p2_batch=2700, freq=100) val_loss=0.2157 auc_roc_mean=0.9458
  CKPT: xAI/output/mae_run/checkpoints/phase2_step004708.pt
  [480/557] loss=0.3157 grad=1.4918 g_head=0.1404 g_last=0.3123 g_first=0.4109 lr=0.000000
  [500/557] loss=0.2792 grad=1.6216 g_head=0.3108 g_last=0.6849 g_first=0.3435 lr=0.000000
  [520/557] loss=0.2893 grad=1.1717 g_head=0.0811 g_last=0.1835 g_first=0.3289 lr=0.000000
  [540/557] loss=0.2390 grad=1.3637 g_head=0.2531 g_last=0.5270 g_first=0.3323 lr=0.000000
  CKPT: xAI/output/mae_run/checkpoints/phase2_epoch12.pt

--- Phase 2, Epoch 13 (P2 epoch 5) ---
  [0/557] loss=0.2859 grad=1.3415 g_head=0.0255 g_last=0.0987 g_first=0.3472 lr=0.000000
  VAL step=4800 (p2_batch=2800, freq=100) val_loss=0.2126 auc_roc_mean=0.9472
  [20/557] loss=0.2744 grad=1.4537 g_head=0.2137 g_last=0.2683 g_first=0.3731 lr=0.000000
  [40/557] loss=0.2842 grad=1.4850 g_head=0.2523 g_last=0.5977 g_first=0.3646 lr=0.000000
  [60/557] loss=0.2298 grad=1.2768 g_head=0.1878 g_last=0.3139 g_first=0.3212 lr=0.000000
  [80/557] loss=0.2727 grad=1.6365 g_head=0.1511 g_last=0.3815 g_first=0.3745 lr=0.000000
  [100/557] loss=0.2686 grad=1.6964 g_head=0.4392 g_last=0.9027 g_first=0.3325 lr=0.000000
  VAL step=4900 (p2_batch=2900, freq=100) val_loss=0.2122 auc_roc_mean=0.9470
  [120/557] loss=0.2888 grad=1.8593 g_head=0.3629 g_last=0.7650 g_first=0.4201 lr=0.000000
  [140/557] loss=0.2855 grad=1.3962 g_head=0.1076 g_last=0.2529 g_first=0.4587 lr=0.000000
  [160/557] loss=0.3146 grad=1.5375 g_head=0.1489 g_last=0.1981 g_first=0.3988 lr=0.000000
  [180/557] loss=0.2726 grad=1.3930 g_head=0.1775 g_last=0.4278 g_first=0.3588 lr=0.000000
  [200/557] loss=0.2688 grad=1.2422 g_head=0.0740 g_last=0.1720 g_first=0.3202 lr=0.000000
  VAL step=5000 (p2_batch=3000, freq=100) val_loss=0.2117 auc_roc_mean=0.9476
  REPR: xAI/output/mae_run/representations/features_step005000.pt shape=(1000, 1024)
  [220/557] loss=0.2211 grad=1.3983 g_head=0.2034 g_last=0.4778 g_first=0.3121 lr=0.000000
  CKPT: xAI/output/mae_run/checkpoints/phase2_step005025.pt
  [240/557] loss=0.2692 grad=1.6535 g_head=0.2920 g_last=0.6911 g_first=0.3567 lr=0.000000
  [260/557] loss=0.2504 grad=1.1991 g_head=0.1313 g_last=0.2787 g_first=0.2896 lr=0.000000
  [280/557] loss=0.2697 grad=1.4385 g_head=0.1600 g_last=0.2339 g_first=0.3461 lr=0.000000
  [300/557] loss=0.2467 grad=1.3355 g_head=0.1585 g_last=0.3706 g_first=0.3160 lr=0.000000
  VAL step=5100 (p2_batch=3100, freq=100) val_loss=0.2101 auc_roc_mean=0.9479
  [320/557] loss=0.2844 grad=1.7174 g_head=0.2714 g_last=0.6586 g_first=0.3810 lr=0.000000
  [340/557] loss=0.3031 grad=1.6982 g_head=0.1866 g_last=0.3411 g_first=0.4078 lr=0.000000
  [360/557] loss=0.2540 grad=1.2592 g_head=0.1792 g_last=0.2598 g_first=0.2965 lr=0.000000
  [380/557] loss=0.2708 grad=1.6334 g_head=0.2077 g_last=0.4740 g_first=0.4666 lr=0.000000
  [400/557] loss=0.2452 grad=1.2439 g_head=0.0750 g_last=0.1916 g_first=0.3198 lr=0.000000
  VAL step=5200 (p2_batch=3200, freq=100) val_loss=0.2097 auc_roc_mean=0.9480
  [420/557] loss=0.2446 grad=1.2825 g_head=0.0921 g_last=0.2358 g_first=0.2876 lr=0.000000
  [440/557] loss=0.3077 grad=1.4151 g_head=0.0966 g_last=0.2051 g_first=0.3969 lr=0.000000
  [460/557] loss=0.2380 grad=1.5532 g_head=0.1426 g_last=0.2321 g_first=0.3911 lr=0.000000
  CKPT: xAI/output/mae_run/checkpoints/phase2_step005265.pt
  [480/557] loss=0.2723 grad=1.5005 g_head=0.1455 g_last=0.2809 g_first=0.3696 lr=0.000000
  [500/557] loss=0.3176 grad=1.4604 g_head=0.1774 g_last=0.3549 g_first=0.3494 lr=0.000000
  VAL step=5300 (p2_batch=3300, freq=100) val_loss=0.2098 auc_roc_mean=0.9481
  [520/557] loss=0.3324 grad=1.5473 g_head=0.1447 g_last=0.1858 g_first=0.3700 lr=0.000000
  [540/557] loss=0.2966 grad=1.7446 g_head=0.3444 g_last=0.8050 g_first=0.3792 lr=0.000000
  CKPT: xAI/output/mae_run/checkpoints/phase2_epoch13.pt

--- Phase 2, Epoch 14 (P2 epoch 6) ---
  [0/557] loss=0.2851 grad=1.4316 g_head=0.1597 g_last=0.2869 g_first=0.3595 lr=0.000000
  [20/557] loss=0.2712 grad=1.5161 g_head=0.2159 g_last=0.4704 g_first=0.3707 lr=0.000000
  [40/557] loss=0.3139 grad=1.9981 g_head=0.4043 g_last=0.9513 g_first=0.4004 lr=0.000000
  VAL step=5400 (p2_batch=3400, freq=100) val_loss=0.2097 auc_roc_mean=0.9479
  [60/557] loss=0.2778 grad=1.5164 g_head=0.1373 g_last=0.3202 g_first=0.3747 lr=0.000000
  [80/557] loss=0.2614 grad=2.0140 g_head=0.4142 g_last=0.9694 g_first=0.4067 lr=0.000000
  [100/557] loss=0.2371 grad=1.1317 g_head=0.1386 g_last=0.2392 g_first=0.2915 lr=0.000000
  [120/557] loss=0.2746 grad=1.3487 g_head=0.0845 g_last=0.1121 g_first=0.3356 lr=0.000000
  [140/557] loss=0.2940 grad=1.3669 g_head=0.0527 g_last=0.1171 g_first=0.3586 lr=0.000000
  VAL step=5500 (p2_batch=3500, freq=100) val_loss=0.2090 auc_roc_mean=0.9482
  REPR: xAI/output/mae_run/representations/features_step005500.pt shape=(1000, 1024)
  [160/557] loss=0.2625 grad=1.4024 g_head=0.2664 g_last=0.5375 g_first=0.3115 lr=0.000000
  [180/557] loss=0.2598 grad=1.3756 g_head=0.0210 g_last=0.0845 g_first=0.3399 lr=0.000000
  [200/557] loss=0.2737 grad=1.3211 g_head=0.0727 g_last=0.1786 g_first=0.3947 lr=0.000000
  [220/557] loss=0.2878 grad=1.7913 g_head=0.2638 g_last=0.5952 g_first=0.3971 lr=0.000000
  [240/557] loss=0.2421 grad=1.1842 g_head=0.0961 g_last=0.2000 g_first=0.2835 lr=0.000000
  VAL step=5600 (p2_batch=3600, freq=100) val_loss=0.2092 auc_roc_mean=0.9483
  [260/557] loss=0.2795 grad=1.3017 g_head=0.1106 g_last=0.2050 g_first=0.3301 lr=0.000000
  [280/557] loss=0.3089 grad=1.4832 g_head=0.1958 g_last=0.3796 g_first=0.3645 lr=0.000000
  [300/557] loss=0.2474 grad=1.1751 g_head=0.1200 g_last=0.2688 g_first=0.2838 lr=0.000000
  [320/557] loss=0.2467 grad=1.1002 g_head=0.0608 g_last=0.1300 g_first=0.2638 lr=0.000000
  [340/557] loss=0.2847 grad=1.3400 g_head=0.0737 g_last=0.1224 g_first=0.3543 lr=0.000000
  VAL step=5700 (p2_batch=3700, freq=100) val_loss=0.2094 auc_roc_mean=0.9483
  [360/557] loss=0.2772 grad=1.4786 g_head=0.1527 g_last=0.3645 g_first=0.3657 lr=0.000000
  [380/557] loss=0.2574 grad=1.2418 g_head=0.0750 g_last=0.1322 g_first=0.3230 lr=0.000000
  [400/557] loss=0.2570 grad=1.3796 g_head=0.1530 g_last=0.3105 g_first=0.3270 lr=0.000000
  [420/557] loss=0.2730 grad=1.6183 g_head=0.1667 g_last=0.3961 g_first=0.4117 lr=0.000000
  [440/557] loss=0.2301 grad=1.2110 g_head=0.1279 g_last=0.2431 g_first=0.2865 lr=0.000000
  VAL step=5800 (p2_batch=3800, freq=100) val_loss=0.2093 auc_roc_mean=0.9483
  [460/557] loss=0.2588 grad=1.4605 g_head=0.1806 g_last=0.3392 g_first=0.3388 lr=0.000000
  [480/557] loss=0.2742 grad=1.3735 g_head=0.0333 g_last=0.1054 g_first=0.3457 lr=0.000000
  CKPT: xAI/output/mae_run/checkpoints/phase2_step005842.pt
  [500/557] loss=0.2707 grad=1.4233 g_head=0.0712 g_last=0.1771 g_first=0.3516 lr=0.000000
  [520/557] loss=0.2841 grad=1.4024 g_head=0.1262 g_last=0.2937 g_first=0.3551 lr=0.000000
  [540/557] loss=0.2738 grad=1.5575 g_head=0.1383 g_last=0.3418 g_first=0.5136 lr=0.000000
  CKPT: xAI/output/mae_run/checkpoints/phase2_epoch14.pt

Phase 2 took 402.2 minutes

============================================================
TRAINING COMPLETE
============================================================
  Total time: 541.1 minutes
  Total steps: 5899
  Phase 1 ended at epoch 7
  Output: xAI/output/mae_run
Done: Tue Mar 17 06:51:56 AM EDT 2026
